 game

 Timestamp is 61a29394 (Sat Nov 27 22:22:44 2021)

 Preferred load address is 0000000140000000

 Start         Length     Name                   Class
 0001:00000000 00009930H .text                   CODE
 0001:00009930 00060a30H .text$mn                CODE
 0001:0006a360 00001040H .text$mn$00             CODE
 0001:0006b3a0 00001c36H .text$x                 CODE
 0002:00000000 00000110H .CRT$XCA                DATA
 0002:00000110 00000110H .CRT$XCAA               DATA
 0002:00000220 00000110H .CRT$XCZ                DATA
 0002:00000330 00000110H .CRT$XIA                DATA
 0002:00000440 00000110H .CRT$XIAA               DATA
 0002:00000550 00000110H .CRT$XIAC               DATA
 0002:00000660 00000140H .CRT$XIC                DATA
 0002:000007a0 00000110H .CRT$XIZ                DATA
 0002:000008b0 00000110H .CRT$XPA                DATA
 0002:000009c0 00000120H .CRT$XPX                DATA
 0002:00000ae0 00000110H .CRT$XPXA               DATA
 0002:00000bf0 00000110H .CRT$XPZ                DATA
 0002:00000d00 00000110H .CRT$XTA                DATA
 0002:00000e10 00000110H .CRT$XTZ                DATA
 0002:00000f20 0000cf60H .rdata                  DATA
 0002:0000de80 00000200H .rdata$CastGuardVftablesA DATA
 0002:0000e080 000001a0H .rdata$CastGuardVftablesC DATA
 0002:0000e220 0000060cH .rdata$r                DATA
 0002:0000e82c 0000015cH .rdata$zzzdbg           DATA
 0002:0000e988 00000110H .rtc$IAA                DATA
 0002:0000ea98 00000110H .rtc$IZZ                DATA
 0002:0000eba8 00000110H .rtc$TAA                DATA
 0002:0000ecb8 00000110H .rtc$TZZ                DATA
 0002:0000edc8 000063e8H .xdata                  DATA
 0002:000151b0 00000196H .xdata$x                DATA
 0002:00015346 00000000H .edata                  DATA
 0003:00000000 00000db0H .data                   DATA
 0003:00000db0 00000190H .data$r                 DATA
 0003:00000f40 00000230H .data$rs                DATA
 0003:00001170 00002051H .bss                    DATA
 0004:00000000 00004f2cH .pdata                  DATA
 0005:00000000 00000488H .idata$5                DATA
 0005:00000488 00000028H .idata$2                DATA
 0005:000004b0 00000018H .idata$3                DATA
 0005:000004c8 00000488H .idata$4                DATA
 0005:00000950 00000986H .idata$6                DATA
 0006:00000000 00000163H .00cfg                  DATA
 0007:00000000 00000232H _RDATA                  DATA

  Address         Publics by Value              Rva+Base               Lib:Object

 0000:00000000       ___safe_se_handler_count   0000000000000000     <absolute>
 0000:00000000       __guard_longjmp_count      0000000000000000     <absolute>
 0000:00000000       __guard_eh_cont_table      0000000000000000     <absolute>
 0000:00000000       __x64_code_ranges_to_entry_points_count 0000000000000000     <absolute>
 0000:00000000       __arm64x_extra_rfe_table   0000000000000000     <absolute>
 0000:00000000       __hybrid_auxiliary_iat     0000000000000000     <absolute>
 0000:00000000       __guard_iat_table          0000000000000000     <absolute>
 0000:00000000       __arm64x_native_entrypoint 0000000000000000     <absolute>
 0000:00000000       __arm64x_extra_rfe_table_size 0000000000000000     <absolute>
 0000:00000000       __volatile_metadata        0000000000000000     <absolute>
 0000:00000000       __guard_fids_count         0000000000000000     <absolute>
 0000:00000000       __guard_longjmp_table      0000000000000000     <absolute>
 0000:00000000       __guard_check_icall_a64n_fptr 0000000000000000     <absolute>
 0000:00000000       __arm64x_redirection_metadata 0000000000000000     <absolute>
 0000:00000000       __arm64x_redirection_metadata_count 0000000000000000     <absolute>
 0000:00000000       __hybrid_auxiliary_iat_copy 0000000000000000     <absolute>
 0000:00000000       __dynamic_value_reloc_table 0000000000000000     <absolute>
 0000:00000000       __hybrid_code_map_count    0000000000000000     <absolute>
 0000:00000000       __guard_fids_table         0000000000000000     <absolute>
 0000:00000000       __guard_iat_count          0000000000000000     <absolute>
 0000:00000000       __hybrid_code_map          0000000000000000     <absolute>
 0000:00000000       __AbsoluteZero             0000000000000000     <absolute>
 0000:00000000       __guard_eh_cont_count      0000000000000000     <absolute>
 0000:00000000       __x64_code_ranges_to_entry_points 0000000000000000     <absolute>
 0000:00000000       ___safe_se_handler_table   0000000000000000     <absolute>
 0000:00000000       __enclave_config           0000000000000000     <absolute>
 0000:00000100       __guard_flags              0000000000000100     <absolute>
 0000:00000000       __ImageBase                0000000140000000     <linker-defined>
 0001:00005ec0       scale_vector               0000000140006ec0 f   main-3ad31c.o
 0001:00005f00       GameUpdateAndRenderStub    0000000140006f00 f   main-3ad31c.o
 0001:00005f30       GetAtlasRect               0000000140006f30 f   main-3ad31c.o
 0001:00006030       ToNextLine                 0000000140007030 f   main-3ad31c.o
 0001:00006070       ParseVATFile               0000000140007070 f   main-3ad31c.o
 0001:00006260       OnResize                   0000000140007260 f   main-3ad31c.o
 0001:000062c0       LoadDLL                    00000001400072c0 f   main-3ad31c.o
 0001:00006480       main                       0000000140007480 f   main-3ad31c.o
 0001:00009930       vstd_strcat                000000014000a930 f   Vipoc:Vipoc.dll
 0001:00009936       vp_log                     000000014000a936 f   Vipoc:Vipoc.dll
 0001:0000993c       vp_init                    000000014000a93c f   Vipoc:Vipoc.dll
 0001:00009942       platform_get_absolute_path 000000014000a942 f   Vipoc:Vipoc.dll
 0001:00009948       platform_allocate_memory_chunk 000000014000a948 f   Vipoc:Vipoc.dll
 0001:0000994e       platform_read_entire_file  000000014000a94e f   Vipoc:Vipoc.dll
 0001:00009954       vp_load_texture            000000014000a954 f   Vipoc:Vipoc.dll
 0001:0000995a       vp_parse_font_fnt          000000014000a95a f   Vipoc:Vipoc.dll
 0001:00009960       vp_load_text_atlas         000000014000a960 f   Vipoc:Vipoc.dll
 0001:00009966       platform_get_frequency     000000014000a966 f   Vipoc:Vipoc.dll
 0001:0000996c       platform_get_perf_counter  000000014000a96c f   Vipoc:Vipoc.dll
 0001:00009972       vp_is_keydown              000000014000a972 f   Vipoc:Vipoc.dll
 0001:00009978       vp_handle_messages         000000014000a978 f   Vipoc:Vipoc.dll
 0001:0000997e       vp_render_pushback         000000014000a97e f   Vipoc:Vipoc.dll
 0001:00009984       _vstd_sPrintf              000000014000a984 f   Vipoc:Vipoc.dll
 0001:0000998a       vp_draw_text               000000014000a98a f   Vipoc:Vipoc.dll
 0001:00009990       vp_present                 000000014000a990 f   Vipoc:Vipoc.dll
 0001:000099b0       __chkstk                   000000014000a9b0 f   libcmt:chkstk.obj
 0001:000099b0       _alloca_probe              000000014000a9b0 f   libcmt:chkstk.obj
 0001:00009d24       ?configure_argv@__scrt_narrow_argv_policy@@SAHXZ 000000014000ad24 f i libcmt:exe_main.obj
 0001:00009d40       ?initialize_environment@__scrt_narrow_environment_policy@@SAHXZ 000000014000ad40 f i libcmt:exe_main.obj
 0001:00009d8c       ?set_app_type@__scrt_main_policy@@SAXXZ 000000014000ad8c f i libcmt:exe_main.obj
 0001:00009d98       ?set_commode@__scrt_file_policy@@SAXXZ 000000014000ad98 f i libcmt:exe_main.obj
 0001:00009db8       ?set_fmode@__scrt_file_policy@@SAXXZ 000000014000adb8 f i libcmt:exe_main.obj
 0001:00009dd4       mainCRTStartup             000000014000add4 f   libcmt:exe_main.obj
 0001:00009e84       NtCurrentTeb               000000014000ae84 f i libcmt:utility.obj
 0001:00009e90       __scrt_acquire_startup_lock 000000014000ae90 f   libcmt:utility.obj
 0001:00009ed8       __scrt_dllmain_after_initialize_c 000000014000aed8 f   libcmt:utility.obj
 0001:00009f1c       __scrt_dllmain_before_initialize_c 000000014000af1c f   libcmt:utility.obj
 0001:00009f38       __scrt_dllmain_crt_thread_attach 000000014000af38 f   libcmt:utility.obj
 0001:00009f6c       __scrt_dllmain_crt_thread_detach 000000014000af6c f   libcmt:utility.obj
 0001:00009f88       __scrt_dllmain_exception_filter 000000014000af88 f   libcmt:utility.obj
 0001:0000a000       __scrt_dllmain_uninitialize_c 000000014000b000 f   libcmt:utility.obj
 0001:0000a03c       __scrt_dllmain_uninitialize_critical 000000014000b03c f   libcmt:utility.obj
 0001:0000a058       __scrt_initialize_crt      000000014000b058 f   libcmt:utility.obj
 0001:0000a0b4       __scrt_initialize_onexit_tables 000000014000b0b4 f   libcmt:utility.obj
 0001:0000a164       __scrt_is_nonwritable_in_current_image 000000014000b164 f   libcmt:utility.obj
 0001:0000a224       __scrt_release_startup_lock 000000014000b224 f   libcmt:utility.obj
 0001:0000a254       __scrt_uninitialize_crt    000000014000b254 f   libcmt:utility.obj
 0001:0000a288       _onexit                    000000014000b288 f   libcmt:utility.obj
 0001:0000a2d0       at_quick_exit              000000014000b2d0 f   libcmt:utility.obj
 0001:0000a2f4       atexit                     000000014000b2f4 f   libcmt:utility.obj
 0001:0000a398       __security_init_cookie     000000014000b398 f   libcmt:gs_support.obj
 0001:0000a470       _matherr                   000000014000b470 f   libcmt:matherr.obj
 0001:0000a474       _get_startup_argv_mode     000000014000b474 f   libcmt:argv_mode.obj
 0001:0000a47c       _get_startup_commit_mode   000000014000b47c f   libcmt:commit_mode.obj
 0001:0000a480       _get_startup_file_mode     000000014000b480 f   libcmt:file_mode.obj
 0001:0000a488       _get_startup_new_mode      000000014000b488 f   libcmt:new_mode.obj
 0001:0000a48c       _get_startup_thread_locale_mode 000000014000b48c f   libcmt:thread_locale.obj
 0001:0000a490       ?__scrt_initialize_type_info@@YAXXZ 000000014000b490 f   libcmt:tncleanup.obj
 0001:0000a4a4       ?__scrt_uninitialize_type_info@@YAXXZ 000000014000b4a4 f   libcmt:tncleanup.obj
 0001:0000a4b4       _should_initialize_environment 000000014000b4b4 f   libcmt:env_mode.obj
 0001:0000a4b8       _initialize_invalid_parameter_handler 000000014000b4b8 f   libcmt:invalid_parameter_handler.obj
 0001:0000a4bc       _initialize_denormal_control 000000014000b4bc f   libcmt:denormal_control.obj
 0001:0000a4c0       __local_stdio_printf_options 000000014000b4c0 f i libcmt:default_local_stdio_options.obj
 0001:0000a4cc       __local_stdio_scanf_options 000000014000b4cc f i libcmt:default_local_stdio_options.obj
 0001:0000a4d8       __scrt_initialize_default_local_stdio_options 000000014000b4d8 f   libcmt:default_local_stdio_options.obj
 0001:0000a4fc       __scrt_is_user_matherr_present 000000014000b4fc f   libcmt:matherr_detection.obj
 0001:0000a50c       __scrt_get_dyn_tls_init_callback 000000014000b50c f   libcmt:dyn_tls_init.obj
 0001:0000a518       __scrt_get_dyn_tls_dtor_callback 000000014000b518 f   libcmt:dyn_tls_dtor.obj
 0001:0000a524       __crt_debugger_hook        000000014000b524 f   libcmt:utility_desktop.obj
 0001:0000a530       __scrt_fastfail            000000014000b530 f   libcmt:utility_desktop.obj
 0001:0000a6d0       __scrt_get_show_window_mode 000000014000b6d0 f   libcmt:utility_desktop.obj
 0001:0000a718       __scrt_initialize_mta      000000014000b718 f   libcmt:utility_desktop.obj
 0001:0000a720       __scrt_initialize_winrt    000000014000b720 f   libcmt:utility_desktop.obj
 0001:0000a724       __scrt_is_managed_app      000000014000b724 f   libcmt:utility_desktop.obj
 0001:0000a78c       __scrt_set_unhandled_exception_filter 000000014000b78c f   libcmt:utility_desktop.obj
 0001:0000a7a0       __scrt_exe_initialize_mta  000000014000b7a0 f   libcmt:utility_desktop.obj
 0001:0000a7a0       __scrt_stub_for_initialize_mta 000000014000b7a0 f   libcmt:utility_desktop.obj
 0001:0000a7a4       __scrt_unhandled_exception_filter 000000014000b7a4 f   libcmt:utility_desktop.obj
 0001:0000a818       _RTC_Initialize            000000014000b818 f   libcmt:initsect.obj
 0001:0000a864       _RTC_Terminate             000000014000b864 f   libcmt:initsect.obj
 0001:0000a8b0       _guard_check_icall_nop     000000014000b8b0 f i libcmt:guard_support.obj
 0001:0000a8b4       ReadNoFence64              000000014000b8b4 f i libcmt:guard_support.obj
 0001:0000a8b8       ReadPointerNoFence         000000014000b8b8 f i libcmt:guard_support.obj
 0001:0000a8bc       __castguard_check_failure_debugbreak 000000014000b8bc f i libcmt:guard_support.obj
 0001:0000a8e0       __castguard_check_failure_fastfail 000000014000b8e0 f i libcmt:guard_support.obj
 0001:0000a90c       __castguard_check_failure_nop 000000014000b90c f i libcmt:guard_support.obj
 0001:0000a910       __castguard_check_failure_os_handled 000000014000b910 f i libcmt:guard_support.obj
 0001:0000a9a4       __castguard_slow_path_check_debugbreak 000000014000b9a4 f i libcmt:guard_support.obj
 0001:0000a9e8       __castguard_slow_path_check_fastfail 000000014000b9e8 f i libcmt:guard_support.obj
 0001:0000aa30       __castguard_slow_path_check_nop 000000014000ba30 f i libcmt:guard_support.obj
 0001:0000aa34       __castguard_slow_path_check_os_handled 000000014000ba34 f i libcmt:guard_support.obj
 0001:0000aabc       _guard_icall_checks_enforced 000000014000babc f i libcmt:guard_support.obj
 0001:0000aad8       _guard_rf_checks_enforced  000000014000bad8 f i libcmt:guard_support.obj
 0001:0000aadc       __isa_available_init       000000014000badc f   libcmt:cpu_disp.obj
 0001:0000ace8       __scrt_is_ucrt_dll_in_use  000000014000bce8 f   libcmt:ucrt_detection.obj
 0001:0000ad00       CopyFileA                  000000014000bd00 f   kernel32:KERNEL32.dll
 0001:0000ad06       LoadLibraryA               000000014000bd06 f   kernel32:KERNEL32.dll
 0001:0000ad0c       GetProcAddress             000000014000bd0c f   kernel32:KERNEL32.dll
 0001:0000ad12       FreeLibrary                000000014000bd12 f   kernel32:KERNEL32.dll
 0001:0000ad18       QueryPerformanceCounter    000000014000bd18 f   kernel32:KERNEL32.dll
 0001:0000ad1e       GetCurrentProcessId        000000014000bd1e f   kernel32:KERNEL32.dll
 0001:0000ad24       GetCurrentThreadId         000000014000bd24 f   kernel32:KERNEL32.dll
 0001:0000ad2a       GetSystemTimeAsFileTime    000000014000bd2a f   kernel32:KERNEL32.dll
 0001:0000ad30       InitializeSListHead        000000014000bd30 f   kernel32:KERNEL32.dll
 0001:0000ad36       RtlCaptureContext          000000014000bd36 f   kernel32:KERNEL32.dll
 0001:0000ad3c       RtlLookupFunctionEntry     000000014000bd3c f   kernel32:KERNEL32.dll
 0001:0000ad42       RtlVirtualUnwind           000000014000bd42 f   kernel32:KERNEL32.dll
 0001:0000ad48       IsDebuggerPresent          000000014000bd48 f   kernel32:KERNEL32.dll
 0001:0000ad4e       UnhandledExceptionFilter   000000014000bd4e f   kernel32:KERNEL32.dll
 0001:0000ad54       SetUnhandledExceptionFilter 000000014000bd54 f   kernel32:KERNEL32.dll
 0001:0000ad5a       GetStartupInfoW            000000014000bd5a f   kernel32:KERNEL32.dll
 0001:0000ad60       IsProcessorFeaturePresent  000000014000bd60 f   kernel32:KERNEL32.dll
 0001:0000ad66       GetModuleHandleW           000000014000bd66 f   kernel32:KERNEL32.dll
 0001:0000ad80       memset_repmovs             000000014000bd80 f   libvcruntime:memset.obj
 0001:0000ada0       memset                     000000014000bda0 f   libvcruntime:memset.obj
 0001:0000afb0       memcpy_repmovs             000000014000bfb0 f   libvcruntime:memcpy.obj
 0001:0000afd0       memmove                    000000014000bfd0 f   libvcruntime:memcpy.obj
 0001:0000afd0       memcpy                     000000014000bfd0 f   libvcruntime:memcpy.obj
 0001:0000b7f0       __C_specific_handler       000000014000c7f0 f   libvcruntime:riscchandler.obj
 0001:0000ba64       __vcrt_initialize          000000014000ca64 f   libvcruntime:initialization.obj
 0001:0000ba98       __vcrt_thread_attach       000000014000ca98 f   libvcruntime:initialization.obj
 0001:0000bab4       __vcrt_thread_detach       000000014000cab4 f   libvcruntime:initialization.obj
 0001:0000bacc       __vcrt_uninitialize        000000014000cacc f   libvcruntime:initialization.obj
 0001:0000baec       __vcrt_uninitialize_critical 000000014000caec f   libvcruntime:initialization.obj
 0001:0000bb14       ??$?RD@__crt_internal_free_policy@@QEBAXQEBD@Z 000000014000cb14 f i libvcruntime:std_type_info.obj
 0001:0000bb20       ??$?RX@__crt_internal_free_policy@@QEBAXQEBX@Z 000000014000cb20 f i libvcruntime:std_type_info.obj
 0001:0000bb2c       ??$__crt_interlocked_compare_exchange_pointer@$$CBDPEAD$$T@@YAPEBDPEDSEBDQEAD$$T@Z 000000014000cb2c f i libvcruntime:std_type_info.obj
 0001:0000bb38       ??$__crt_interlocked_read_pointer@$$CBD@@YAPEBDPEDSEBD@Z 000000014000cb38 f i libvcruntime:std_type_info.obj
 0001:0000bb40       ??0?$__crt_unique_heap_ptr@DU__crt_internal_free_policy@@@@QEAA@QEAD@Z 000000014000cb40 f i libvcruntime:std_type_info.obj
 0001:0000bb48       ??0?$__crt_unique_heap_ptr@XU__crt_internal_free_policy@@@@QEAA@QEAX@Z 000000014000cb48 f i libvcruntime:std_type_info.obj
 0001:0000bb50       ??1?$__crt_unique_heap_ptr@DU__crt_internal_free_policy@@@@QEAA@XZ 000000014000cb50 f i libvcruntime:std_type_info.obj
 0001:0000bb74       ??1?$__crt_unique_heap_ptr@XU__crt_internal_free_policy@@@@QEAA@XZ 000000014000cb74 f i libvcruntime:std_type_info.obj
 0001:0000bb98       ??B?$__crt_unique_heap_ptr@DU__crt_internal_free_policy@@@@QEBA_NXZ 000000014000cb98 f i libvcruntime:std_type_info.obj
 0001:0000bba4       ??B?$__crt_unique_heap_ptr@XU__crt_internal_free_policy@@@@QEBA_NXZ 000000014000cba4 f i libvcruntime:std_type_info.obj
 0001:0000bbe0       ?__crt_interlocked_read_64@@YA_JPED_J@Z 000000014000cbe0 f i libvcruntime:std_type_info.obj
 0001:0000bbe8       ?detach@?$__crt_unique_heap_ptr@XU__crt_internal_free_policy@@@@QEAAPEAXXZ 000000014000cbe8 f i libvcruntime:std_type_info.obj
 0001:0000bbf4       ?get@?$__crt_unique_heap_ptr@DU__crt_internal_free_policy@@@@QEBAPEADXZ 000000014000cbf4 f i libvcruntime:std_type_info.obj
 0001:0000bbf8       ?get@?$__crt_unique_heap_ptr@XU__crt_internal_free_policy@@@@QEBAPEAXXZ 000000014000cbf8 f i libvcruntime:std_type_info.obj
 0001:0000bbfc       ?is_valid@?$__crt_unique_heap_ptr@DU__crt_internal_free_policy@@@@QEBA_NXZ 000000014000cbfc f i libvcruntime:std_type_info.obj
 0001:0000bc08       ?is_valid@?$__crt_unique_heap_ptr@XU__crt_internal_free_policy@@@@QEBA_NXZ 000000014000cc08 f i libvcruntime:std_type_info.obj
 0001:0000bc14       ?release@?$__crt_unique_heap_ptr@DU__crt_internal_free_policy@@@@QEAAXXZ 000000014000cc14 f i libvcruntime:std_type_info.obj
 0001:0000bc38       ?release@?$__crt_unique_heap_ptr@XU__crt_internal_free_policy@@@@QEAAXXZ 000000014000cc38 f i libvcruntime:std_type_info.obj
 0001:0000bc5c       __std_type_info_compare    000000014000cc5c f   libvcruntime:std_type_info.obj
 0001:0000bc8c       __std_type_info_destroy_list 000000014000cc8c f   libvcruntime:std_type_info.obj
 0001:0000bcc0       __std_type_info_hash       000000014000ccc0 f   libvcruntime:std_type_info.obj
 0001:0000bd08       __std_type_info_name       000000014000cd08 f   libvcruntime:std_type_info.obj
 0001:0000be68       __DestructExceptionObject  000000014000ce68 f   libvcruntime:ehhelpers.obj
 0001:0000bef0       ?_CallMemberFunction0@@YAXQEAX0@Z 000000014000cef0 f i libvcruntime:ehhelpers.obj
 0001:0000bf64       ?raw_name@type_info@@QEBAPEBDXZ 000000014000cf64 f i libvcruntime:ehhelpers.obj
 0001:0000bf6c       _IsExceptionObjectToBeDestroyed 000000014000cf6c f   libvcruntime:ehhelpers.obj
 0001:0000bfa8       _SetWinRTOutOfMemoryExceptionCallback 000000014000cfa8 f   libvcruntime:ehhelpers.obj
 0001:0000bfb4       __AdjustPointer            000000014000cfb4 f   libvcruntime:ehhelpers.obj
 0001:0000bfe0       __FrameUnwindFilter        000000014000cfe0 f   libvcruntime:ehhelpers.obj
 0001:0000c060       __GetPlatformExceptionInfo 000000014000d060 f   libvcruntime:ehhelpers.obj
 0001:0000c0d4       __current_exception        000000014000d0d4 f   libvcruntime:ehhelpers.obj
 0001:0000c0ec       __current_exception_context 000000014000d0ec f   libvcruntime:ehhelpers.obj
 0001:0000c104       __processing_throw         000000014000d104 f   libvcruntime:ehhelpers.obj
 0001:0000c11c       __std_terminate            000000014000d11c f   libvcruntime:ehhelpers.obj
 0001:0000c128       _is_exception_typeof       000000014000d128 f   libvcruntime:ehhelpers.obj
 0001:0000c210       _NLG_Notify                000000014000d210 f   libvcruntime:notify.obj
 0001:0000c230       __NLG_Dispatch2            000000014000d230 f   libvcruntime:notify.obj
 0001:0000c240       __NLG_Return2              000000014000d240 f   libvcruntime:notify.obj
 0001:0000c25c       __except_validate_context_record 000000014000d25c f   libvcruntime:jbcxrval.obj
 0001:0000c2a0       __except_validate_jump_buffer 000000014000d2a0 f   libvcruntime:jbcxrval.obj
 0001:0000c2f0       __except_validate_jump_buffer_common 000000014000d2f0 f i libvcruntime:jbcxrval.obj
 0001:0000c364       ??$?RU__vcrt_ptd@@@__crt_internal_free_policy@@QEBAXQEBU__vcrt_ptd@@@Z 000000014000d364 f i libvcruntime:per_thread_data.obj
 0001:0000c370       ??0?$__crt_unique_heap_ptr@U__vcrt_ptd@@U__crt_internal_free_policy@@@@QEAA@QEAU__vcrt_ptd@@@Z 000000014000d370 f i libvcruntime:per_thread_data.obj
 0001:0000c398       ??1?$__crt_unique_heap_ptr@U__vcrt_ptd@@U__crt_internal_free_policy@@@@QEAA@XZ 000000014000d398 f i libvcruntime:per_thread_data.obj
 0001:0000c3c8       ??B?$__crt_unique_heap_ptr@U__vcrt_ptd@@U__crt_internal_free_policy@@@@QEBA_NXZ 000000014000d3c8 f i libvcruntime:per_thread_data.obj
 0001:0000c3d4       ?detach@?$__crt_unique_heap_ptr@U__vcrt_ptd@@U__crt_internal_free_policy@@@@QEAAPEAU__vcrt_ptd@@XZ 000000014000d3d4 f i libvcruntime:per_thread_data.obj
 0001:0000c3e0       ?get@?$__crt_unique_heap_ptr@U__vcrt_ptd@@U__crt_internal_free_policy@@@@QEBAPEAU__vcrt_ptd@@XZ 000000014000d3e0 f i libvcruntime:per_thread_data.obj
 0001:0000c3e4       ?is_valid@?$__crt_unique_heap_ptr@U__vcrt_ptd@@U__crt_internal_free_policy@@@@QEBA_NXZ 000000014000d3e4 f i libvcruntime:per_thread_data.obj
 0001:0000c3f0       ?release@?$__crt_unique_heap_ptr@U__vcrt_ptd@@U__crt_internal_free_policy@@@@QEAAXXZ 000000014000d3f0 f i libvcruntime:per_thread_data.obj
 0001:0000c448       __vcrt_freefls             000000014000d448 f   libvcruntime:per_thread_data.obj
 0001:0000c470       __vcrt_freeptd             000000014000d470 f   libvcruntime:per_thread_data.obj
 0001:0000c4d0       __vcrt_getptd              000000014000d4d0 f   libvcruntime:per_thread_data.obj
 0001:0000c4f0       __vcrt_getptd_noexit       000000014000d4f0 f   libvcruntime:per_thread_data.obj
 0001:0000c5e0       __vcrt_getptd_noinit       000000014000d5e0 f   libvcruntime:per_thread_data.obj
 0001:0000c640       __vcrt_initialize_ptd      000000014000d640 f   libvcruntime:per_thread_data.obj
 0001:0000c698       __vcrt_uninitialize_ptd    000000014000d698 f   libvcruntime:per_thread_data.obj
 0001:0000c6c4       __vcrt_initialize_locks    000000014000d6c4 f   libvcruntime:locks.obj
 0001:0000c71c       __vcrt_lock                000000014000d71c f   libvcruntime:locks.obj
 0001:0000c73c       __vcrt_uninitialize_locks  000000014000d73c f   libvcruntime:locks.obj
 0001:0000c780       __vcrt_unlock              000000014000d780 f   libvcruntime:locks.obj
 0001:0000c7a0       ??$?0$00@DName@@QEAA@PEBDU?$StringLifeSelector@$00@@@Z 000000014000d7a0 f i libvcruntime:undname.obj
 0001:0000c7f0       ??$?0$00@pcharNode@@QEAA@PEBDHU?$StringLifeSelector@$00@@@Z 000000014000d7f0 f i libvcruntime:undname.obj
 0001:0000c80c       ??$?0$01@DName@@QEAA@PEBDU?$StringLifeSelector@$01@@@Z 000000014000d80c f i libvcruntime:undname.obj
 0001:0000c85c       ??$?0$01@pcharNode@@QEAA@PEBDHU?$StringLifeSelector@$01@@@Z 000000014000d85c f i libvcruntime:undname.obj
 0001:0000c8ec       ??$?0$0A@@DName@@QEAA@PEBDU?$StringLifeSelector@$0A@@@@Z 000000014000d8ec f i libvcruntime:undname.obj
 0001:0000c93c       ??$?0$0A@@pcharNode@@QEAA@PEBDHU?$StringLifeSelector@$0A@@@@Z 000000014000d93c f i libvcruntime:undname.obj
 0001:0000c9cc       ??$?0_K$0A@@?$optional@_K@std@@QEAA@$$QEA_K@Z 000000014000d9cc f i libvcruntime:undname.obj
 0001:0000c9e0       ??$?0_K@?$_Optional_construct_base@_K@std@@QEAA@Uin_place_t@1@$$QEA_K@Z 000000014000d9e0 f i libvcruntime:undname.obj
 0001:0000c9f4       ??$?0_K@?$_Optional_destruct_base@_K$00@std@@QEAA@Uin_place_t@1@$$QEA_K@Z 000000014000d9f4 f i libvcruntime:undname.obj
 0001:0000ca08       ??$append@VDNameNode@@@DName@@AEAAXPEBVDNameNode@@@Z 000000014000da08 f i libvcruntime:undname.obj
 0001:0000ca84       ??$append@VDNameStatusNode@@@DName@@AEAAXPEBVDNameStatusNode@@@Z 000000014000da84 f i libvcruntime:undname.obj
 0001:0000cb00       ??$append@VcharNode@@@DName@@AEAAXPEBVcharNode@@@Z 000000014000db00 f i libvcruntime:undname.obj
 0001:0000cb7c       ??$append@VpDNameNode@@@DName@@AEAAXPEBVpDNameNode@@@Z 000000014000db7c f i libvcruntime:undname.obj
 0001:0000cbf8       ??$append@VpcharNode@@@DName@@AEAAXPEBVpcharNode@@@Z 000000014000dbf8 f i libvcruntime:undname.obj
 0001:0000cc74       ??$doPchar@$00@DName@@AEAAXPEBDH@Z 000000014000dc74 f i libvcruntime:undname.obj
 0001:0000cd40       ??$doPchar@$01@DName@@AEAAXPEBDH@Z 000000014000dd40 f i libvcruntime:undname.obj
 0001:0000cdfc       ??$doPchar@$0A@@DName@@AEAAXPEBDH@Z 000000014000ddfc f i libvcruntime:undname.obj
 0001:0000ceb8       ??$forward@_K@std@@YA$$QEA_KAEA_K@Z 000000014000deb8 f i libvcruntime:undname.obj
 0001:0000cebc       ??$size@D$04@std@@YA_KAEAY04$$CBD@Z 000000014000debc f i libvcruntime:undname.obj
 0001:0000cec4       ??$size@D$0EB@@std@@YA_KAEAY0EB@$$CBD@Z 000000014000dec4 f i libvcruntime:undname.obj
 0001:0000cecc       ??0?$_Optional_construct_base@_K@std@@QEAA@XZ 000000014000decc f i libvcruntime:undname.obj
 0001:0000ced8       ??0?$_Optional_destruct_base@_K$00@std@@QEAA@XZ 000000014000ded8 f i libvcruntime:undname.obj
 0001:0000cee4       ??0?$optional@_K@std@@QEAA@XZ 000000014000dee4 f i libvcruntime:undname.obj
 0001:0000cef0       ??0Block@_HeapManager@@QEAA@XZ 000000014000def0 f i libvcruntime:undname.obj
 0001:0000cefc       ??0DName@@QEAA@AEAPEBDD@Z  000000014000defc f   libvcruntime:undname.obj
 0001:0000cfd8       ??0DName@@QEAA@AEBUStringLiteral@@@Z 000000014000dfd8 f   libvcruntime:undname.obj
 0001:0000d010       ??0DName@@QEAA@AEBV0@@Z    000000014000e010 f i libvcruntime:undname.obj
 0001:0000d024       ??0DName@@QEAA@D@Z         000000014000e024 f   libvcruntime:undname.obj
 0001:0000d04c       ??0DName@@QEAA@PEAV0@@Z    000000014000e04c f   libvcruntime:undname.obj
 0001:0000d0f0       ??0DName@@QEAA@W4DNameStatus@@@Z 000000014000e0f0 f   libvcruntime:undname.obj
 0001:0000d128       ??0DName@@QEAA@XZ          000000014000e128 f i libvcruntime:undname.obj
 0001:0000d138       ??0DName@@QEAA@_J@Z        000000014000e138 f   libvcruntime:undname.obj
 0001:0000d208       ??0DName@@QEAA@_K@Z        000000014000e208 f   libvcruntime:undname.obj
 0001:0000d2b4       ??0DNameNode@@IEAA@XZ      000000014000e2b4 f i libvcruntime:undname.obj
 0001:0000d2c8       ??0Replicator@@QEAA@XZ     000000014000e2c8 f i libvcruntime:undname.obj
 0001:0000d2dc       ??0UnDecorator@@QEAA@PEBDP6APEADJ@ZK@Z 000000014000e2dc f i libvcruntime:undname.obj
 0001:0000d340       ??0_Nontrivial_dummy_type@std@@QEAA@XZ 000000014000e340 f i libvcruntime:undname.obj
 0001:0000d344       ??0charNode@@QEAA@D@Z      000000014000e344 f i libvcruntime:undname.obj
 0001:0000d35c       ??0pDNameNode@@QEAA@PEAVDName@@@Z 000000014000e35c f   libvcruntime:undname.obj
 0001:0000d38c       ??0pairNode@@QEAA@PEBVDNameNode@@0@Z 000000014000e38c f i libvcruntime:undname.obj
 0001:0000d3b4       ??2@YAPEAX_KAEAV_HeapManager@@H@Z 000000014000e3b4 f   libvcruntime:undname.obj
 0001:0000d3e8       ??4DName@@QEAAAEAV0@AEBUStringLiteral@@@Z 000000014000e3e8 f   libvcruntime:undname.obj
 0001:0000d418       ??4DName@@QEAAAEAV0@AEBV0@@Z 000000014000e418 f   libvcruntime:undname.obj
 0001:0000d42c       ??4DName@@QEAAAEAV0@D@Z    000000014000e42c f i libvcruntime:undname.obj
 0001:0000d454       ??4DName@@QEAAAEAV0@PEAV0@@Z 000000014000e454 f   libvcruntime:undname.obj
 0001:0000d4e8       ??4DName@@QEAAAEAV0@W4DNameStatus@@@Z 000000014000e4e8 f   libvcruntime:undname.obj
 0001:0000d524       ??AReplicator@@QEBA?AVDName@@H@Z 000000014000e524 f   libvcruntime:undname.obj
 0001:0000d574       ??B?$optional@_K@std@@QEBA_NXZ 000000014000e574 f i libvcruntime:undname.obj
 0001:0000d578       ??D?$optional@_K@std@@QEGAAAEA_KXZ 000000014000e578 f i libvcruntime:undname.obj
 0001:0000d57c       ??H@YA?AVDName@@AEBUStringLiteral@@AEBV0@@Z 000000014000e57c f i libvcruntime:undname.obj
 0001:0000d5c0       ??H@YA?AVDName@@DAEBV0@@Z  000000014000e5c0 f i libvcruntime:undname.obj
 0001:0000d614       ??H@YA?AVDName@@W4DNameStatus@@AEBV0@@Z 000000014000e614 f i libvcruntime:undname.obj
 0001:0000d670       ??HDName@@QEBA?AV0@AEBUStringLiteral@@@Z 000000014000e670 f   libvcruntime:undname.obj
 0001:0000d6a4       ??HDName@@QEBA?AV0@AEBV0@@Z 000000014000e6a4 f   libvcruntime:undname.obj
 0001:0000d6d8       ??HDName@@QEBA?AV0@D@Z     000000014000e6d8 f   libvcruntime:undname.obj
 0001:0000d70c       ??HDName@@QEBA?AV0@PEAV0@@Z 000000014000e70c f   libvcruntime:undname.obj
 0001:0000d740       ??HDName@@QEBA?AV0@W4DNameStatus@@@Z 000000014000e740 f   libvcruntime:undname.obj
 0001:0000d774       ??HStringLiteral@@QEBA?AU0@H@Z 000000014000e774 f i libvcruntime:undname.obj
 0001:0000d790       ??YDName@@QEAAAEAV0@AEBUStringLiteral@@@Z 000000014000e790 f   libvcruntime:undname.obj
 0001:0000d830       ??YDName@@QEAAAEAV0@AEBV0@@Z 000000014000e830 f   libvcruntime:undname.obj
 0001:0000d8a0       ??YDName@@QEAAAEAV0@D@Z    000000014000e8a0 f   libvcruntime:undname.obj
 0001:0000d928       ??YDName@@QEAAAEAV0@PEAV0@@Z 000000014000e928 f   libvcruntime:undname.obj
 0001:0000d9e0       ??YDName@@QEAAAEAV0@W4DNameStatus@@@Z 000000014000e9e0 f   libvcruntime:undname.obj
 0001:0000da4c       ??YReplicator@@QEAAAEAV0@AEBVDName@@@Z 000000014000ea4c f   libvcruntime:undname.obj
 0001:0000dabc       ??_5DName@@QEAAAEAV0@AEBV0@@Z 000000014000eabc f   libvcruntime:undname.obj
 0001:0000dad8       ??__K_l@@YA?AUStringLiteral@@PEBD_K@Z 000000014000ead8 f i libvcruntime:undname.obj
 0001:0000dae8       ?Constructor@_HeapManager@@QEAAXP6APEAX_K@ZP6AXPEAX@Z@Z 000000014000eae8 f i libvcruntime:undname.obj
 0001:0000db04       ?Destructor@_HeapManager@@QEAAXXZ 000000014000eb04 f i libvcruntime:undname.obj
 0001:0000db60       ?UScore@UnDecorator@@SA?AUStringLiteral@@W4Tokens@@@Z 000000014000eb60 f   libvcruntime:undname.obj
 0001:0000dbc0       ?composeDeclaration@UnDecorator@@CA?AVDName@@AEBV2@@Z 000000014000ebc0 f i libvcruntime:undname.obj
 0001:0000edfc       ?doAccessSpecifiers@UnDecorator@@SAHXZ 000000014000fdfc f i libvcruntime:undname.obj
 0001:0000ee10       ?doAllocationLanguage@UnDecorator@@SAHXZ 000000014000fe10 f i libvcruntime:undname.obj
 0001:0000ee24       ?doAllocationModel@UnDecorator@@SAHXZ 000000014000fe24 f i libvcruntime:undname.obj
 0001:0000ee38       ?doEcsu@UnDecorator@@SAHXZ 000000014000fe38 f i libvcruntime:undname.obj
 0001:0000ee4c       ?doEllipsis@UnDecorator@@SAHXZ 000000014000fe4c f i libvcruntime:undname.obj
 0001:0000ee60       ?doFunctionReturns@UnDecorator@@SAHXZ 000000014000fe60 f i libvcruntime:undname.obj
 0001:0000ee74       ?doMSKeywords@UnDecorator@@SAHXZ 000000014000fe74 f i libvcruntime:undname.obj
 0001:0000ee88       ?doMemberTypes@UnDecorator@@SAHXZ 000000014000fe88 f i libvcruntime:undname.obj
 0001:0000ee9c       ?doNameOnly@UnDecorator@@SAHXZ 000000014000fe9c f i libvcruntime:undname.obj
 0001:0000eeac       ?doNoIdentCharCheck@UnDecorator@@SAHXZ 000000014000feac f i libvcruntime:undname.obj
 0001:0000eebc       ?doPchar@DName@@AEAAXD@Z   000000014000febc f   libvcruntime:undname.obj
 0001:0000ef20       ?doPtr64@UnDecorator@@SAHXZ 000000014000ff20 f i libvcruntime:undname.obj
 0001:0000ef34       ?doRestrictionSpec@UnDecorator@@SAHXZ 000000014000ff34 f i libvcruntime:undname.obj
 0001:0000ef48       ?doThisTypes@UnDecorator@@SAHXZ 000000014000ff48 f i libvcruntime:undname.obj
 0001:0000ef60       ?doThrowTypes@UnDecorator@@SAHXZ 000000014000ff60 f i libvcruntime:undname.obj
 0001:0000ef74       ?doTypeOnly@UnDecorator@@SAHXZ 000000014000ff74 f i libvcruntime:undname.obj
 0001:0000ef84       ?doUnderScore@UnDecorator@@SAHXZ 000000014000ff84 f i libvcruntime:undname.obj
 0001:0000ef94       ?getAddressOf@UnDecorator@@CA?AVDName@@XZ 000000014000ff94 f   libvcruntime:undname.obj
 0001:0000f048       ?getArgumentList@UnDecorator@@CA?AVDName@@XZ 0000000140010048 f   libvcruntime:undname.obj
 0001:0000f22c       ?getArgumentTypes@UnDecorator@@CA?AVDName@@XZ 000000014001022c f   libvcruntime:undname.obj
 0001:0000f3cc       ?getArrayAccess@UnDecorator@@CA?AVDName@@XZ 00000001400103cc f   libvcruntime:undname.obj
 0001:0000f48c       ?getArrayObject@UnDecorator@@CA?AVDName@@XZ 000000014001048c f   libvcruntime:undname.obj
 0001:0000f574       ?getArrayType@UnDecorator@@CA?AVDName@@AEBV2@@Z 0000000140010574 f i libvcruntime:undname.obj
 0001:0000f84c       ?getBasedType@UnDecorator@@CA?AVDName@@XZ 000000014001084c f   libvcruntime:undname.obj
 0001:0000f980       ?getBasicDataType@UnDecorator@@CA?AVDName@@AEBV2@@Z 0000000140010980 f   libvcruntime:undname.obj
 0001:00010088       ?getCHPEName@UnDecorator@@QEAAPEADPEADH@Z 0000000140011088 f i libvcruntime:undname.obj
 0001:000101ec       ?getCallIndex@UnDecorator@@CA?AVDName@@XZ 00000001400111ec f i libvcruntime:undname.obj
 0001:0001020c       ?getCallingConvention@UnDecorator@@CA?AVDName@@XZ 000000014001120c f   libvcruntime:undname.obj
 0001:000103ac       ?getDataIndirectType@UnDecorator@@CA?AVDName@@AEBV2@W4IndirectionKind@@0H@Z 00000001400113ac f   libvcruntime:undname.obj
 0001:00010ea0       ?getDataIndirectType@UnDecorator@@CA?AVDName@@XZ 0000000140011ea0 f i libvcruntime:undname.obj
 0001:00010ee8       ?getDataType@UnDecorator@@CA?AVDName@@PEAV2@@Z 0000000140011ee8 f   libvcruntime:undname.obj
 0001:00011040       ?getDecoratedName@UnDecorator@@CA?AVDName@@XZ 0000000140012040 f   libvcruntime:undname.obj
 0001:000113e0       ?getDimension@UnDecorator@@CA?AVDName@@_N@Z 00000001400123e0 f   libvcruntime:undname.obj
 0001:0001157c       ?getDispatchTarget@UnDecorator@@CA?AVDName@@XZ 000000014001257c f   libvcruntime:undname.obj
 0001:000115dc       ?getDisplacement@UnDecorator@@CA?AVDName@@XZ 00000001400125dc f i libvcruntime:undname.obj
 0001:000115fc       ?getECSUDataType@UnDecorator@@CA?AVDName@@XZ 00000001400125fc f   libvcruntime:undname.obj
 0001:00011854       ?getECSUName@UnDecorator@@CA?AVDName@@XZ 0000000140012854 f i libvcruntime:undname.obj
 0001:00011870       ?getEnumType@UnDecorator@@CA?AVDName@@XZ 0000000140012870 f i libvcruntime:undname.obj
 0001:000119ec       ?getExtendedDataIndirectType@UnDecorator@@CA?AVDName@@AEAW4IndirectionKind@@AEA_NH@Z 00000001400129ec f   libvcruntime:undname.obj
 0001:00011c70       ?getExternalDataType@UnDecorator@@CA?AVDName@@AEBV2@@Z 0000000140012c70 f i libvcruntime:undname.obj
 0001:00011d60       ?getFloatingPoint@UnDecorator@@CA?AVDName@@H@Z 0000000140012d60 f   libvcruntime:undname.obj
 0001:00011ed0       ?getFunctionIndirectType@UnDecorator@@CA?AVDName@@AEBV2@@Z 0000000140012ed0 f   libvcruntime:undname.obj
 0001:0001253c       ?getGuardNumber@UnDecorator@@CA?AVDName@@XZ 000000014001353c f i libvcruntime:undname.obj
 0001:0001255c       ?getLastChar@DName@@QEBADXZ 000000014001355c f i libvcruntime:undname.obj
 0001:0001257c       ?getLastChar@DNameStatusNode@@UEBADXZ 000000014001357c f i libvcruntime:undname.obj
 0001:0001258c       ?getLastChar@charNode@@UEBADXZ 000000014001358c f i libvcruntime:undname.obj
 0001:00012590       ?getLastChar@pDNameNode@@UEBADXZ 0000000140013590 f i libvcruntime:undname.obj
 0001:000125c4       ?getLastChar@pairNode@@UEBADXZ 00000001400135c4 f i libvcruntime:undname.obj
 0001:00012608       ?getLastChar@pcharNode@@UEBADXZ 0000000140013608 f i libvcruntime:undname.obj
 0001:00012624       ?getLexicalFrame@UnDecorator@@CA?AVDName@@XZ 0000000140013624 f i libvcruntime:undname.obj
 0001:000126a0       ?getMemberAccess@UnDecorator@@CA?AVDName@@XZ 00000001400136a0 f   libvcruntime:undname.obj
 0001:00012758       ?getMemoryWithBuffer@_HeapManager@@QEAAPEAX_K@Z 0000000140013758 f   libvcruntime:undname.obj
 0001:0001280c       ?getMemoryWithoutBuffer@_HeapManager@@QEAAPEAX_K@Z 000000014001380c f   libvcruntime:undname.obj
 0001:00012824       ?getNoexcept@UnDecorator@@CA?AVDName@@XZ 0000000140013824 f   libvcruntime:undname.obj
 0001:000128a0       ?getNumberOfDimensions@UnDecorator@@CAHXZ 00000001400138a0 f   libvcruntime:undname.obj
 0001:00012924       ?getOperatorName@UnDecorator@@CA?AVDName@@_NPEA_N@Z 0000000140013924 f i libvcruntime:undname.obj
 0001:000135b0       ?getPointerToMember@UnDecorator@@CA?AVDName@@XZ 00000001400145b0 f   libvcruntime:undname.obj
 0001:000136e4       ?getPointerType@UnDecorator@@CA?AVDName@@AEBV2@0@Z 00000001400146e4 f i libvcruntime:undname.obj
 0001:00013708       ?getPointerTypeArray@UnDecorator@@CA?AVDName@@AEBV2@0@Z 0000000140014708 f i libvcruntime:undname.obj
 0001:00013728       ?getPrimaryDataType@UnDecorator@@CA?AVDName@@AEBV2@@Z 0000000140014728 f   libvcruntime:undname.obj
 0001:00013a90       ?getPtrRefDataType@UnDecorator@@CA?AVDName@@AEBV2@H@Z 0000000140014a90 f   libvcruntime:undname.obj
 0001:00013cd0       ?getPtrRefType@UnDecorator@@CA?AVDName@@AEBV2@0W4IndirectionKind@@@Z 0000000140014cd0 f   libvcruntime:undname.obj
 0001:00013f1c       ?getReferenceType@UnDecorator@@CA?AVDName@@AEBV2@0W4IndirectionKind@@@Z 0000000140014f1c f i libvcruntime:undname.obj
 0001:00013f38       ?getRestrictionSpec@UnDecorator@@CA?AVDName@@XZ 0000000140014f38 f   libvcruntime:undname.obj
 0001:00014188       ?getReturnType@UnDecorator@@CA?AVDName@@PEAV2@@Z 0000000140015188 f   libvcruntime:undname.obj
 0001:000141cc       ?getScope@UnDecorator@@CA?AVDName@@XZ 00000001400151cc f   libvcruntime:undname.obj
 0001:000147b4       ?getScopedName@UnDecorator@@CA?AVDName@@XZ 00000001400157b4 f   libvcruntime:undname.obj
 0001:00014940       ?getSignedDimension@UnDecorator@@CA?AVDName@@XZ 0000000140015940 f   libvcruntime:undname.obj
 0001:000149e8       ?getStorageConvention@UnDecorator@@CA?AVDName@@XZ 00000001400159e8 f i libvcruntime:undname.obj
 0001:00014a30       ?getString@DName@@QEBAPEADPEAD0@Z 0000000140015a30 f i libvcruntime:undname.obj
 0001:00014a50       ?getString@DName@@QEBAPEADPEADH@Z 0000000140015a50 f i libvcruntime:undname.obj
 0001:00014b08       ?getString@DNameStatusNode@@UEBAPEADPEAD0@Z 0000000140015b08 f i libvcruntime:undname.obj
 0001:00014b60       ?getString@charNode@@UEBAPEADPEAD0@Z 0000000140015b60 f i libvcruntime:undname.obj
 0001:00014b78       ?getString@pDNameNode@@UEBAPEADPEAD0@Z 0000000140015b78 f i libvcruntime:undname.obj
 0001:00014bb0       ?getString@pairNode@@UEBAPEADPEAD0@Z 0000000140015bb0 f i libvcruntime:undname.obj
 0001:00014c10       ?getString@pcharNode@@UEBAPEADPEAD0@Z 0000000140015c10 f i libvcruntime:undname.obj
 0001:00014c54       ?getStringEncoding@UnDecorator@@CA?AVDName@@W4PrefixKind@@H@Z 0000000140015c54 f   libvcruntime:undname.obj
 0001:00014d80       ?getStringHelper@@YAPEADPEADPEBD1H@Z 0000000140015d80 f i libvcruntime:undname.obj
 0001:00014db8       ?getStringObject@UnDecorator@@CA?AVDName@@XZ 0000000140015db8 f   libvcruntime:undname.obj
 0001:00014e3c       ?getSymbolName@UnDecorator@@CA?AVDName@@XZ 0000000140015e3c f i libvcruntime:undname.obj
 0001:00014e9c       ?getTemplateArgumentList@UnDecorator@@CA?AVDName@@XZ 0000000140015e9c f   libvcruntime:undname.obj
 0001:000151a0       ?getTemplateName@UnDecorator@@CA?AVDName@@_N@Z 00000001400161a0 f   libvcruntime:undname.obj
 0001:000154d8       ?getTemplateNonTypeArgument@UnDecorator@@CA?AVDName@@XZ 00000001400164d8 f   libvcruntime:undname.obj
 0001:00015b7c       ?getTemplateTypeArgument@UnDecorator@@CA?AVDName@@XZ 0000000140016b7c f   libvcruntime:undname.obj
 0001:00015d3c       ?getThisType@UnDecorator@@CA?AVDName@@XZ 0000000140016d3c f i libvcruntime:undname.obj
 0001:00015d8c       ?getThrowTypes@UnDecorator@@CA?AVDName@@XZ 0000000140016d8c f   libvcruntime:undname.obj
 0001:00015db8       ?getTypeEncoding@UnDecorator@@CAHXZ 0000000140016db8 f i libvcruntime:undname.obj
 0001:00016238       ?getUndecoratedName@UnDecorator@@QEAAPEADPEADH@Z 0000000140017238 f i libvcruntime:undname.obj
 0001:000163e0       ?getUnionObject@UnDecorator@@CA?AVDName@@XZ 00000001400173e0 f   libvcruntime:undname.obj
 0001:000164ec       ?getVCallThunkType@UnDecorator@@CA?AVDName@@XZ 00000001400174ec f i libvcruntime:undname.obj
 0001:00016580       ?getValue@UnDecorator@@CA?AV?$optional@_K@std@@XZ 0000000140017580 f   libvcruntime:undname.obj
 0001:00016610       ?getValueObject@UnDecorator@@CA?AVDName@@XZ 0000000140017610 f   libvcruntime:undname.obj
 0001:000167a0       ?getVbTableType@UnDecorator@@CA?AVDName@@AEBV2@@Z 00000001400177a0 f i libvcruntime:undname.obj
 0001:000167bc       ?getVdispMapType@UnDecorator@@CA?AVDName@@AEBV2@@Z 00000001400177bc f i libvcruntime:undname.obj
 0001:00016858       ?getVfTableType@UnDecorator@@CA?AVDName@@AEBV2@@Z 0000000140017858 f i libvcruntime:undname.obj
 0001:00016ae4       ?getZName@UnDecorator@@CA?AVDName@@_N0@Z 0000000140017ae4 f   libvcruntime:undname.obj
 0001:00016e7c       ?haveTemplateParameters@UnDecorator@@SAHXZ 0000000140017e7c f i libvcruntime:undname.obj
 0001:00016e8c       ?isArray@DName@@QEBAHXZ    0000000140017e8c f i libvcruntime:undname.obj
 0001:00016e98       ?isComArray@DName@@QEBAHXZ 0000000140017e98 f i libvcruntime:undname.obj
 0001:00016ea4       ?isEmpty@DName@@QEBAHXZ    0000000140017ea4 f i libvcruntime:undname.obj
 0001:00016eb0       ?isFull@Replicator@@QEBAHXZ 0000000140017eb0 f i libvcruntime:undname.obj
 0001:00016ebc       ?isNoTE@DName@@QEBAHXZ     0000000140017ebc f i libvcruntime:undname.obj
 0001:00016ec8       ?isPinPtr@DName@@QEBAHXZ   0000000140017ec8 f i libvcruntime:undname.obj
 0001:00016ed4       ?isPtrRef@DName@@QEBAHXZ   0000000140017ed4 f i libvcruntime:undname.obj
 0001:00016ee0       ?isUDC@DName@@QEBAHXZ      0000000140017ee0 f i libvcruntime:undname.obj
 0001:00016efc       ?isUDTThunk@DName@@QEBAHXZ 0000000140017efc f i libvcruntime:undname.obj
 0001:00016f18       ?isVCallThunk@DName@@QEBAHXZ 0000000140017f18 f i libvcruntime:undname.obj
 0001:00016f24       ?isValid@DName@@QEBAHXZ    0000000140017f24 f i libvcruntime:undname.obj
 0001:00016f30       ?length@DName@@QEBAHXZ     0000000140017f30 f i libvcruntime:undname.obj
 0001:00016f50       ?length@DNameStatusNode@@UEBAHXZ 0000000140017f50 f i libvcruntime:undname.obj
 0001:00016f54       ?length@charNode@@UEBAHXZ  0000000140017f54 f i libvcruntime:undname.obj
 0001:00016f5c       ?length@pDNameNode@@UEBAHXZ 0000000140017f5c f i libvcruntime:undname.obj
 0001:00016f90       ?length@pairNode@@UEBAHXZ  0000000140017f90 f i libvcruntime:undname.obj
 0001:00016fe8       ?length@pcharNode@@UEBAHXZ 0000000140017fe8 f i libvcruntime:undname.obj
 0001:00016fec       ?make@DNameStatusNode@@SAPEBV1@W4DNameStatus@@@Z 0000000140017fec f i libvcruntime:undname.obj
 0001:00017014       ?parseDecoratedName@UnDecorator@@CA?AVDName@@XZ 0000000140018014 f   libvcruntime:undname.obj
 0001:0001716c       ?raw_length@DNameStatusNode@@UEBAHXZ 000000014001816c f i libvcruntime:undname.obj
 0001:00017170       ?raw_length@charNode@@UEBAHXZ 0000000140018170 f i libvcruntime:undname.obj
 0001:00017178       ?raw_length@pDNameNode@@UEBAHXZ 0000000140018178 f i libvcruntime:undname.obj
 0001:0001717c       ?raw_length@pairNode@@UEBAHXZ 000000014001817c f i libvcruntime:undname.obj
 0001:00017180       ?raw_length@pcharNode@@UEBAHXZ 0000000140018180 f i libvcruntime:undname.obj
 0001:00017184       ?setIsArray@DName@@QEAAXXZ 0000000140018184 f i libvcruntime:undname.obj
 0001:0001718c       ?setIsComArray@DName@@QEAAXXZ 000000014001818c f i libvcruntime:undname.obj
 0001:00017194       ?setIsNoTE@DName@@QEAAXXZ  0000000140018194 f i libvcruntime:undname.obj
 0001:0001719c       ?setIsPinPtr@DName@@QEAAXXZ 000000014001819c f i libvcruntime:undname.obj
 0001:000171a4       ?setIsUDC@DName@@QEAAXXZ   00000001400181a4 f i libvcruntime:undname.obj
 0001:000171b4       ?setIsVCallThunk@DName@@QEAAXXZ 00000001400181b4 f i libvcruntime:undname.obj
 0001:000171bc       ?setPtrRef@DName@@QEAAAEAV1@XZ 00000001400181bc f i libvcruntime:undname.obj
 0001:000171c8       ?status@DName@@QEBA?AW4DNameStatus@@XZ 00000001400181c8 f i libvcruntime:undname.obj
 0001:00017240       __unDName                  0000000140018240 f   libvcruntime:undname.obj
 0001:00017270       __unDNameEx                0000000140018270 f   libvcruntime:undname.obj
 0001:000173f0       _vsprintf_s_l              00000001400183f0 f i libvcruntime:undname.obj
 0001:0001746c       sprintf_s                  000000014001846c f i libvcruntime:undname.obj
 0001:000174d4       unDNameGenerateCHPE        00000001400184d4 f   libvcruntime:undname.obj
 0001:0001761c       ??$__crt_interlocked_exchange_pointer@UHINSTANCE__@@PEAU1@@@YAPEAUHINSTANCE__@@PEDSEAU0@QEAU0@@Z 000000014001861c f i libvcruntime:winapi_downlevel.obj
 0001:00017624       ??$__crt_interlocked_exchange_pointer@UHINSTANCE__@@PEAX@@YAPEAUHINSTANCE__@@PEDSEAU0@QEAX@Z 0000000140018624 f i libvcruntime:winapi_downlevel.obj
 0001:0001762c       ??$__crt_interlocked_exchange_pointer@XPEAX@@YAPEAXPEDSEAXQEAX@Z 000000014001862c f i libvcruntime:winapi_downlevel.obj
 0001:00017634       ??$__crt_interlocked_read_pointer@UHINSTANCE__@@@@YAPEAUHINSTANCE__@@PEDSEAU0@@Z 0000000140018634 f i libvcruntime:winapi_downlevel.obj
 0001:0001763c       ??$__crt_interlocked_read_pointer@X@@YAPEAXPEDSEAX@Z 000000014001863c f i libvcruntime:winapi_downlevel.obj
 0001:00017cc4       __vcrt_FlsAlloc            0000000140018cc4 f   libvcruntime:winapi_downlevel.obj
 0001:00017d1c       __vcrt_FlsFree             0000000140018d1c f   libvcruntime:winapi_downlevel.obj
 0001:00017d74       __vcrt_FlsGetValue         0000000140018d74 f   libvcruntime:winapi_downlevel.obj
 0001:00017dcc       __vcrt_FlsSetValue         0000000140018dcc f   libvcruntime:winapi_downlevel.obj
 0001:00017e34       __vcrt_InitializeCriticalSectionEx 0000000140018e34 f   libvcruntime:winapi_downlevel.obj
 0001:00017eb0       ??$__crt_interlocked_exchange_pointer@$$A6AXXZP6AXXZ@@YAP6AXXZPEDS6AXXZQ6AXXZ@Z 0000000140018eb0 f i libvcruntime:purevirt.obj
 0001:00017eb8       ??$__crt_interlocked_read_pointer@$$A6AXXZ@@YAP6AXXZPEDS6AXXZ@Z 0000000140018eb8 f i libvcruntime:purevirt.obj
 0001:00017ec0       _get_purecall_handler      0000000140018ec0 f   libvcruntime:purevirt.obj
 0001:00017ecc       _purecall                  0000000140018ecc f   libvcruntime:purevirt.obj
 0001:00017eec       _set_purecall_handler      0000000140018eec f   libvcruntime:purevirt.obj
 0001:00017efc       ??$?0AEAViterator@TryBlockMap4@FH4@@AEAV012@$0A@@?$pair@Viterator@TryBlockMap4@FH4@@V123@@std@@QEAA@AEAViterator@TryBlockMap4@FH4@@0@Z 0000000140018efc f i libvcruntime:risctrnsctrl.obj
 0001:00017f18       ??$?0AEAViterator@TryBlockMap@__FrameHandler3@@AEAV012@$0A@@?$pair@Viterator@TryBlockMap@__FrameHandler3@@V123@@std@@QEAA@AEAViterator@TryBlockMap@__FrameHandler3@@0@Z 0000000140018f18 f i libvcruntime:risctrnsctrl.obj
 0001:000180c0       ??$_CallSETranslator@V__FrameHandler3@@@@YAHPEAUEHExceptionRecord@@PEA_KPEAU_CONTEXT@@PEAU_xDISPATCHER_CONTEXT@@PEBU_s_FuncInfo@@K1H@Z 00000001400190c0 f i libvcruntime:risctrnsctrl.obj
 0001:00018128       ??$_CallSETranslator@V__FrameHandler4@@@@YAHPEAUEHExceptionRecord@@PEA_KPEAU_CONTEXT@@PEAU_xDISPATCHER_CONTEXT@@PEAUFuncInfo4@FH4@@K1H@Z 0000000140019128 f i libvcruntime:risctrnsctrl.obj
 0001:00018190       ??$forward@AEAViterator@TryBlockMap4@FH4@@@std@@YAAEAViterator@TryBlockMap4@FH4@@AEAV123@@Z 0000000140019190 f i libvcruntime:risctrnsctrl.obj
 0001:00018194       ??$forward@AEAViterator@TryBlockMap@__FrameHandler3@@@std@@YAAEAViterator@TryBlockMap@__FrameHandler3@@AEAV123@@Z 0000000140019194 f i libvcruntime:risctrnsctrl.obj
 0001:00018198       ??0FuncInfo4@FH4@@QEAA@XZ  0000000140019198 f i libvcruntime:risctrnsctrl.obj
 0001:000181b0       ??0FuncInfoHeader@FH4@@QEAA@XZ 00000001400191b0 f i libvcruntime:risctrnsctrl.obj
 0001:000181b8       ??0iterator@TryBlockMap4@FH4@@QEAA@AEAV12@I@Z 00000001400191b8 f i libvcruntime:risctrnsctrl.obj
 0001:000181c8       ??0iterator@TryBlockMap@__FrameHandler3@@QEAA@AEAV12@I@Z 00000001400191c8 f i libvcruntime:risctrnsctrl.obj
 0001:000181d8       ??4iterator@TryBlockMap4@FH4@@QEAAAEAV012@AEBV012@@Z 00000001400191d8 f i libvcruntime:risctrnsctrl.obj
 0001:000181e4       ??9iterator@TryBlockMap4@FH4@@QEBA_NAEBV012@@Z 00000001400191e4 f i libvcruntime:risctrnsctrl.obj
 0001:000181f0       ??Diterator@TryBlockMap4@FH4@@QEAA?AUTryBlockMapEntry4@2@XZ 00000001400191f0 f i libvcruntime:risctrnsctrl.obj
 0001:00018204       ??Eiterator@TryBlockMap4@FH4@@QEAAAEAV012@XZ 0000000140019204 f i libvcruntime:risctrnsctrl.obj
 0001:000182c8       ?CatchTryBlock@__FrameHandler3@@SAPEBU_s_TryBlockMapEntry@@PEBU_s_FuncInfo@@H@Z 00000001400192c8 f   libvcruntime:risctrnsctrl.obj
 0001:00018344       ?DecompFuncInfo@FH4@@YA_JPEAEAEAUFuncInfo4@1@_KH@Z 0000000140019344 f i libvcruntime:risctrnsctrl.obj
 0001:0001835c       ?DecompFuncInfo@FH4@@YA_JPEAEAEAUFuncInfo4@1@_KH_N@Z 000000014001935c f i libvcruntime:risctrnsctrl.obj
 0001:000184c8       ?DecompTryBlock@TryBlockMap4@FH4@@AEAAXXZ 00000001400194c8 f i libvcruntime:risctrnsctrl.obj
 0001:00018580       ?ExecutionInCatch@__FrameHandler3@@SA_NPEAU_xDISPATCHER_CONTEXT@@PEBU_s_FuncInfo@@@Z 0000000140019580 f   libvcruntime:risctrnsctrl.obj
 0001:000185b4       ?ExecutionInCatch@__FrameHandler4@@SA_NPEAU_xDISPATCHER_CONTEXT@@PEAUFuncInfo4@FH4@@@Z 00000001400195b4 f   libvcruntime:risctrnsctrl.obj
 0001:000185bc       ?FrameUnwindToEmptyState@__FrameHandler3@@SAXPEA_KPEAU_xDISPATCHER_CONTEXT@@PEBU_s_FuncInfo@@@Z 00000001400195bc f   libvcruntime:risctrnsctrl.obj
 0001:0001863c       ?FrameUnwindToEmptyState@__FrameHandler4@@SAXPEA_KPEAU_xDISPATCHER_CONTEXT@@PEAUFuncInfo4@FH4@@@Z 000000014001963c f   libvcruntime:risctrnsctrl.obj
 0001:0001867c       ?GetEstablisherFrame@__FrameHandler3@@SAPEA_KPEA_KPEAU_xDISPATCHER_CONTEXT@@PEBU_s_FuncInfo@@0@Z 000000014001967c f   libvcruntime:risctrnsctrl.obj
 0001:0001877c       ?GetEstablisherFrame@__FrameHandler4@@SAPEA_KPEA_KPEAU_xDISPATCHER_CONTEXT@@PEAUFuncInfo4@FH4@@0@Z 000000014001977c f   libvcruntime:risctrnsctrl.obj
 0001:000187a8       ?GetRangeOfTrysToCheck@__FrameHandler3@@SA?AU?$pair@Viterator@TryBlockMap@__FrameHandler3@@V123@@std@@AEAVTryBlockMap@1@HPEAU_xDISPATCHER_CONTEXT@@PEBU_s_FuncInfo@@H@Z 00000001400197a8 f   libvcruntime:risctrnsctrl.obj
 0001:00018938       ?GetRangeOfTrysToCheck@__FrameHandler4@@SA?AU?$pair@Viterator@TryBlockMap4@FH4@@V123@@std@@AEAVTryBlockMap4@FH4@@HPEAU_xDISPATCHER_CONTEXT@@PEAUFuncInfo4@5@H@Z 0000000140019938 f   libvcruntime:risctrnsctrl.obj
 0001:00018afc       ?ReadInt@FH4@@YAHPEAPEAE@Z 0000000140019afc f i libvcruntime:risctrnsctrl.obj
 0001:00018b0c       ?ReadUnsigned@FH4@@YAIPEAPEAE@Z 0000000140019b0c f i libvcruntime:risctrnsctrl.obj
 0001:00018b48       ?UnwindNestedFrames@__FrameHandler3@@SAXPEA_KPEAUEHExceptionRecord@@PEAU_CONTEXT@@0PEAXPEBU_s_FuncInfo@@HHPEBU_s_HandlerType@@PEAU_xDISPATCHER_CONTEXT@@E@Z 0000000140019b48 f   libvcruntime:risctrnsctrl.obj
 0001:00018c8c       ?UnwindNestedFrames@__FrameHandler4@@SAXPEA_KPEAUEHExceptionRecord@@PEAU_CONTEXT@@0PEAXPEAUFuncInfo4@FH4@@HHPEAUHandlerType4@5@PEAU_xDISPATCHER_CONTEXT@@E@Z 0000000140019c8c f   libvcruntime:risctrnsctrl.obj
 0001:00018df4       ?begin@TryBlockMap4@FH4@@QEAA?AViterator@12@XZ 0000000140019df4 f i libvcruntime:risctrnsctrl.obj
 0001:00018e04       ?end@TryBlockMap4@FH4@@QEAA?AViterator@12@XZ 0000000140019e04 f i libvcruntime:risctrnsctrl.obj
 0001:00018e14       ?imageRelToByteBuffer@FH4@@YAPEAE_KH@Z 0000000140019e14 f i libvcruntime:risctrnsctrl.obj
 0001:00018e1c       ?incrementToSentinel@iterator@TryBlockMap4@FH4@@QEAAXXZ 0000000140019e1c f i libvcruntime:risctrnsctrl.obj
 0001:00018e20       ?setBuffer@TryBlockMap4@FH4@@QEAAXViterator@12@@Z 0000000140019e20 f i libvcruntime:risctrnsctrl.obj
 0001:00019054       _CreateFrameInfo           000000014001a054 f   libvcruntime:risctrnsctrl.obj
 0001:0001909c       _FindAndUnlinkFrame        000000014001a09c f   libvcruntime:risctrnsctrl.obj
 0001:00019104       _GetImageBase              000000014001a104 f   libvcruntime:risctrnsctrl.obj
 0001:0001911c       _GetThrowImageBase         000000014001a11c f   libvcruntime:risctrnsctrl.obj
 0001:00019134       _SetImageBase              000000014001a134 f   libvcruntime:risctrnsctrl.obj
 0001:00019154       _SetThrowImageBase         000000014001a154 f   libvcruntime:risctrnsctrl.obj
 0001:00019174       __CxxFrameHandler          000000014001a174 f   libvcruntime:risctrnsctrl.obj
 0001:0001917c       __CxxFrameHandler2         000000014001a17c f   libvcruntime:risctrnsctrl.obj
 0001:00019184       __CxxFrameHandler3         000000014001a184 f   libvcruntime:risctrnsctrl.obj
 0001:0001922c       __CxxFrameHandler4         000000014001a22c f   libvcruntime:risctrnsctrl.obj
 0001:0001931c       ?GetCurrentState@__FrameHandler3@@SAHPEA_KPEAU_xDISPATCHER_CONTEXT@@PEBU_s_FuncInfo@@@Z 000000014001a31c f   libvcruntime:ehstate.obj
 0001:0001934c       ?GetUnwindTryBlock@__FrameHandler3@@SAHPEA_KPEAU_xDISPATCHER_CONTEXT@@PEBU_s_FuncInfo@@@Z 000000014001a34c f   libvcruntime:ehstate.obj
 0001:00019380       ?SetState@__FrameHandler3@@SAXPEA_KPEBU_s_FuncInfo@@H@Z 000000014001a380 f   libvcruntime:ehstate.obj
 0001:00019390       ?SetUnwindTryBlock@__FrameHandler3@@SAXPEA_KPEAU_xDISPATCHER_CONTEXT@@PEBU_s_FuncInfo@@H@Z 000000014001a390 f   libvcruntime:ehstate.obj
 0001:000193dc       ?StateFromControlPc@__FrameHandler3@@SAHPEBU_s_FuncInfo@@PEAU_xDISPATCHER_CONTEXT@@@Z 000000014001a3dc f   libvcruntime:ehstate.obj
 0001:000193e8       ?StateFromControlPc@__FrameHandler4@@SAHPEAUFuncInfo4@FH4@@PEAU_xDISPATCHER_CONTEXT@@@Z 000000014001a3e8 f   libvcruntime:ehstate.obj
 0001:000193f4       ?StateFromIp@__FrameHandler3@@SAHPEBU_s_FuncInfo@@PEAU_xDISPATCHER_CONTEXT@@_K@Z 000000014001a3f4 f   libvcruntime:ehstate.obj
 0001:00019474       ?StateFromIp@__FrameHandler4@@SAHPEAUFuncInfo4@FH4@@PEAU_xDISPATCHER_CONTEXT@@_K@Z 000000014001a474 f   libvcruntime:ehstate.obj
 0001:0001959c       ?__FuncRelToRealOffset@@YA_KPEAU_xDISPATCHER_CONTEXT@@I@Z 000000014001a59c f i libvcruntime:ehstate.obj
 0001:000195b0       ?__RVAtoRealOffset@@YA_KPEAU_xDISPATCHER_CONTEXT@@H@Z 000000014001a5b0 f i libvcruntime:ehstate.obj
 0001:0001b14c       ??$TypeMatchHelper@V__FrameHandler3@@@@YAHPEBU_s_HandlerType@@PEBU_s_CatchableType@@PEBU_s_ThrowInfo@@@Z 000000014001c14c f i libvcruntime:frame.obj
 0001:0001b2d8       ??$TypeMatchHelper@V__FrameHandler4@@@@YAHPEAUHandlerType4@FH4@@PEBU_s_CatchableType@@PEBU_s_ThrowInfo@@@Z 000000014001c2d8 f i libvcruntime:frame.obj
 0001:0001b46c       ??$__InternalCxxFrameHandler@V__FrameHandler3@@@@YA?AW4_EXCEPTION_DISPOSITION@@PEAUEHExceptionRecord@@PEA_KPEAU_CONTEXT@@PEAU_xDISPATCHER_CONTEXT@@PEBU_s_FuncInfo@@H1E@Z 000000014001c46c f i libvcruntime:frame.obj
 0001:0001b730       ??$__InternalCxxFrameHandler@V__FrameHandler4@@@@YA?AW4_EXCEPTION_DISPOSITION@@PEAUEHExceptionRecord@@PEA_KPEAU_CONTEXT@@PEAU_xDISPATCHER_CONTEXT@@PEAUFuncInfo4@FH4@@H1E@Z 000000014001c730 f i libvcruntime:frame.obj
 0001:0001ba6c       ??0HandlerMap4@FH4@@QEAA@PEBUTryBlockMapEntry4@1@_KH@Z 000000014001ca6c f i libvcruntime:frame.obj
 0001:0001bb04       ??0HandlerMap@__FrameHandler3@@QEAA@PEBU_s_TryBlockMapEntry@@_KI@Z 000000014001cb04 f i libvcruntime:frame.obj
 0001:0001bb20       ??0HandlerType4@FH4@@QEAA@XZ 000000014001cb20 f i libvcruntime:frame.obj
 0001:0001bb3c       ??0TryBlockMap4@FH4@@QEAA@PEBUFuncInfo4@1@_K@Z 000000014001cb3c f i libvcruntime:frame.obj
 0001:0001bc48       ??0TryBlockMap@__FrameHandler3@@QEAA@PEBU_s_FuncInfo@@_K@Z 000000014001cc48 f i libvcruntime:frame.obj
 0001:0001bc58       ??0UWMap4@FH4@@QEAA@PEBUFuncInfo4@1@_K@Z 000000014001cc58 f i libvcruntime:frame.obj
 0001:0001bcac       ??0bad_exception@std@@QEAA@AEBV01@@Z 000000014001ccac f i libvcruntime:frame.obj
 0001:0001bcf8       ??0bad_exception@std@@QEAA@XZ 000000014001ccf8 f i libvcruntime:frame.obj
 0001:0001bd20       ??0exception@std@@QEAA@AEBV01@@Z 000000014001cd20 f i libvcruntime:frame.obj
 0001:0001bd60       ??0exception@std@@QEAA@QEBDH@Z 000000014001cd60 f i libvcruntime:frame.obj
 0001:0001bd7c       ??0iterator@HandlerMap4@FH4@@QEAA@AEAV12@I@Z 000000014001cd7c f i libvcruntime:frame.obj
 0001:0001bd8c       ??0iterator@HandlerMap@__FrameHandler3@@QEAA@AEAV12@I@Z 000000014001cd8c f i libvcruntime:frame.obj
 0001:0001bd9c       ??0iterator@UWMap4@FH4@@QEAA@AEAV12@PEAE@Z 000000014001cd9c f i libvcruntime:frame.obj
 0001:0001bdac       ??1bad_exception@std@@UEAA@XZ 000000014001cdac f i libvcruntime:frame.obj
 0001:0001bdc4       ??1exception@std@@UEAA@XZ  000000014001cdc4 f i libvcruntime:frame.obj
 0001:0001bddc       ??4iterator@UWMap4@FH4@@QEAAAEAV012@AEBV012@@Z 000000014001cddc f i libvcruntime:frame.obj
 0001:0001be04       ??8iterator@HandlerMap4@FH4@@QEBA_NAEBV012@@Z 000000014001ce04 f i libvcruntime:frame.obj
 0001:0001be10       ??8iterator@HandlerMap@__FrameHandler3@@QEBA_NAEBV012@@Z 000000014001ce10 f i libvcruntime:frame.obj
 0001:0001be1c       ??8type_info@@QEBA_NAEBV0@@Z 000000014001ce1c f i libvcruntime:frame.obj
 0001:0001be40       ??9iterator@HandlerMap4@FH4@@QEBA_NAEBV012@@Z 000000014001ce40 f i libvcruntime:frame.obj
 0001:0001be4c       ??9iterator@HandlerMap@__FrameHandler3@@QEBA_NAEBV012@@Z 000000014001ce4c f i libvcruntime:frame.obj
 0001:0001be58       ??Diterator@HandlerMap4@FH4@@QEAA?AUHandlerType4@2@XZ 000000014001ce58 f i libvcruntime:frame.obj
 0001:0001be80       ??Diterator@HandlerMap@__FrameHandler3@@QEAA?BU_s_HandlerType@@XZ 000000014001ce80 f i libvcruntime:frame.obj
 0001:0001beac       ??Diterator@TryBlockMap@__FrameHandler3@@QEAA?BU_s_TryBlockMapEntry@@XZ 000000014001ceac f i libvcruntime:frame.obj
 0001:0001bee4       ??Diterator@UWMap4@FH4@@QEAA?AUUnwindMapEntry4@2@XZ 000000014001cee4 f i libvcruntime:frame.obj
 0001:0001bf4c       ??Eiterator@HandlerMap4@FH4@@QEAAAEAV012@XZ 000000014001cf4c f i libvcruntime:frame.obj
 0001:0001bf70       ??Eiterator@HandlerMap@__FrameHandler3@@QEAAAEAV012@XZ 000000014001cf70 f i libvcruntime:frame.obj
 0001:0001bf78       ??Eiterator@TryBlockMap@__FrameHandler3@@QEAAAEAV012@XZ 000000014001cf78 f i libvcruntime:frame.obj
 0001:0001bf80       ??Eiterator@UWMap4@FH4@@QEAAAEAV012@XZ 000000014001cf80 f i libvcruntime:frame.obj
 0001:0001bfa8       ??Giterator@UWMap4@FH4@@QEBA_JAEBV012@@Z 000000014001cfa8 f i libvcruntime:frame.obj
 0001:0001bfb4       ??Miterator@TryBlockMap4@FH4@@QEBA_NAEBV012@@Z 000000014001cfb4 f i libvcruntime:frame.obj
 0001:0001bfc0       ??Miterator@TryBlockMap@__FrameHandler3@@QEBA_NAEBV012@@Z 000000014001cfc0 f i libvcruntime:frame.obj
 0001:0001bfcc       ??Oiterator@UWMap4@FH4@@QEBA_NAEBV012@@Z 000000014001cfcc f i libvcruntime:frame.obj
 0001:0001bfdc       ??Piterator@UWMap4@FH4@@QEBA_NAEBV012@@Z 000000014001cfdc f i libvcruntime:frame.obj
 0001:0001bfec       ??_Gbad_exception@std@@UEAAPEAXI@Z 000000014001cfec f i libvcruntime:frame.obj
 0001:0001bfec       ??_Ebad_exception@std@@UEAAPEAXI@Z 000000014001cfec f i libvcruntime:frame.obj
 0001:0001c040       ??_Gexception@std@@UEAAPEAXI@Z 000000014001d040 f i libvcruntime:frame.obj
 0001:0001c040       ??_Eexception@std@@UEAAPEAXI@Z 000000014001d040 f i libvcruntime:frame.obj
 0001:0001c094       ?BuildCatchObject@__FrameHandler3@@SAXPEAUEHExceptionRecord@@PEAXPEBU_s_HandlerType@@PEBU_s_CatchableType@@@Z 000000014001d094 f   libvcruntime:frame.obj
 0001:0001c09c       ?BuildCatchObject@__FrameHandler4@@SAXPEAUEHExceptionRecord@@PEAXPEAUHandlerType4@FH4@@PEBU_s_CatchableType@@@Z 000000014001d09c f   libvcruntime:frame.obj
 0001:0001c0a4       ?BuildCatchObjectHelper@__FrameHandler3@@SAHPEAUEHExceptionRecord@@PEAXPEBU_s_HandlerType@@PEBU_s_CatchableType@@@Z 000000014001d0a4 f   libvcruntime:frame.obj
 0001:0001c0ac       ?BuildCatchObjectHelper@__FrameHandler4@@SAHPEAUEHExceptionRecord@@PEAXPEAUHandlerType4@FH4@@PEBU_s_CatchableType@@@Z 000000014001d0ac f   libvcruntime:frame.obj
 0001:0001c0b4       ?CxxCallCatchBlock@__FrameHandler3@@SAPEAXPEAU_EXCEPTION_RECORD@@@Z 000000014001d0b4 f   libvcruntime:frame.obj
 0001:0001c318       ?CxxCallCatchBlock@__FrameHandler4@@SAPEAXPEAU_EXCEPTION_RECORD@@@Z 000000014001d318 f   libvcruntime:frame.obj
 0001:0001c5fc       ?DecompHandler@HandlerMap4@FH4@@AEAAXXZ 000000014001d5fc f i libvcruntime:frame.obj
 0001:0001c8dc       ?FrameUnwindToState@__FrameHandler3@@SAXPEA_KPEAU_xDISPATCHER_CONTEXT@@PEBU_s_FuncInfo@@H@Z 000000014001d8dc f   libvcruntime:frame.obj
 0001:0001cac8       ?FrameUnwindToState@__FrameHandler4@@SAXPEA_KPEAU_xDISPATCHER_CONTEXT@@PEAUFuncInfo4@FH4@@H@Z 000000014001dac8 f   libvcruntime:frame.obj
 0001:0001ce80       ?GetHandlerSearchState@__FrameHandler3@@SAHPEA_KPEAU_xDISPATCHER_CONTEXT@@PEBU_s_FuncInfo@@@Z 000000014001de80 f i libvcruntime:frame.obj
 0001:0001cf3c       ?GetHandlerSearchState@__FrameHandler4@@SAHPEA_KPEAU_xDISPATCHER_CONTEXT@@PEAUFuncInfo4@FH4@@@Z 000000014001df3c f i libvcruntime:frame.obj
 0001:0001cfb8       ?GetMaxState@__FrameHandler3@@SAHPEAU_xDISPATCHER_CONTEXT@@PEBU_s_FuncInfo@@@Z 000000014001dfb8 f i libvcruntime:frame.obj
 0001:0001cfbc       ?GetMaxState@__FrameHandler4@@SAHPEAU_xDISPATCHER_CONTEXT@@PEAUFuncInfo4@FH4@@@Z 000000014001dfbc f i libvcruntime:frame.obj
 0001:0001d1d8       ?ReadEntry@UWMap4@FH4@@AEAAXPEAPEAE@Z 000000014001e1d8 f i libvcruntime:frame.obj
 0001:0001d29c       ?TypeMatch@__FrameHandler3@@SAHPEBU_s_HandlerType@@PEBU_s_CatchableType@@PEBU_s_ThrowInfo@@@Z 000000014001e29c f   libvcruntime:frame.obj
 0001:0001d2a4       ?TypeMatch@__FrameHandler4@@SAHPEAUHandlerType4@FH4@@PEBU_s_CatchableType@@PEBU_s_ThrowInfo@@@Z 000000014001e2a4 f   libvcruntime:frame.obj
 0001:0001d2ac       ?WalkBack@UWMap4@FH4@@AEAAXPEAPEAE@Z 000000014001e2ac f i libvcruntime:frame.obj
 0001:0001d2f0       ?WalkBack@iterator@UWMap4@FH4@@QEAAXXZ 000000014001e2f0 f i libvcruntime:frame.obj
 0001:0001d33c       ?WalkForward@UWMap4@FH4@@AEAAXPEAPEAE@Z 000000014001e33c f i libvcruntime:frame.obj
 0001:0001d344       ?_CallMemberFunction1@@YAXQEAX00@Z 000000014001e344 f i libvcruntime:frame.obj
 0001:0001d350       ?_CallMemberFunction2@@YAXQEAX00H@Z 000000014001e350 f i libvcruntime:frame.obj
 0001:0001d380       ?begin@HandlerMap4@FH4@@QEAA?AViterator@12@XZ 000000014001e380 f i libvcruntime:frame.obj
 0001:0001d390       ?begin@HandlerMap@__FrameHandler3@@QEAA?AViterator@12@XZ 000000014001e390 f i libvcruntime:frame.obj
 0001:0001d3a0       ?begin@UWMap4@FH4@@QEAA?AViterator@12@XZ 000000014001e3a0 f i libvcruntime:frame.obj
 0001:0001d3b4       ?end@HandlerMap4@FH4@@QEAA?AViterator@12@XZ 000000014001e3b4 f i libvcruntime:frame.obj
 0001:0001d3c4       ?end@HandlerMap@__FrameHandler3@@QEAA?AViterator@12@XZ 000000014001e3c4 f i libvcruntime:frame.obj
 0001:0001d3d4       ?getESTypes@__FrameHandler3@@SAPEBU_s_ESTypeList@@PEBU_s_FuncInfo@@@Z 000000014001e3d4 f i libvcruntime:frame.obj
 0001:0001d408       ?getESTypes@__FrameHandler4@@SAPEBU_s_ESTypeList@@PEAUFuncInfo4@FH4@@@Z 000000014001e408 f i libvcruntime:frame.obj
 0001:0001d40c       ?getLastEntry@HandlerMap4@FH4@@QEAAPEAUHandlerType4@2@XZ 000000014001e40c f i libvcruntime:frame.obj
 0001:0001d470       ?getLastEntry@HandlerMap@__FrameHandler3@@QEAAPEBU_s_HandlerType@@XZ 000000014001e470 f i libvcruntime:frame.obj
 0001:0001d488       ?getMagicNum@__FrameHandler3@@SAIPEBU_s_FuncInfo@@@Z 000000014001e488 f i libvcruntime:frame.obj
 0001:0001d494       ?getMagicNum@__FrameHandler4@@SAIPEAUFuncInfo4@FH4@@@Z 000000014001e494 f i libvcruntime:frame.obj
 0001:0001d49c       ?getNumTryBlocks@TryBlockMap4@FH4@@QEAAIXZ 000000014001e49c f i libvcruntime:frame.obj
 0001:0001d4a0       ?getNumTryBlocks@TryBlockMap@__FrameHandler3@@QEAAIXZ 000000014001e4a0 f i libvcruntime:frame.obj
 0001:0001d4a8       ?getStartStop@UWMap4@FH4@@QEAAXHHAEAViterator@12@0@Z 000000014001e4a8 f i libvcruntime:frame.obj
 0001:0001d5ac       ?getStateFromIterators@UWMap4@FH4@@SAHAEBViterator@12@H0H0@Z 000000014001e5ac f i libvcruntime:frame.obj
 0001:0001d6ac       ?isEHs@__FrameHandler3@@SA_NPEBU_s_FuncInfo@@@Z 000000014001e6ac f i libvcruntime:frame.obj
 0001:0001d6b4       ?isEHs@__FrameHandler4@@SA_NPEAUFuncInfo4@FH4@@@Z 000000014001e6b4 f i libvcruntime:frame.obj
 0001:0001d6c0       ?isNoExcept@__FrameHandler3@@SA_NPEBU_s_FuncInfo@@@Z 000000014001e6c0 f i libvcruntime:frame.obj
 0001:0001d6cc       ?isNoExcept@__FrameHandler4@@SA_NPEAUFuncInfo4@FH4@@@Z 000000014001e6cc f i libvcruntime:frame.obj
 0001:0001d6d8       ?reset@HandlerType4@FH4@@QEAAXXZ 000000014001e6d8 f i libvcruntime:frame.obj
 0001:0001d6f4       ?resetBuffer@HandlerMap4@FH4@@QEAAXXZ 000000014001e6f4 f i libvcruntime:frame.obj
 0001:0001d704       ?setBuffer@HandlerMap4@FH4@@QEAAXI@Z 000000014001e704 f i libvcruntime:frame.obj
 0001:0001d74c       ?what@exception@std@@UEBAPEBDXZ 000000014001e74c f i libvcruntime:frame.obj
 0001:0001d764       __BuildCatchObject         000000014001e764 f   libvcruntime:frame.obj
 0001:0001d76c       __BuildCatchObjectHelper   000000014001e76c f   libvcruntime:frame.obj
 0001:0001d774       __TypeMatch                000000014001e774 f   libvcruntime:frame.obj
 0001:0001d77c       __vcrt_EncodePointer       000000014001e77c f i libvcruntime:frame.obj
 0001:0001d7a0       _CallSettingFrame          000000014001e7a0 f   libvcruntime:handlers.obj
 0001:0001d7f0       _CallSettingFrame_LookupContinuationIndex 000000014001e7f0 f   libvcruntime:handlers.obj
 0001:0001d820       _CallSettingFrame_NotifyContinuationAddr 000000014001e820 f   libvcruntime:handlers.obj
 0001:0001d850       _CallSettingFrameEncoded   000000014001e850 f   libvcruntime:handlers.obj
 0001:0001d8d8       ??$?RD@__crt_public_free_policy@@QEBAXQEBD@Z 000000014001e8d8 f i libvcruntime:std_exception.obj
 0001:0001d8e4       ??0?$__crt_unique_heap_ptr@DU__crt_public_free_policy@@@@QEAA@QEAD@Z 000000014001e8e4 f i libvcruntime:std_exception.obj
 0001:0001d8ec       ??1?$__crt_unique_heap_ptr@DU__crt_public_free_policy@@@@QEAA@XZ 000000014001e8ec f i libvcruntime:std_exception.obj
 0001:0001d910       ??B?$__crt_unique_heap_ptr@DU__crt_public_free_policy@@@@QEBA_NXZ 000000014001e910 f i libvcruntime:std_exception.obj
 0001:0001d91c       ?detach@?$__crt_unique_heap_ptr@DU__crt_public_free_policy@@@@QEAAPEADXZ 000000014001e91c f i libvcruntime:std_exception.obj
 0001:0001d928       ?get@?$__crt_unique_heap_ptr@DU__crt_public_free_policy@@@@QEBAPEADXZ 000000014001e928 f i libvcruntime:std_exception.obj
 0001:0001d92c       ?is_valid@?$__crt_unique_heap_ptr@DU__crt_public_free_policy@@@@QEBA_NXZ 000000014001e92c f i libvcruntime:std_exception.obj
 0001:0001d938       ?release@?$__crt_unique_heap_ptr@DU__crt_public_free_policy@@@@QEAAXXZ 000000014001e938 f i libvcruntime:std_exception.obj
 0001:0001d95c       __std_exception_copy       000000014001e95c f   libvcruntime:std_exception.obj
 0001:0001da0c       __std_exception_destroy    000000014001ea0c f   libvcruntime:std_exception.obj
 0001:0001da3c       _CxxThrowException         000000014001ea3c f   libvcruntime:throw.obj
 0001:0001db04       ??$is_overflow_condition@K@__crt_strtox@@YA_NIK@Z 000000014001eb04 f i libucrt:atox.obj
 0001:0001db34       ??$is_overflow_condition@_K@__crt_strtox@@YA_NI_K@Z 000000014001eb34 f i libucrt:atox.obj
 0001:0001db70       ??$make_c_string_character_source@D$$T@__crt_strtox@@YA?AV?$c_string_character_source@D@0@QEBD$$T@Z 000000014001eb70 f i libucrt:atox.obj
 0001:0001db88       ??$make_c_string_character_source@_W$$T@__crt_strtox@@YA?AV?$c_string_character_source@_W@0@QEB_W$$T@Z 000000014001eb88 f i libucrt:atox.obj
 0001:0001dba0       ??$parse_integer@KV?$c_string_character_source@D@__crt_strtox@@@__crt_strtox@@YAKQEAU__crt_locale_pointers@@V?$c_string_character_source@D@0@H_N@Z 000000014001eba0 f i libucrt:atox.obj
 0001:0001df64       ??$parse_integer@KV?$c_string_character_source@_W@__crt_strtox@@@__crt_strtox@@YAKQEAU__crt_locale_pointers@@V?$c_string_character_source@_W@0@H_N@Z 000000014001ef64 f i libucrt:atox.obj
 0001:0001e7b4       ??$parse_integer@_KV?$c_string_character_source@D@__crt_strtox@@@__crt_strtox@@YA_KQEAU__crt_locale_pointers@@V?$c_string_character_source@D@0@H_N@Z 000000014001f7b4 f i libucrt:atox.obj
 0001:0001eb5c       ??$parse_integer@_KV?$c_string_character_source@_W@__crt_strtox@@@__crt_strtox@@YA_KQEAU__crt_locale_pointers@@V?$c_string_character_source@_W@0@H_N@Z 000000014001fb5c f i libucrt:atox.obj
 0001:0001f488       ??$parse_integer_from_string@JD$$T@__crt_strtox@@YAJQEBD$$THQEAU__crt_locale_pointers@@@Z 0000000140020488 f i libucrt:atox.obj
 0001:0001f4c4       ??$parse_integer_from_string@J_W$$T@__crt_strtox@@YAJQEB_W$$THQEAU__crt_locale_pointers@@@Z 00000001400204c4 f i libucrt:atox.obj
 0001:0001f500       ??$parse_integer_from_string@_JD$$T@__crt_strtox@@YA_JQEBD$$THQEAU__crt_locale_pointers@@@Z 0000000140020500 f i libucrt:atox.obj
 0001:0001f53c       ??$parse_integer_from_string@_J_W$$T@__crt_strtox@@YA_JQEB_W$$THQEAU__crt_locale_pointers@@@Z 000000014002053c f i libucrt:atox.obj
 0001:0001f578       ??0?$c_string_character_source@D@__crt_strtox@@QEAA@QEBDQEAPEBD@Z 0000000140020578 f i libucrt:atox.obj
 0001:0001f590       ??0?$c_string_character_source@_W@__crt_strtox@@QEAA@QEB_WQEAPEB_W@Z 0000000140020590 f i libucrt:atox.obj
 0001:0001f5a8       ??0_LocaleUpdate@@QEAA@QEAU__crt_locale_pointers@@@Z 00000001400205a8 f i libucrt:atox.obj
 0001:0001f66c       ??1?$c_string_character_source@D@__crt_strtox@@QEAA@XZ 000000014002066c f i libucrt:atox.obj
 0001:0001f680       ??1?$c_string_character_source@_W@__crt_strtox@@QEAA@XZ 0000000140020680 f i libucrt:atox.obj
 0001:0001f694       ??1_LocaleUpdate@@QEAA@XZ  0000000140020694 f i libucrt:atox.obj
 0001:0001f6ac       ?GetLocaleT@_LocaleUpdate@@QEAAPEAU__crt_locale_pointers@@XZ 00000001400206ac f i libucrt:atox.obj
 0001:0001f6b4       ?get@?$c_string_character_source@D@__crt_strtox@@QEAADXZ 00000001400206b4 f i libucrt:atox.obj
 0001:0001f6c4       ?get@?$c_string_character_source@_W@__crt_strtox@@QEAA_WXZ 00000001400206c4 f i libucrt:atox.obj
 0001:0001f6d8       ?is_space@__crt_strtox@@YA_NDQEAU__crt_locale_pointers@@@Z 00000001400206d8 f i libucrt:atox.obj
 0001:0001f700       ?is_space@__crt_strtox@@YA_N_WPEAU__crt_locale_pointers@@@Z 0000000140020700 f i libucrt:atox.obj
 0001:0001f720       ?maximum_signed_value@__crt_strtox@@YAJK@Z 0000000140020720 f i libucrt:atox.obj
 0001:0001f728       ?maximum_signed_value@__crt_strtox@@YA_J_K@Z 0000000140020728 f i libucrt:atox.obj
 0001:0001f738       ?minimum_signed_value@__crt_strtox@@YAJK@Z 0000000140020738 f i libucrt:atox.obj
 0001:0001f740       ?minimum_signed_value@__crt_strtox@@YA_J_K@Z 0000000140020740 f i libucrt:atox.obj
 0001:0001f750       ?parse_digit@__crt_strtox@@YAID@Z 0000000140020750 f i libucrt:atox.obj
 0001:0001f78c       ?parse_digit@__crt_strtox@@YAI_W@Z 000000014002078c f i libucrt:atox.obj
 0001:0001f9d0       ?restore_state@?$c_string_character_source@D@__crt_strtox@@QEAA_NQEBD@Z 00000001400209d0 f i libucrt:atox.obj
 0001:0001f9d8       ?restore_state@?$c_string_character_source@_W@__crt_strtox@@QEAA_NQEB_W@Z 00000001400209d8 f i libucrt:atox.obj
 0001:0001f9e0       ?save_state@?$c_string_character_source@D@__crt_strtox@@QEBAPEBDXZ 00000001400209e0 f i libucrt:atox.obj
 0001:0001f9e4       ?save_state@?$c_string_character_source@_W@__crt_strtox@@QEBAPEB_WXZ 00000001400209e4 f i libucrt:atox.obj
 0001:0001f9e8       ?unget@?$c_string_character_source@D@__crt_strtox@@QEAAXD@Z 00000001400209e8 f i libucrt:atox.obj
 0001:0001fa1c       ?unget@?$c_string_character_source@_W@__crt_strtox@@QEAAX_W@Z 0000000140020a1c f i libucrt:atox.obj
 0001:0001fa54       ?validate@?$c_string_character_source@D@__crt_strtox@@QEBA_NXZ 0000000140020a54 f i libucrt:atox.obj
 0001:0001fa84       ?validate@?$c_string_character_source@_W@__crt_strtox@@QEBA_NXZ 0000000140020a84 f i libucrt:atox.obj
 0001:0001fab4       ?wide_character_to_digit@__crt_strtox@@YAH_W@Z 0000000140020ab4 f i libucrt:atox.obj
 0001:0001fcbc       __acrt_disable_global_locale_sync 0000000140020cbc f i libucrt:atox.obj
 0001:0001fcc4       __acrt_enable_global_locale_sync 0000000140020cc4 f i libucrt:atox.obj
 0001:0001fcd0       __acrt_get_locale_data_prefix 0000000140020cd0 f i libucrt:atox.obj
 0001:0001fcd4       __acrt_locale_changed      0000000140020cd4 f i libucrt:atox.obj
 0001:0001fce4       __acrt_locale_get_ctype_array_value 0000000140020ce4 f i libucrt:atox.obj
 0001:0001fd04       __ascii_iswalpha           0000000140020d04 f i libucrt:atox.obj
 0001:0001fd24       __ascii_toupper            0000000140020d24 f i libucrt:atox.obj
 0001:0001fd38       __ascii_towupper           0000000140020d38 f i libucrt:atox.obj
 0001:0001fd48       _atoi64                    0000000140020d48 f   libucrt:atox.obj
 0001:0001fd7c       _atoi64_l                  0000000140020d7c f   libucrt:atox.obj
 0001:0001fdb4       _atoi_l                    0000000140020db4 f   libucrt:atox.obj
 0001:0001fdec       _atol_l                    0000000140020dec f   libucrt:atox.obj
 0001:0001fe24       _atoll_l                   0000000140020e24 f   libucrt:atox.obj
 0001:0001fe5c       _chvalidchk_l              0000000140020e5c f i libucrt:atox.obj
 0001:0001fed8       _ischartype_l              0000000140020ed8 f i libucrt:atox.obj
 0001:0001ff6c       _wtoi                      0000000140020f6c f   libucrt:atox.obj
 0001:0001ffa0       _wtoi64                    0000000140020fa0 f   libucrt:atox.obj
 0001:0001ffd4       _wtoi64_l                  0000000140020fd4 f   libucrt:atox.obj
 0001:0002000c       _wtoi_l                    000000014002100c f   libucrt:atox.obj
 0001:00020044       _wtol                      0000000140021044 f   libucrt:atox.obj
 0001:00020078       _wtol_l                    0000000140021078 f   libucrt:atox.obj
 0001:000200b0       _wtoll                     00000001400210b0 f   libucrt:atox.obj
 0001:000200e4       _wtoll_l                   00000001400210e4 f   libucrt:atox.obj
 0001:0002011c       atoi                       000000014002111c f   libucrt:atox.obj
 0001:00020150       atol                       0000000140021150 f   libucrt:atox.obj
 0001:00020184       atoll                      0000000140021184 f   libucrt:atox.obj
 0001:000201d0       strcat                     00000001400211d0 f   libucrt:strcat.obj
 0001:00020270       strcpy                     0000000140021270 f   libucrt:strcat.obj
 0001:00020273       ___entry_from_strcat_in_strcpy 0000000140021273     libucrt:strcat.obj
 0001:000203a4       _seh_filter_dll            00000001400213a4 f   libucrt:exception_filter.obj
 0001:000203bc       _seh_filter_exe            00000001400213bc f   libucrt:exception_filter.obj
 0001:000206ac       __acrt_report_runtime_error 00000001400216ac f   libucrt:report_runtime_error.obj
 0001:00020860       _invoke_watson_if_error    0000000140021860 f i libucrt:report_runtime_error.obj
 0001:000208a0       _query_app_type            00000001400218a0 f   libucrt:report_runtime_error.obj
 0001:000208a8       _set_app_type              00000001400218a8 f   libucrt:report_runtime_error.obj
 0001:000208b0       ??$__crt_fast_decode_pointer@P6AHPEAU_exception@@@Z@@YAP6AHPEAU_exception@@@ZQ6AH0@Z@Z 00000001400218b0 f i libucrt:matherr.obj
 0001:000208cc       ??$__crt_fast_encode_pointer@P6AHPEAU_exception@@@Z@@YAP6AHPEAU_exception@@@ZQ6AH0@Z@Z 00000001400218cc f i libucrt:matherr.obj
 0001:000208f4       ?__crt_rotate_pointer_value@@YA_K_KH@Z 00000001400218f4 f i libucrt:matherr.obj
 0001:00020900       ?get_current_state_index@__crt_state_management@@YA_KXZ 0000000140021900 f i libucrt:matherr.obj
 0001:00020904       ?initialize@?$dual_state_global@P6AHPEAU_exception@@@Z@__crt_state_management@@QEAAXQ6AHPEAU_exception@@@Z@Z 0000000140021904 f i libucrt:matherr.obj
 0001:00020934       ?value@?$dual_state_global@P6AHPEAU_exception@@@Z@__crt_state_management@@QEAAAEAP6AHPEAU_exception@@@ZXZ 0000000140021934 f i libucrt:matherr.obj
 0001:00020938       __acrt_has_user_matherr    0000000140021938 f   libucrt:matherr.obj
 0001:0002095c       __acrt_initialize_user_matherr 000000014002195c f   libucrt:matherr.obj
 0001:00020968       __acrt_invoke_user_matherr 0000000140021968 f   libucrt:matherr.obj
 0001:000209a4       __setusermatherr           00000001400219a4 f   libucrt:matherr.obj
 0001:000209d4       ??$?RE@__crt_internal_free_policy@@QEBAXQEBE@Z 00000001400219d4 f i libucrt:argv_parsing.obj
 0001:000209e0       ??$?RPEAD@__crt_internal_free_policy@@QEBAXQEBQEAD@Z 00000001400219e0 f i libucrt:argv_parsing.obj
 0001:000209ec       ??$?RPEA_W@__crt_internal_free_policy@@QEBAXQEBQEA_W@Z 00000001400219ec f i libucrt:argv_parsing.obj
 0001:00020d9c       ??$get_module_file_name@$$TAEAY0BAF@DH@?$__crt_char_traits@D@@SAK$$QEA$$TAEAY0BAF@D$$QEAH@Z 0000000140021d9c f i libucrt:argv_parsing.obj
 0001:00020dac       ??$get_module_file_name@$$TAEAY0BAF@_WH@?$__crt_char_traits@_W@@SAK$$QEA$$TAEAY0BAF@_W$$QEAH@Z 0000000140021dac f i libucrt:argv_parsing.obj
 0001:000211f4       ??$set_program_name@PEAD@?$__crt_char_traits@D@@SAX$$QEAPEAD@Z 00000001400221f4 f i libucrt:argv_parsing.obj
 0001:00021204       ??$set_program_name@PEA_W@?$__crt_char_traits@_W@@SAX$$QEAPEA_W@Z 0000000140022204 f i libucrt:argv_parsing.obj
 0001:00021224       ??0?$__crt_unique_heap_ptr@EU__crt_internal_free_policy@@@@QEAA@QEAE@Z 0000000140022224 f i libucrt:argv_parsing.obj
 0001:0002122c       ??0?$__crt_unique_heap_ptr@PEADU__crt_internal_free_policy@@@@QEAA@QEAPEAD@Z 000000014002222c f i libucrt:argv_parsing.obj
 0001:00021234       ??0?$__crt_unique_heap_ptr@PEA_WU__crt_internal_free_policy@@@@QEAA@QEAPEA_W@Z 0000000140022234 f i libucrt:argv_parsing.obj
 0001:0002123c       ??1?$__crt_unique_heap_ptr@EU__crt_internal_free_policy@@@@QEAA@XZ 000000014002223c f i libucrt:argv_parsing.obj
 0001:00021260       ??1?$__crt_unique_heap_ptr@PEADU__crt_internal_free_policy@@@@QEAA@XZ 0000000140022260 f i libucrt:argv_parsing.obj
 0001:00021284       ??1?$__crt_unique_heap_ptr@PEA_WU__crt_internal_free_policy@@@@QEAA@XZ 0000000140022284 f i libucrt:argv_parsing.obj
 0001:000212a8       ??B?$__crt_unique_heap_ptr@EU__crt_internal_free_policy@@@@QEBA_NXZ 00000001400222a8 f i libucrt:argv_parsing.obj
 0001:000212fc       ?detach@?$__crt_unique_heap_ptr@EU__crt_internal_free_policy@@@@QEAAPEAEXZ 00000001400222fc f i libucrt:argv_parsing.obj
 0001:00021308       ?detach@?$__crt_unique_heap_ptr@PEADU__crt_internal_free_policy@@@@QEAAPEAPEADXZ 0000000140022308 f i libucrt:argv_parsing.obj
 0001:00021314       ?detach@?$__crt_unique_heap_ptr@PEA_WU__crt_internal_free_policy@@@@QEAAPEAPEA_WXZ 0000000140022314 f i libucrt:argv_parsing.obj
 0001:0002133c       ?get@?$__crt_unique_heap_ptr@EU__crt_internal_free_policy@@@@QEBAPEAEXZ 000000014002233c f i libucrt:argv_parsing.obj
 0001:00021340       ?get@?$__crt_unique_heap_ptr@PEADU__crt_internal_free_policy@@@@QEBAPEAPEADXZ 0000000140022340 f i libucrt:argv_parsing.obj
 0001:00021344       ?get@?$__crt_unique_heap_ptr@PEA_WU__crt_internal_free_policy@@@@QEBAPEAPEA_WXZ 0000000140022344 f i libucrt:argv_parsing.obj
[...]
 0002:00014468       $unwind$??$write_buffer_nolock@_W@@YA_N_WV__crt_stdio_stream@@@Z 0000000140082468     libucrt:_flsbuf.obj
 0002:0001447c       $unwind$mbstowcs_s         000000014008247c     libucrt:mbstowcs.obj
 0002:00014484       $unwind$_mbstowcs_s_l      0000000140082484     libucrt:mbstowcs.obj
 0002:000144a0       $unwind$?_mbstowcs_l_helper@@YA_KPEA_WPEBD_KPEAU__crt_locale_pointers@@@Z 00000001400824a0     libucrt:mbstowcs.obj
 0002:000144bc       $unwind$__acrt_CompareStringW 00000001400824bc     libucrt:comparestringw.obj
 0002:000144d8       $unwind$_strnicmp          00000001400824d8     libucrt:strnicmp.obj
 0002:000144e0       $unwind$_strnicmp_l        00000001400824e0     libucrt:strnicmp.obj
 0002:000144f4       $unwind$__acrt_CompareStringA 00000001400824f4     libucrt:comparestringa.obj
 0002:00014508       $unwind$?InternalCompareStringA@@YAHPEAU__crt_locale_pointers@@PEB_WKPEBDH2HH@Z 0000000140082508     libucrt:comparestringa.obj
 0002:00014530       $unwind$_towlower_l        0000000140082530     libucrt:towlower.obj
 0002:00014538       $unwind$?common_lseek_do_seek_nolock@@YAJQEAXJH@Z 0000000140082538     libucrt:lseek.obj
 0002:0001454c       $unwind$?common_lseek_do_seek_nolock@@YA_JQEAX_JH@Z 000000014008254c     libucrt:lseek.obj
 0002:00014554       $unwind$??$common_lseek@J@@YAJHJH@Z 0000000140082554     libucrt:lseek.obj
 0002:00014588       $unwind$?fin$0@?0???$common_lseek@J@@YAJHJH@Z@4HA 0000000140082588     libucrt:lseek.obj
 0002:00014590       $unwind$??$common_lseek@_J@@YA_JH_JH@Z 0000000140082590     libucrt:lseek.obj
 0002:000145c4       $unwind$?fin$0@?0???$common_lseek@_J@@YA_JH_JH@Z@4HA 00000001400825c4     libucrt:lseek.obj
 0002:000145cc       $unwind$??$common_lseek_nolock@J@@YAJHJH@Z 00000001400825cc     libucrt:lseek.obj
 0002:000145e4       $unwind$??$common_lseek_nolock@_J@@YA_JH_JH@Z 00000001400825e4     libucrt:lseek.obj
 0002:000145f8       $unwind$_putwch            00000001400825f8     libucrt:putwch.obj
 0002:00014600       $unwind$_putwch_nolock     0000000140082600     libucrt:putwch.obj
 0002:00014608       $unwind$??$__acrt_lock_and_call@V<lambda_9e0b6ab72a5b3ae37ad997d08b519f50>@@@@YAGW4__acrt_lock_id@@$$QEAV<lambda_9e0b6ab72a5b3ae37ad997d08b519f50>@@@Z 0000000140082608     libucrt:putwch.obj
 0002:00014610       $unwind$??$?RV<lambda_0384895ae1aa6ccbfe369a30d6ca2ef7>@@AEAV<lambda_9e0b6ab72a5b3ae37ad997d08b519f50>@@V<lambda_7e22f70504d73c22058e5832bde5914f>@@@?$__crt_seh_guarded_call@G@@QEAAG$$QEAV<lambda_0384895ae1aa6ccbfe369a30d6ca2ef7>@@AEAV<lambda_9e0b6ab72a5b3ae37ad997d08b519f50>@@$$QEAV<lambda_7e22f70504d73c22058e5832bde5914f>@@@Z 0000000140082610     libucrt:putwch.obj
 0002:00014638       $unwind$?fin$0@?0???$?RV<lambda_0384895ae1aa6ccbfe369a30d6ca2ef7>@@AEAV<lambda_9e0b6ab72a5b3ae37ad997d08b519f50>@@V<lambda_7e22f70504d73c22058e5832bde5914f>@@@?$__crt_seh_guarded_call@G@@QEAAG$$QEAV<lambda_0384895ae1aa6ccbfe369a30d6ca2ef7>@@AEAV<lambda_9e0b6ab72a5b3ae37ad997d08b519f50>@@$$QEAV<lambda_7e22f70504d73c22058e5832bde5914f>@@@Z@4HA 0000000140082638     libucrt:putwch.obj
 0002:00014640       $unwind$_read              0000000140082640     libucrt:read.obj
 0002:00014674       $unwind$_read$fin$0        0000000140082674     libucrt:read.obj
 0002:0001467c       $unwind$_read_nolock       000000014008267c     libucrt:read.obj
 0002:00014698       $unwind$?translate_utf16_from_console_nolock@@YAHHQEA_W_K@Z 0000000140082698     libucrt:read.obj
 0002:000146a0       $unwind$?translate_ansi_or_utf8_nolock@@YAHHQEAD_KQEA_W1@Z 00000001400826a0     libucrt:read.obj
 0002:000146bc       $unwind$??$translate_text_mode_nolock@D@@YAHHQEAD_K@Z 00000001400826bc     libucrt:read.obj
 0002:000146d8       $unwind$??$translate_text_mode_nolock@_W@@YAHHQEA_W_K@Z 00000001400826d8     libucrt:read.obj
 0002:000146f4       $unwind$fclose             00000001400826f4     libucrt:fclose.obj
 0002:0001471c       $unwind$fclose$fin$0       000000014008271c     libucrt:fclose.obj
 0002:00014724       $unwind$_fclose_nolock     0000000140082724     libucrt:fclose.obj
 0002:00014734       $unwind$?__mbrtoc32_utf8@__crt_mbstring@@YA_KPEA_UPEBD_KPEAU_Mbstatet@@@Z 0000000140082734     libucrt:mbrtoc32.obj
 0002:00014754       $unwind$_controlfp_s       0000000140082754     libucrt:contrlfp.obj
 0002:0001475c       $unwind$fegetenv           000000014008275c     libucrt:fegetenv.obj
 0002:00014764       $unwind$fesetenv           0000000140082764     libucrt:fesetenv.obj
 0002:0001476c       $unwind$feholdexcept       000000014008276c     libucrt:feholdexcept.obj
 0002:00014778       $xdatasym                  0000000140082778     libucrt:log10.obj
 0002:00014788       $unwind$__acrt_fenv_set_control 0000000140082788     libucrt:_fenvutils.obj
 0002:0001479c       $unwind$?to_machine_sse_control@@YA?AW4__acrt_fenv_machine_sse_control@@W4__acrt_fenv_abstract_control@@@Z 000000014008279c     libucrt:_fenvutils.obj
 0002:000147b0       $unwind$__acrt_stdio_allocate_buffer_nolock 00000001400827b0     libucrt:_getbuf.obj
 0002:000147c0       $unwind$__acrt_LCMapStringW 00000001400827c0     libucrt:lcmapstringw.obj
 0002:000147d8       $unwind$__dcrt_lowio_ensure_console_output_initialized 00000001400827d8     libucrt:initcon.obj
 0002:000147e0       $unwind$__dcrt_write_console 00000001400827e0     libucrt:initcon.obj
 0002:000147f8       $unwind$?__dcrt_lowio_initialize_console_output@@YAXXZ 00000001400827f8     libucrt:initcon.obj
 0002:00014800       $unwind$__dcrt_terminate_console_output 0000000140082800     libucrt:initcon.obj
 0002:00014808       $unwind$??R<lambda_61c1b8a38cedca4df5fdc542e6ccae6d>@@QEBAHXZ 0000000140082808     libucrt:initcon.obj
 0002:00014810       $unwind$??$console_output_reopen_and_retry@V<lambda_61c1b8a38cedca4df5fdc542e6ccae6d>@@@@YAHAEBV<lambda_61c1b8a38cedca4df5fdc542e6ccae6d>@@@Z 0000000140082810     libucrt:initcon.obj
 0002:00014820       $unwind$_close             0000000140082820     libucrt:close.obj
 0002:00014828       $unwind$_close_nolock      0000000140082828     libucrt:close.obj
 0002:00014838       $unwind$?close_os_handle_nolock@@YAKH@Z 0000000140082838     libucrt:close.obj
 0002:00014848       $unwind$??R<lambda_628dfdc04ba53c8bfc02c9951375f3f5>@@QEBAHXZ 0000000140082848     libucrt:close.obj
 0002:00014850       $unwind$??$__acrt_lowio_lock_fh_and_call@V<lambda_628dfdc04ba53c8bfc02c9951375f3f5>@@@@YAHH$$QEAV<lambda_628dfdc04ba53c8bfc02c9951375f3f5>@@@Z 0000000140082850     libucrt:close.obj
 0002:00014858       $unwind$??$?RV<lambda_751a882b2c74d4b022dec766aa51a29a>@@AEAV<lambda_628dfdc04ba53c8bfc02c9951375f3f5>@@V<lambda_f6c7be5f7998530c34de24c7437d6b54>@@@?$__crt_seh_guarded_call@H@@QEAAH$$QEAV<lambda_751a882b2c74d4b022dec766aa51a29a>@@AEAV<lambda_628dfdc04ba53c8bfc02c9951375f3f5>@@$$QEAV<lambda_f6c7be5f7998530c34de24c7437d6b54>@@@Z 0000000140082858     libucrt:close.obj
 0002:00014880       $unwind$?fin$0@?0???$?RV<lambda_751a882b2c74d4b022dec766aa51a29a>@@AEAV<lambda_628dfdc04ba53c8bfc02c9951375f3f5>@@V<lambda_f6c7be5f7998530c34de24c7437d6b54>@@@?$__crt_seh_guarded_call@H@@QEAAH$$QEAV<lambda_751a882b2c74d4b022dec766aa51a29a>@@AEAV<lambda_628dfdc04ba53c8bfc02c9951375f3f5>@@$$QEAV<lambda_f6c7be5f7998530c34de24c7437d6b54>@@@Z@4HA 0000000140082880     libucrt:close.obj
 0002:00014888       $unwind$?__acrt_stdio_allocate_stream@@YA?AV__crt_stdio_stream@@XZ 0000000140082888     libucrt:stream.obj
 0002:000148ac       $unwind$?fin$0@?0??__acrt_stdio_allocate_stream@@YA?AV__crt_stdio_stream@@XZ@4HA 00000001400828ac     libucrt:stream.obj
 0002:000148b4       $unwind$?find_or_allocate_unused_stream_nolock@@YA?AV__crt_stdio_stream@@XZ 00000001400828b4     libucrt:stream.obj
 0002:000148cc       $unwind$??1?$__crt_unique_heap_ptr@U__crt_stdio_stream_data@@U__crt_internal_free_policy@@@@QEAA@XZ 00000001400828cc     libucrt:stream.obj
 0002:000148d4       $unwind$?release@?$__crt_unique_heap_ptr@U__crt_stdio_stream_data@@U__crt_internal_free_policy@@@@QEAAXXZ 00000001400828d4     libucrt:stream.obj
 0002:000148dc       $unwind$_clearfp           00000001400828dc     libucrt:ieee.obj
 0002:000148e4       $unwind$_set_controlfp     00000001400828e4     libucrt:ieee.obj
 0002:000148ec       $unwind$common_control87   00000001400828ec     libucrt:ieee.obj
 0002:0001491c       $unwind$common_control87$filt$0 000000014008291c     libucrt:ieee.obj
 0002:00014924       $unwind$_call_matherr      0000000140082924     libucrt:libm_error.obj
 0002:0001492c       $unwind$_exception_enabled 000000014008292c     libucrt:libm_error.obj
 0002:00014940       $unwind$_handle_errorf     0000000140082940     libucrt:libm_error.obj
 0002:00014964       $unwind$_handle_error      0000000140082964     libucrt:libm_error.obj
 0002:00014988       $unwind$__acrt_initialize_fma3 0000000140082988     libucrt:fma3_available.obj
 0002:00014990       $unwind$_logf_special_common 0000000140082990     libucrt:log_special.obj
 0002:000149a0       $unwind$_logf_special      00000001400829a0     libucrt:log_special.obj
 0002:000149a8       $unwind$_log10f_special    00000001400829a8     libucrt:log_special.obj
 0002:000149b0       $unwind$_log_special_common 00000001400829b0     libucrt:log_special.obj
 0002:000149c0       $unwind$_log_special       00000001400829c0     libucrt:log_special.obj
 0002:000149c8       $unwind$_log10_special     00000001400829c8     libucrt:log_special.obj
 0002:000149d0       $xdatasym                  00000001400829d0     libucrt:fpsr.obj
 0002:000149d8       $unwind$_except1           00000001400829d8     libucrt:fpexcept.obj
 0002:000149fc       $unwind$_except2           00000001400829fc     libucrt:fpexcept.obj
 0002:00014a24       $unwind$_set_errno_from_matherr 0000000140082a24     libucrt:fpexcept.obj
 0002:00014a2c       $unwind$_handle_exc        0000000140082a2c     libucrt:fpexcept.obj
 0002:00014a4c       $unwind$_raise_excf        0000000140082a4c     libucrt:fpexcept.obj
 0002:00014a54       $unwind$_raise_exc         0000000140082a54     libucrt:fpexcept.obj
 0002:00014a5c       $unwind$_umatherr          0000000140082a5c     libucrt:fpexcept.obj
 0002:00014a64       $unwind$_raise_exc_ex      0000000140082a64     libucrt:fpexcept.obj
 0002:00014a7c       $unwind$_clrfp             0000000140082a7c     libucrt:fpctrl.obj
 0002:00014a84       $unwind$_ctrlfp            0000000140082a84     libucrt:fpctrl.obj
 0002:00014ab0       $unwind$_ctrlfp$filt$0     0000000140082ab0     libucrt:fpctrl.obj
 0002:00014ab8       $unwind$_statfp            0000000140082ab8     libucrt:fpctrl.obj
 0002:00014ac0       $unwind$_set_statfp        0000000140082ac0     libucrt:fpctrl.obj
 0002:00014ac8       $unwind$_IsNonwritableInCurrentImage 0000000140082ac8     libcmt:pesect.obj
 0002:00014af0       $unwind$_IsNonwritableInCurrentImage$filt$0 0000000140082af0     libcmt:pesect.obj
 0002:00014af8       $unwind$??_Gtype_info@@UEAAPEAXI@Z 0000000140082af8     libcmt:std_type_info_static.obj
 0002:00014b00       $unwind$__GSHandlerCheckCommon 0000000140082b00     libcmt:gshandler.obj
 0002:00014b08       $unwind$__GSHandlerCheck   0000000140082b08     libcmt:gshandler.obj
 0002:00014b10       $xdatasym                  0000000140082b10     libcmt:amdsecgs.obj
 0002:00014b14       $unwind$__GSHandlerCheck_SEH 0000000140082b14     libcmt:gshandlerseh.obj
 0002:00014b30       $unwind$__report_securityfailure 0000000140082b30     libcmt:gs_report.obj
 0002:00014b38       $unwind$__report_securityfailureEx 0000000140082b38     libcmt:gs_report.obj
 0002:00014b40       $unwind$__report_rangecheckfailure 0000000140082b40     libcmt:gs_report.obj
 0002:00014b48       $unwind$__report_gsfailure 0000000140082b48     libcmt:gs_report.obj
 0002:00014b50       $unwind$capture_current_context 0000000140082b50     libcmt:gs_report.obj
 0002:00014b60       $unwind$capture_previous_context 0000000140082b60     libcmt:gs_report.obj
 0002:00014b70       $unwind$__raise_securityfailure 0000000140082b70     libcmt:gs_report.obj
 0002:00014b78       $xdatasym                  0000000140082b78     libvcruntime:memcmp.obj
 0002:00014b7c       $unwind$strrchr            0000000140082b7c     libvcruntime:strrchr.obj
 0002:00014b84       $unwind$_local_unwind      0000000140082b84     libvcruntime:jmpuwind.obj
 0003:00000050       ?__vcrt_flsindex@@3KA      0000000140084050     libvcruntime:per_thread_data.obj
 0003:00000058       ?prefix@?1??getDimension@UnDecorator@@CA?AVDName@@_N@Z@4UStringLiteral@@A 0000000140084058     libvcruntime:undname.obj
 0003:00000070       _ctype_loc_style           0000000140084070     libucrt:wsetlocale.obj
 0003:0000009c       ?errno_no_memory@@3HA      000000014008409c     libucrt:errno.obj
 0003:000000a0       ?doserrno_no_memory@@3KA   00000001400840a0     libucrt:errno.obj
 0003:000000a4       ?__acrt_flsindex@@3KA      00000001400840a4     libucrt:per_thread_data.obj
 0003:00000510       _mbctypes                  0000000140084510     libucrt:mbctype.obj
 0003:00000650       _mbcasemaps                0000000140084650     libucrt:mbctype.obj
 0003:00000784       ?__rgctypeflag@@3PADA      0000000140084784     libucrt:mbctype.obj
 0003:00000790       ?__rgcode_page_info@@3PAUcode_page_info@@A 0000000140084790     libucrt:mbctype.obj
 0003:00000c60       ?__dcrt_lowio_console_output_handle@@3PEAXEA 0000000140084c60     libucrt:initcon.obj
 0003:00000c69       ?dazSupported@?1??common_control87@@9@9 0000000140084c69     libucrt:ieee.obj
 0003:00000c70       ?dazSupported@?1??_ctrlfp@@9@9 0000000140084c70     libucrt:fpctrl.obj
 0003:00001170       Config                     0000000140085170     main-3ad31c.o
 0003:000011a8       ?is_initialized_as_dll@@3_NA 00000001400851a8     libcmt:utility.obj
 0003:000011a9       ?module_local_atexit_table_initialized@@3_NA 00000001400851a9     libcmt:utility.obj
 0003:000011b0       ?module_local_atexit_table@@3U_onexit_table_t@@A 00000001400851b0     libcmt:utility.obj
 0003:000011c8       ?module_local_at_quick_exit_table@@3U_onexit_table_t@@A 00000001400851c8     libcmt:utility.obj
 0003:00001240       ?__vcrt_startup_thread_ptd@@3U__vcrt_ptd@@A 0000000140085240     libvcruntime:per_thread_data.obj
 0003:000012e0       __vcrt_lock_table          00000001400852e0     libvcruntime:locks.obj
 0003:00001308       __vcrt_locks_initialized   0000000140085308     libvcruntime:locks.obj
 0003:00001358       ?heap@@3V_HeapManager@@A   0000000140085358     libvcruntime:undname.obj
 0003:00001398       ?module_handles@@3PAPEAUHINSTANCE__@@A 0000000140085398     libvcruntime:winapi_downlevel.obj
 0003:000013b0       ?function_pointers@@3PAPEAXA 00000001400853b0     libvcruntime:winapi_downlevel.obj
 0003:000013f4       ?__acrt_app_type@@3W4_crt_app_type@@A 00000001400853f4     libucrt:report_runtime_error.obj
 0003:00001400       ?outmsg@?9??__acrt_report_runtime_error@@9@4PA_WA 0000000140085400     libucrt:report_runtime_error.obj
 0003:00001b68       ?user_matherr@@3V?$dual_state_global@P6AHPEAU_exception@@@Z@__crt_state_management@@A 0000000140085b68     libucrt:matherr.obj
 0003:00001b80       ?program_name@?1???$common_configure_argv@D@@YAHW4_crt_argv_mode@@@Z@4PADA 0000000140085b80     libucrt:argv_parsing.obj
 0003:00001cc0       ?program_name@?1???$common_configure_argv@_W@@YAHW4_crt_argv_mode@@@Z@4PA_WA 0000000140085cc0     libucrt:argv_parsing.obj
 0003:00001f6c       ?c_termination_complete@@3JA 0000000140085f6c     libucrt:exit.obj
 0003:00001f70       ?thread_local_exit_callback_func@@3P6AXPEAXK0@ZEA 0000000140085f70     libucrt:exit.obj
 0003:00001fe0       ?__acrt_global_new_mode@@3V?$dual_state_global@J@__crt_state_management@@A 0000000140085fe0     libucrt:new_mode.obj
 0003:00002028       ?__acrt_invalid_parameter_handler@@3V?$dual_state_global@P6AXPEB_W00I_K@Z@__crt_state_management@@A 0000000140086028     libucrt:invalid_parameter.obj
 0003:00002044       __acrt_error_mode          0000000140086044     libucrt:set_error_mode.obj
 0003:00002060       ?fSystemSet@@3HA           0000000140086060     libucrt:mbctype.obj
 0003:00002069       ?initialized@?1??__acrt_initialize_multibyte@@9@4_NA 0000000140086069     libucrt:mbctype.obj
 0003:00002070       ?__acrt_lock_table@@3PAU_RTL_CRITICAL_SECTION@@A 0000000140086070     libucrt:locks.obj
 0003:000022a0       ?__acrt_locks_initialized@@3IA 00000001400862a0     libucrt:locks.obj
 0003:00002314       ?state_cache@?1???$get_cached_win_policy@Ubegin_thread_init_policy_properties@?1??__acrt_get_begin_thread_init_policy@@YA?AW4begin_thread_init_policy@@XZ@@@YA?AW4begin_thread_init_policy@@W4AppPolicyThreadInitializationType@@@Z@4JA 0000000140086314     libucrt:win_policies.obj
 0003:00002318       ?state_cache@?1???$get_cached_win_policy@Udeveloper_information_policy_properties@?1??__acrt_get_developer_information_policy@@YA?AW4developer_information_policy@@XZ@@@YA?AW4developer_information_policy@@W4AppPolicyShowDeveloperDiagnostic@@@Z@4JA 0000000140086318     libucrt:win_policies.obj
 0003:0000231c       ?state_cache@?1???$get_cached_win_policy@Uwindowing_model_policy_properties@?1??__acrt_get_windowing_model_policy@@YA?AW4windowing_model_policy@@XZ@@@YA?AW4windowing_model_policy@@W4AppPolicyWindowingModel@@@Z@4JA 000000014008631c     libucrt:win_policies.obj
 0003:00002800       ?module_handles@@3PAPEAUHINSTANCE__@@A 0000000140086800     libucrt:winapi_thunks.obj
 0003:000028a0       ?encoded_function_pointers@@3PAPEAXA 00000001400868a0     libucrt:winapi_thunks.obj
 0003:00002a08       ?static_enum_proc@?1??enum_system_locales_ex_nolock@@YAHQ6AHPEA_WK_J@Z@Z@4P6AH0K1@ZEA 0000000140086a08     libucrt:winapi_thunks.obj
 0003:00002a28       ?__acrt_new_handler@@3V?$dual_state_global@P6AH_K@Z@__crt_state_management@@A 0000000140086a28     libucrt:new_handler.obj
 0003:00002a31       ?console_ctrl_handler_installed@@3_NA 0000000140086a31     libucrt:signal.obj
 0003:00002a38       ?ctrlc_action@@3V?$dual_state_global@P6AXH@Z@__crt_state_management@@A 0000000140086a38     libucrt:signal.obj
 0003:00002a40       ?ctrlbreak_action@@3V?$dual_state_global@P6AXH@Z@__crt_state_management@@A 0000000140086a40     libucrt:signal.obj
 0003:00002a48       ?abort_action@@3V?$dual_state_global@P6AXH@Z@__crt_state_management@@A 0000000140086a48     libucrt:signal.obj
 0003:00002a50       ?term_action@@3V?$dual_state_global@P6AXH@Z@__crt_state_management@@A 0000000140086a50     libucrt:signal.obj
 0003:00002a98       ?internal_state@?1??_mbtowc_l@@9@4U_Mbstatet@@A 0000000140086a98     libucrt:mbtowc.obj
 0003:00002aa8       ?enable_percent_n@@3_KA    0000000140086aa8     libucrt:printf_count_output.obj
 0003:00002ab8       ?mbst@?1??mbrlen@@9@4U_Mbstatet@@A 0000000140086ab8     libucrt:mbrtowc.obj
 0003:00002ac8       ?mbst@?1??mbrtowc@@9@4U_Mbstatet@@A 0000000140086ac8     libucrt:mbrtowc.obj
 0003:00002ad8       ?mbst@?1??_mbsrtowcs_helper@@YA_KPEA_WPEAPEBD_KPEAU_Mbstatet@@@Z@4U2@A 0000000140086ad8     libucrt:mbrtowc.obj
 0003:00002ae8       ?internal_pst@?1??__mbrtoc32_utf8@__crt_mbstring@@YA_KPEA_UPEBD_KPEAU_Mbstatet@@@Z@4U3@A 0000000140086ae8     libucrt:mbrtoc32.obj
 0003:00002b00       GS_ExceptionRecord         0000000140086b00     libcmt:gs_report.obj
 0003:00002ba0       GS_ContextRecord           0000000140086ba0     libcmt:gs_report.obj
 0005:00000aaa       .idata$6                   000000014008daaa     Vipoc:Vipoc.dll
 0005:00000c38       .idata$6                   000000014008dc38     kernel32:KERNEL32.dll
 0007:00000000       MsetTab                    0000000140090000     libvcruntime:memset.obj
 0007:00000060       MoveSmall                  0000000140090060     libvcruntime:memcpy.obj
 0007:000000a0       MoveSmallYmm               00000001400900a0     libvcruntime:memcpy.obj
 0007:000000c4       MoveSmallYmmNT             00000001400900c4     libvcruntime:memcpy.obj
 0007:000000e8       MoveSmallXmm               00000001400900e8     libvcruntime:memcpy.obj
