 game

 Timestamp is 61d2bbb5 (Mon Jan  3 11:02:45 2022)

 Preferred load address is 0000000140000000

 Start         Length     Name                   Class
 0001:00000000 0000ad20H .text                   CODE
 0001:0000ad20 00060aa0H .text$mn                CODE
 0001:0006b7c0 00001040H .text$mn$00             CODE
 0001:0006c800 00001c36H .text$x                 CODE
 0002:00000000 00000110H .CRT$XCA                DATA
 0002:00000110 00000110H .CRT$XCAA               DATA
 0002:00000220 00000110H .CRT$XCZ                DATA
 0002:00000330 00000110H .CRT$XIA                DATA
 0002:00000440 00000110H .CRT$XIAA               DATA
 0002:00000550 00000110H .CRT$XIAC               DATA
 0002:00000660 00000140H .CRT$XIC                DATA
 0002:000007a0 00000110H .CRT$XIZ                DATA
 0002:000008b0 00000110H .CRT$XPA                DATA
 0002:000009c0 00000120H .CRT$XPX                DATA
 0002:00000ae0 00000110H .CRT$XPXA               DATA
 0002:00000bf0 00000110H .CRT$XPZ                DATA
 0002:00000d00 00000110H .CRT$XTA                DATA
 0002:00000e10 00000110H .CRT$XTZ                DATA
 0002:00000f20 0000d2e0H .rdata                  DATA
 0002:0000e200 00000200H .rdata$CastGuardVftablesA DATA
 0002:0000e400 000001a0H .rdata$CastGuardVftablesC DATA
 0002:0000e5a0 0000060cH .rdata$r                DATA
 0002:0000ebac 0000015cH .rdata$zzzdbg           DATA
 0002:0000ed08 00000110H .rtc$IAA                DATA
 0002:0000ee18 00000110H .rtc$IZZ                DATA
 0002:0000ef28 00000110H .rtc$TAA                DATA
 0002:0000f038 00000110H .rtc$TZZ                DATA
 0002:0000f148 00006478H .xdata                  DATA
 0002:000155c0 00000196H .xdata$x                DATA
 0002:00015756 00000000H .edata                  DATA
 0003:00000000 00000dc8H .data                   DATA
 0003:00000dc8 00000190H .data$r                 DATA
 0003:00000f58 00000228H .data$rs                DATA
 0003:00001180 00002811H .bss                    DATA
 0004:00000000 00004ff8H .pdata                  DATA
 0005:00000000 00000510H .idata$5                DATA
 0005:00000510 00000028H .idata$2                DATA
 0005:00000538 00000018H .idata$3                DATA
 0005:00000550 00000510H .idata$4                DATA
 0005:00000a60 00000b28H .idata$6                DATA
 0006:00000000 00000163H .00cfg                  DATA
 0007:00000000 00000232H _RDATA                  DATA

  Address         Publics by Value              Rva+Base               Lib:Object

 0000:00000000       __AbsoluteZero             0000000000000000     <absolute>
 0000:00000000       __guard_longjmp_table      0000000000000000     <absolute>
 0000:00000000       __enclave_config           0000000000000000     <absolute>
 0000:00000000       __x64_code_ranges_to_entry_points 0000000000000000     <absolute>
 0000:00000000       __hybrid_code_map_count    0000000000000000     <absolute>
 0000:00000000       __guard_eh_cont_count      0000000000000000     <absolute>
 0000:00000000       ___safe_se_handler_count   0000000000000000     <absolute>
 0000:00000000       ___safe_se_handler_table   0000000000000000     <absolute>
 0000:00000000       __hybrid_auxiliary_iat_copy 0000000000000000     <absolute>
 0000:00000000       __guard_fids_count         0000000000000000     <absolute>
 0000:00000000       __arm64x_extra_rfe_table_size 0000000000000000     <absolute>
 0000:00000000       __hybrid_auxiliary_iat     0000000000000000     <absolute>
 0000:00000000       __x64_code_ranges_to_entry_points_count 0000000000000000     <absolute>
 0000:00000000       __dynamic_value_reloc_table 0000000000000000     <absolute>
 0000:00000000       __guard_eh_cont_table      0000000000000000     <absolute>
 0000:00000000       __volatile_metadata        0000000000000000     <absolute>
 0000:00000000       __guard_check_icall_a64n_fptr 0000000000000000     <absolute>
 0000:00000000       __guard_longjmp_count      0000000000000000     <absolute>
 0000:00000000       __guard_iat_count          0000000000000000     <absolute>
 0000:00000000       __arm64x_extra_rfe_table   0000000000000000     <absolute>
 0000:00000000       __arm64x_redirection_metadata 0000000000000000     <absolute>
 0000:00000000       __hybrid_code_map          0000000000000000     <absolute>
 0000:00000000       __guard_iat_table          0000000000000000     <absolute>
 0000:00000000       __guard_fids_table         0000000000000000     <absolute>
 0000:00000000       __arm64x_native_entrypoint 0000000000000000     <absolute>
 0000:00000000       __arm64x_redirection_metadata_count 0000000000000000     <absolute>
 0000:00000100       __guard_flags              0000000000000100     <absolute>
 0000:00000000       __ImageBase                0000000140000000     <linker-defined>
 0001:00005f60       ??H@YA?AUm2@@U0@Uv2@@@Z    0000000140006f60 f   main-ef8b56.o
 0001:00005ff0       ??Y@YAAEAUm2@@AEAU0@Uv2@@@Z 0000000140006ff0 f   main-ef8b56.o
 0001:00006060       ??D@YA?AUv2@@U0@M@Z        0000000140007060 f   main-ef8b56.o
 0001:000060b0       ??D@YA?AUv2@@MU0@@Z        00000001400070b0 f   main-ef8b56.o
 0001:000060f0       ??H@YA?AUv2@@U0@0@Z        00000001400070f0 f   main-ef8b56.o
 0001:00006140       ??X@YAAEAUv2@@AEAU0@M@Z    0000000140007140 f   main-ef8b56.o
 0001:00006190       ?GameUpdateAndRenderStub@@YAHPEAUatlas_member@@Uvp_game@@MMUrectangle@@PEAUvp_2d_render_target@@HH@Z 0000000140007190 f   main-ef8b56.o
 0001:000061c0       ?GetAtlasRect@@YA?AUrectangle@@Uentire_file@@@Z 00000001400071c0 f   main-ef8b56.o
 0001:000062c0       ?ToNextLine@@YAPEAEPEAE@Z  00000001400072c0 f   main-ef8b56.o
 0001:00006300       ?ParseVATFile@@YAXPEAUatlas_member@@Uentire_file@@@Z 0000000140007300 f   main-ef8b56.o
 0001:000064f0       ?LockCamera@@YAXXZ         00000001400074f0 f   main-ef8b56.o
 0001:00006550       ?HandleInput@@YAXXZ        0000000140007550 f   main-ef8b56.o
 0001:00006610       ?HandlePlayerMovement@@YAXW4keys@@@Z 0000000140007610 f   main-ef8b56.o
 0001:000067a0       ?OnKeyDown@@YAXW4keys@@H@Z 00000001400077a0 f   main-ef8b56.o
 0001:00006ae0       ?StopConsole@@YAXXZ        0000000140007ae0 f   main-ef8b56.o
 0001:00006b30       ?GenerateYOffsetForTileMap@@YAXQEAY0BA@IPEA_K@Z 0000000140007b30 f   main-ef8b56.o
 0001:00006bc0       ?HandleConsoleProgression@@YAXXZ 0000000140007bc0 f   main-ef8b56.o
 0001:00006c20       ?HandleCommand@@YAXPEAD@Z  0000000140007c20 f   main-ef8b56.o
 0001:00006c30       ?OnResize@@YAHPEAUvp_game@@HH@Z 0000000140007c30 f   main-ef8b56.o
 0001:00006c90       ?LoadSharable@@YA?AUreloader@@PEAD@Z 0000000140007c90 f   main-ef8b56.o
 0001:00006e80       ?CreateSnowParticles@@YAXPEA_K@Z 0000000140007e80 f   main-ef8b56.o
 0001:000070a0       main                       00000001400080a0 f   main-ef8b56.o
 0001:00008460       normalize_between          0000000140009460 f i main-ef8b56.o
 0001:000084e0       ?OutputPathFromSource@@YAPEADPEAD0PEBD@Z 00000001400094e0 f i main-ef8b56.o
 0001:0000ad20       vp_lock_camera             000000014000bd20 f   Vipoc:Vipoc.dll
 0001:0000ad26       vp_is_keydown              000000014000bd26 f   Vipoc:Vipoc.dll
 0001:0000ad2c       vp_move_camera             000000014000bd2c f   Vipoc:Vipoc.dll
 0001:0000ad32       vp_unlock_camera           000000014000bd32 f   Vipoc:Vipoc.dll
 0001:0000ad38       vp_toggle_polygons         000000014000bd38 f   Vipoc:Vipoc.dll
 0001:0000ad3e       platform_toggle_vsync      000000014000bd3e f   Vipoc:Vipoc.dll
 0001:0000ad44       vp_toggle_particle_update  000000014000bd44 f   Vipoc:Vipoc.dll
 0001:0000ad4a       platform_switch_fullscreen 000000014000bd4a f   Vipoc:Vipoc.dll
 0001:0000ad50       vp_random_from_seed        000000014000bd50 f   Vipoc:Vipoc.dll
 0001:0000ad56       vp_get_dtime               000000014000bd56 f   Vipoc:Vipoc.dll
 0001:0000ad5c       vstd_strcat                000000014000bd5c f   Vipoc:Vipoc.dll
 0001:0000ad62       platform_get_sharable_extension 000000014000bd62 f   Vipoc:Vipoc.dll
 0001:0000ad68       platform_copy_file         000000014000bd68 f   Vipoc:Vipoc.dll
 0001:0000ad6e       vp_log                     000000014000bd6e f   Vipoc:Vipoc.dll
 0001:0000ad74       platform_load_sharable     000000014000bd74 f   Vipoc:Vipoc.dll
 0001:0000ad7a       platform_get_function_from_sharable 000000014000bd7a f   Vipoc:Vipoc.dll
 0001:0000ad80       vp_create_particle         000000014000bd80 f   Vipoc:Vipoc.dll
 0001:0000ad86       vp_init                    000000014000bd86 f   Vipoc:Vipoc.dll
 0001:0000ad8c       platform_get_absolute_path 000000014000bd8c f   Vipoc:Vipoc.dll
 0001:0000ad92       platform_allocate_memory_chunk 000000014000bd92 f   Vipoc:Vipoc.dll
 0001:0000ad98       platform_read_entire_file  000000014000bd98 f   Vipoc:Vipoc.dll
 0001:0000ad9e       vp_parse_font_fnt          000000014000bd9e f   Vipoc:Vipoc.dll
 0001:0000ada4       vp_load_text_atlas         000000014000bda4 f   Vipoc:Vipoc.dll
 0001:0000adaa       vp_load_simple_obj         000000014000bdaa f   Vipoc:Vipoc.dll
 0001:0000adb0       vp_random_seed             000000014000bdb0 f   Vipoc:Vipoc.dll
 0001:0000adb6       platform_get_frequency     000000014000bdb6 f   Vipoc:Vipoc.dll
 0001:0000adbc       platform_get_perf_counter  000000014000bdbc f   Vipoc:Vipoc.dll
 0001:0000adc2       platform_free_sharable     000000014000bdc2 f   Vipoc:Vipoc.dll
 0001:0000adc8       vp_handle_messages         000000014000bdc8 f   Vipoc:Vipoc.dll
 0001:0000adce       vp_draw_rectangle          000000014000bdce f   Vipoc:Vipoc.dll
 0001:0000add4       vp_draw_text               000000014000bdd4 f   Vipoc:Vipoc.dll
 0001:0000adda       vp_object_pushback         000000014000bdda f   Vipoc:Vipoc.dll
 0001:0000ade0       _vstd_sPrintf              000000014000bde0 f   Vipoc:Vipoc.dll
 0001:0000ade6       vp_present                 000000014000bde6 f   Vipoc:Vipoc.dll
 0001:0000ae00       _alloca_probe              000000014000be00 f   libcmt:chkstk.obj
 0001:0000ae00       __chkstk                   000000014000be00 f   libcmt:chkstk.obj
 0001:0000b174       ?configure_argv@__scrt_narrow_argv_policy@@SAHXZ 000000014000c174 f i libcmt:exe_main.obj
 0001:0000b190       ?initialize_environment@__scrt_narrow_environment_policy@@SAHXZ 000000014000c190 f i libcmt:exe_main.obj
 0001:0000b1dc       ?set_app_type@__scrt_main_policy@@SAXXZ 000000014000c1dc f i libcmt:exe_main.obj
 0001:0000b1e8       ?set_commode@__scrt_file_policy@@SAXXZ 000000014000c1e8 f i libcmt:exe_main.obj
 0001:0000b208       ?set_fmode@__scrt_file_policy@@SAXXZ 000000014000c208 f i libcmt:exe_main.obj
 0001:0000b224       mainCRTStartup             000000014000c224 f   libcmt:exe_main.obj
 0001:0000b2d4       NtCurrentTeb               000000014000c2d4 f i libcmt:utility.obj
 0001:0000b2e0       __scrt_acquire_startup_lock 000000014000c2e0 f   libcmt:utility.obj
 0001:0000b328       __scrt_dllmain_after_initialize_c 000000014000c328 f   libcmt:utility.obj
 0001:0000b36c       __scrt_dllmain_before_initialize_c 000000014000c36c f   libcmt:utility.obj
 0001:0000b388       __scrt_dllmain_crt_thread_attach 000000014000c388 f   libcmt:utility.obj
 0001:0000b3bc       __scrt_dllmain_crt_thread_detach 000000014000c3bc f   libcmt:utility.obj
 0001:0000b3d8       __scrt_dllmain_exception_filter 000000014000c3d8 f   libcmt:utility.obj
 0001:0000b450       __scrt_dllmain_uninitialize_c 000000014000c450 f   libcmt:utility.obj
 0001:0000b48c       __scrt_dllmain_uninitialize_critical 000000014000c48c f   libcmt:utility.obj
 0001:0000b4a8       __scrt_initialize_crt      000000014000c4a8 f   libcmt:utility.obj
 0001:0000b504       __scrt_initialize_onexit_tables 000000014000c504 f   libcmt:utility.obj
 0001:0000b5b4       __scrt_is_nonwritable_in_current_image 000000014000c5b4 f   libcmt:utility.obj
 0001:0000b674       __scrt_release_startup_lock 000000014000c674 f   libcmt:utility.obj
 0001:0000b6a4       __scrt_uninitialize_crt    000000014000c6a4 f   libcmt:utility.obj
 0001:0000b6d8       _onexit                    000000014000c6d8 f   libcmt:utility.obj
 0001:0000b720       at_quick_exit              000000014000c720 f   libcmt:utility.obj
 0001:0000b744       atexit                     000000014000c744 f   libcmt:utility.obj
 0001:0000b7e8       __security_init_cookie     000000014000c7e8 f   libcmt:gs_support.obj
 0001:0000b8c0       _matherr                   000000014000c8c0 f   libcmt:matherr.obj
 0001:0000b8c4       _get_startup_argv_mode     000000014000c8c4 f   libcmt:argv_mode.obj
 0001:0000b8cc       _get_startup_commit_mode   000000014000c8cc f   libcmt:commit_mode.obj
 0001:0000b8d0       _get_startup_file_mode     000000014000c8d0 f   libcmt:file_mode.obj
 0001:0000b8d8       _get_startup_new_mode      000000014000c8d8 f   libcmt:new_mode.obj
 0001:0000b8dc       _get_startup_thread_locale_mode 000000014000c8dc f   libcmt:thread_locale.obj
 0001:0000b8e0       ?__scrt_initialize_type_info@@YAXXZ 000000014000c8e0 f   libcmt:tncleanup.obj
 0001:0000b8f4       ?__scrt_uninitialize_type_info@@YAXXZ 000000014000c8f4 f   libcmt:tncleanup.obj
 0001:0000b904       _should_initialize_environment 000000014000c904 f   libcmt:env_mode.obj
 0001:0000b908       _initialize_invalid_parameter_handler 000000014000c908 f   libcmt:invalid_parameter_handler.obj
 0001:0000b90c       _initialize_denormal_control 000000014000c90c f   libcmt:denormal_control.obj
 0001:0000b910       __local_stdio_printf_options 000000014000c910 f i libcmt:default_local_stdio_options.obj
 0001:0000b91c       __local_stdio_scanf_options 000000014000c91c f i libcmt:default_local_stdio_options.obj
 0001:0000b928       __scrt_initialize_default_local_stdio_options 000000014000c928 f   libcmt:default_local_stdio_options.obj
 0001:0000b94c       __scrt_is_user_matherr_present 000000014000c94c f   libcmt:matherr_detection.obj
 0001:0000b95c       __scrt_get_dyn_tls_init_callback 000000014000c95c f   libcmt:dyn_tls_init.obj
 0001:0000b968       __scrt_get_dyn_tls_dtor_callback 000000014000c968 f   libcmt:dyn_tls_dtor.obj
 0001:0000b974       __crt_debugger_hook        000000014000c974 f   libcmt:utility_desktop.obj
 0001:0000b980       __scrt_fastfail            000000014000c980 f   libcmt:utility_desktop.obj
 0001:0000bb20       __scrt_get_show_window_mode 000000014000cb20 f   libcmt:utility_desktop.obj
 0001:0000bb68       __scrt_initialize_mta      000000014000cb68 f   libcmt:utility_desktop.obj
 0001:0000bb70       __scrt_initialize_winrt    000000014000cb70 f   libcmt:utility_desktop.obj
 0001:0000bb74       __scrt_is_managed_app      000000014000cb74 f   libcmt:utility_desktop.obj
 0001:0000bbdc       __scrt_set_unhandled_exception_filter 000000014000cbdc f   libcmt:utility_desktop.obj
 0001:0000bbf0       __scrt_exe_initialize_mta  000000014000cbf0 f   libcmt:utility_desktop.obj
 0001:0000bbf0       __scrt_stub_for_initialize_mta 000000014000cbf0 f   libcmt:utility_desktop.obj
 0001:0000bbf4       __scrt_unhandled_exception_filter 000000014000cbf4 f   libcmt:utility_desktop.obj
 0001:0000bc68       _RTC_Initialize            000000014000cc68 f   libcmt:initsect.obj
 0001:0000bcb4       _RTC_Terminate             000000014000ccb4 f   libcmt:initsect.obj
 0001:0000bd00       _guard_check_icall_nop     000000014000cd00 f i libcmt:guard_support.obj
 0001:0000bd04       ReadNoFence64              000000014000cd04 f i libcmt:guard_support.obj
 0001:0000bd08       ReadPointerNoFence         000000014000cd08 f i libcmt:guard_support.obj
 0001:0000bd0c       __castguard_check_failure_debugbreak 000000014000cd0c f i libcmt:guard_support.obj
 0001:0000bd30       __castguard_check_failure_fastfail 000000014000cd30 f i libcmt:guard_support.obj
 0001:0000bd5c       __castguard_check_failure_nop 000000014000cd5c f i libcmt:guard_support.obj
 0001:0000bd60       __castguard_check_failure_os_handled 000000014000cd60 f i libcmt:guard_support.obj
 0001:0000bdf4       __castguard_slow_path_check_debugbreak 000000014000cdf4 f i libcmt:guard_support.obj
 0001:0000be38       __castguard_slow_path_check_fastfail 000000014000ce38 f i libcmt:guard_support.obj
 0001:0000be80       __castguard_slow_path_check_nop 000000014000ce80 f i libcmt:guard_support.obj
 0001:0000be84       __castguard_slow_path_check_os_handled 000000014000ce84 f i libcmt:guard_support.obj
 0001:0000bf0c       _guard_icall_checks_enforced 000000014000cf0c f i libcmt:guard_support.obj
 0001:0000bf28       _guard_rf_checks_enforced  000000014000cf28 f i libcmt:guard_support.obj
 0001:0000bf2c       __isa_available_init       000000014000cf2c f   libcmt:cpu_disp.obj
 0001:0000c138       __scrt_is_ucrt_dll_in_use  000000014000d138 f   libcmt:ucrt_detection.obj
 0001:0000c150       QueryPerformanceCounter    000000014000d150 f   kernel32:KERNEL32.dll
 0001:0000c156       GetCurrentProcessId        000000014000d156 f   kernel32:KERNEL32.dll
 0001:0000c15c       GetCurrentThreadId         000000014000d15c f   kernel32:KERNEL32.dll
 0001:0000c162       GetSystemTimeAsFileTime    000000014000d162 f   kernel32:KERNEL32.dll
 0001:0000c168       InitializeSListHead        000000014000d168 f   kernel32:KERNEL32.dll
 0001:0000c16e       RtlCaptureContext          000000014000d16e f   kernel32:KERNEL32.dll
 0001:0000c174       RtlLookupFunctionEntry     000000014000d174 f   kernel32:KERNEL32.dll
 0001:0000c17a       RtlVirtualUnwind           000000014000d17a f   kernel32:KERNEL32.dll
 0001:0000c180       IsDebuggerPresent          000000014000d180 f   kernel32:KERNEL32.dll
 0001:0000c186       UnhandledExceptionFilter   000000014000d186 f   kernel32:KERNEL32.dll
 0001:0000c18c       SetUnhandledExceptionFilter 000000014000d18c f   kernel32:KERNEL32.dll
 0001:0000c192       GetStartupInfoW            000000014000d192 f   kernel32:KERNEL32.dll
 0001:0000c198       IsProcessorFeaturePresent  000000014000d198 f   kernel32:KERNEL32.dll
 0001:0000c19e       GetModuleHandleW           000000014000d19e f   kernel32:KERNEL32.dll
 0001:0000c1c0       memset_repmovs             000000014000d1c0 f   libvcruntime:memset.obj
 0001:0000c1e0       memset                     000000014000d1e0 f   libvcruntime:memset.obj
 0001:0000c3f0       memcpy_repmovs             000000014000d3f0 f   libvcruntime:memcpy.obj
 0001:0000c410       memmove                    000000014000d410 f   libvcruntime:memcpy.obj
 0001:0000c410       memcpy                     000000014000d410 f   libvcruntime:memcpy.obj
 0001:0000cc30       __C_specific_handler       000000014000dc30 f   libvcruntime:riscchandler.obj
 0001:0000cea4       __vcrt_initialize          000000014000dea4 f   libvcruntime:initialization.obj
 0001:0000ced8       __vcrt_thread_attach       000000014000ded8 f   libvcruntime:initialization.obj
 0001:0000cef4       __vcrt_thread_detach       000000014000def4 f   libvcruntime:initialization.obj
 0001:0000cf0c       __vcrt_uninitialize        000000014000df0c f   libvcruntime:initialization.obj
 0001:0000cf2c       __vcrt_uninitialize_critical 000000014000df2c f   libvcruntime:initialization.obj
 0001:0000cf54       ??$?RD@__crt_internal_free_policy@@QEBAXQEBD@Z 000000014000df54 f i libvcruntime:std_type_info.obj
 0001:0000cf60       ??$?RX@__crt_internal_free_policy@@QEBAXQEBX@Z 000000014000df60 f i libvcruntime:std_type_info.obj
 0001:0000cf6c       ??$__crt_interlocked_compare_exchange_pointer@$$CBDPEAD$$T@@YAPEBDPEDSEBDQEAD$$T@Z 000000014000df6c f i libvcruntime:std_type_info.obj
 0001:0000cf78       ??$__crt_interlocked_read_pointer@$$CBD@@YAPEBDPEDSEBD@Z 000000014000df78 f i libvcruntime:std_type_info.obj
 0001:0000cf80       ??0?$__crt_unique_heap_ptr@DU__crt_internal_free_policy@@@@QEAA@QEAD@Z 000000014000df80 f i libvcruntime:std_type_info.obj
 0001:0000cf88       ??0?$__crt_unique_heap_ptr@XU__crt_internal_free_policy@@@@QEAA@QEAX@Z 000000014000df88 f i libvcruntime:std_type_info.obj
 0001:0000cf90       ??1?$__crt_unique_heap_ptr@DU__crt_internal_free_policy@@@@QEAA@XZ 000000014000df90 f i libvcruntime:std_type_info.obj
 0001:0000cfb4       ??1?$__crt_unique_heap_ptr@XU__crt_internal_free_policy@@@@QEAA@XZ 000000014000dfb4 f i libvcruntime:std_type_info.obj
 0001:0000cfd8       ??B?$__crt_unique_heap_ptr@DU__crt_internal_free_policy@@@@QEBA_NXZ 000000014000dfd8 f i libvcruntime:std_type_info.obj
 0001:0000cfe4       ??B?$__crt_unique_heap_ptr@XU__crt_internal_free_policy@@@@QEBA_NXZ 000000014000dfe4 f i libvcruntime:std_type_info.obj
 0001:0000d020       ?__crt_interlocked_read_64@@YA_JPED_J@Z 000000014000e020 f i libvcruntime:std_type_info.obj
 0001:0000d028       ?detach@?$__crt_unique_heap_ptr@XU__crt_internal_free_policy@@@@QEAAPEAXXZ 000000014000e028 f i libvcruntime:std_type_info.obj
 0001:0000d034       ?get@?$__crt_unique_heap_ptr@DU__crt_internal_free_policy@@@@QEBAPEADXZ 000000014000e034 f i libvcruntime:std_type_info.obj
 0001:0000d038       ?get@?$__crt_unique_heap_ptr@XU__crt_internal_free_policy@@@@QEBAPEAXXZ 000000014000e038 f i libvcruntime:std_type_info.obj
 0001:0000d03c       ?is_valid@?$__crt_unique_heap_ptr@DU__crt_internal_free_policy@@@@QEBA_NXZ 000000014000e03c f i libvcruntime:std_type_info.obj
 0001:0000d048       ?is_valid@?$__crt_unique_heap_ptr@XU__crt_internal_free_policy@@@@QEBA_NXZ 000000014000e048 f i libvcruntime:std_type_info.obj
 0001:0000d054       ?release@?$__crt_unique_heap_ptr@DU__crt_internal_free_policy@@@@QEAAXXZ 000000014000e054 f i libvcruntime:std_type_info.obj
 0001:0000d078       ?release@?$__crt_unique_heap_ptr@XU__crt_internal_free_policy@@@@QEAAXXZ 000000014000e078 f i libvcruntime:std_type_info.obj
 0001:0000d09c       __std_type_info_compare    000000014000e09c f   libvcruntime:std_type_info.obj
 0001:0000d0cc       __std_type_info_destroy_list 000000014000e0cc f   libvcruntime:std_type_info.obj
 0001:0000d100       __std_type_info_hash       000000014000e100 f   libvcruntime:std_type_info.obj
 0001:0000d148       __std_type_info_name       000000014000e148 f   libvcruntime:std_type_info.obj
 0001:0000d2a8       __DestructExceptionObject  000000014000e2a8 f   libvcruntime:ehhelpers.obj
 0001:0000d330       ?_CallMemberFunction0@@YAXQEAX0@Z 000000014000e330 f i libvcruntime:ehhelpers.obj
 0001:0000d3a4       ?raw_name@type_info@@QEBAPEBDXZ 000000014000e3a4 f i libvcruntime:ehhelpers.obj
 0001:0000d3ac       _IsExceptionObjectToBeDestroyed 000000014000e3ac f   libvcruntime:ehhelpers.obj
 0001:0000d3e8       _SetWinRTOutOfMemoryExceptionCallback 000000014000e3e8 f   libvcruntime:ehhelpers.obj
 0001:0000d3f4       __AdjustPointer            000000014000e3f4 f   libvcruntime:ehhelpers.obj
 0001:0000d420       __FrameUnwindFilter        000000014000e420 f   libvcruntime:ehhelpers.obj
 0001:0000d4a0       __GetPlatformExceptionInfo 000000014000e4a0 f   libvcruntime:ehhelpers.obj
 0001:0000d514       __current_exception        000000014000e514 f   libvcruntime:ehhelpers.obj
 0001:0000d52c       __current_exception_context 000000014000e52c f   libvcruntime:ehhelpers.obj
 0001:0000d544       __processing_throw         000000014000e544 f   libvcruntime:ehhelpers.obj
 0001:0000d55c       __std_terminate            000000014000e55c f   libvcruntime:ehhelpers.obj
 0001:0000d568       _is_exception_typeof       000000014000e568 f   libvcruntime:ehhelpers.obj
 0001:0000d650       _NLG_Notify                000000014000e650 f   libvcruntime:notify.obj
 0001:0000d670       __NLG_Dispatch2            000000014000e670 f   libvcruntime:notify.obj
 0001:0000d680       __NLG_Return2              000000014000e680 f   libvcruntime:notify.obj
 0001:0000d69c       __except_validate_context_record 000000014000e69c f   libvcruntime:jbcxrval.obj
 0001:0000d6e0       __except_validate_jump_buffer 000000014000e6e0 f   libvcruntime:jbcxrval.obj
 0001:0000d730       __except_validate_jump_buffer_common 000000014000e730 f i libvcruntime:jbcxrval.obj
 0001:0000d7a4       ??$?RU__vcrt_ptd@@@__crt_internal_free_policy@@QEBAXQEBU__vcrt_ptd@@@Z 000000014000e7a4 f i libvcruntime:per_thread_data.obj
 0001:0000d7b0       ??0?$__crt_unique_heap_ptr@U__vcrt_ptd@@U__crt_internal_free_policy@@@@QEAA@QEAU__vcrt_ptd@@@Z 000000014000e7b0 f i libvcruntime:per_thread_data.obj
 0001:0000d7d8       ??1?$__crt_unique_heap_ptr@U__vcrt_ptd@@U__crt_internal_free_policy@@@@QEAA@XZ 000000014000e7d8 f i libvcruntime:per_thread_data.obj
 0001:0000d808       ??B?$__crt_unique_heap_ptr@U__vcrt_ptd@@U__crt_internal_free_policy@@@@QEBA_NXZ 000000014000e808 f i libvcruntime:per_thread_data.obj
 0001:0000d814       ?detach@?$__crt_unique_heap_ptr@U__vcrt_ptd@@U__crt_internal_free_policy@@@@QEAAPEAU__vcrt_ptd@@XZ 000000014000e814 f i libvcruntime:per_thread_data.obj
 0001:0000d820       ?get@?$__crt_unique_heap_ptr@U__vcrt_ptd@@U__crt_internal_free_policy@@@@QEBAPEAU__vcrt_ptd@@XZ 000000014000e820 f i libvcruntime:per_thread_data.obj
 0001:0000d824       ?is_valid@?$__crt_unique_heap_ptr@U__vcrt_ptd@@U__crt_internal_free_policy@@@@QEBA_NXZ 000000014000e824 f i libvcruntime:per_thread_data.obj
 0001:0000d830       ?release@?$__crt_unique_heap_ptr@U__vcrt_ptd@@U__crt_internal_free_policy@@@@QEAAXXZ 000000014000e830 f i libvcruntime:per_thread_data.obj
 0001:0000d888       __vcrt_freefls             000000014000e888 f   libvcruntime:per_thread_data.obj
 0001:0000d8b0       __vcrt_freeptd             000000014000e8b0 f   libvcruntime:per_thread_data.obj
 0001:0000d910       __vcrt_getptd              000000014000e910 f   libvcruntime:per_thread_data.obj
 0001:0000d930       __vcrt_getptd_noexit       000000014000e930 f   libvcruntime:per_thread_data.obj
 0001:0000da20       __vcrt_getptd_noinit       000000014000ea20 f   libvcruntime:per_thread_data.obj
 0001:0000da80       __vcrt_initialize_ptd      000000014000ea80 f   libvcruntime:per_thread_data.obj
 0001:0000dad8       __vcrt_uninitialize_ptd    000000014000ead8 f   libvcruntime:per_thread_data.obj
 0001:0000db04       __vcrt_initialize_locks    000000014000eb04 f   libvcruntime:locks.obj
 0001:0000db5c       __vcrt_lock                000000014000eb5c f   libvcruntime:locks.obj
 0001:0000db7c       __vcrt_uninitialize_locks  000000014000eb7c f   libvcruntime:locks.obj
 0001:0000dbc0       __vcrt_unlock              000000014000ebc0 f   libvcruntime:locks.obj
 0001:0000dbe0       ??$?0$00@DName@@QEAA@PEBDU?$StringLifeSelector@$00@@@Z 000000014000ebe0 f i libvcruntime:undname.obj
 0001:0000dc30       ??$?0$00@pcharNode@@QEAA@PEBDHU?$StringLifeSelector@$00@@@Z 000000014000ec30 f i libvcruntime:undname.obj
 0001:0000dc4c       ??$?0$01@DName@@QEAA@PEBDU?$StringLifeSelector@$01@@@Z 000000014000ec4c f i libvcruntime:undname.obj
 0001:0000dc9c       ??$?0$01@pcharNode@@QEAA@PEBDHU?$StringLifeSelector@$01@@@Z 000000014000ec9c f i libvcruntime:undname.obj
 0001:0000dd2c       ??$?0$0A@@DName@@QEAA@PEBDU?$StringLifeSelector@$0A@@@@Z 000000014000ed2c f i libvcruntime:undname.obj
 0001:0000dd7c       ??$?0$0A@@pcharNode@@QEAA@PEBDHU?$StringLifeSelector@$0A@@@@Z 000000014000ed7c f i libvcruntime:undname.obj
 0001:0000de0c       ??$?0_K$0A@@?$optional@_K@std@@QEAA@$$QEA_K@Z 000000014000ee0c f i libvcruntime:undname.obj
 0001:0000de20       ??$?0_K@?$_Optional_construct_base@_K@std@@QEAA@Uin_place_t@1@$$QEA_K@Z 000000014000ee20 f i libvcruntime:undname.obj
 0001:0000de34       ??$?0_K@?$_Optional_destruct_base@_K$00@std@@QEAA@Uin_place_t@1@$$QEA_K@Z 000000014000ee34 f i libvcruntime:undname.obj
 0001:0000de48       ??$append@VDNameNode@@@DName@@AEAAXPEBVDNameNode@@@Z 000000014000ee48 f i libvcruntime:undname.obj
 0001:0000dec4       ??$append@VDNameStatusNode@@@DName@@AEAAXPEBVDNameStatusNode@@@Z 000000014000eec4 f i libvcruntime:undname.obj
 0001:0000df40       ??$append@VcharNode@@@DName@@AEAAXPEBVcharNode@@@Z 000000014000ef40 f i libvcruntime:undname.obj
 0001:0000dfbc       ??$append@VpDNameNode@@@DName@@AEAAXPEBVpDNameNode@@@Z 000000014000efbc f i libvcruntime:undname.obj
 0001:0000e038       ??$append@VpcharNode@@@DName@@AEAAXPEBVpcharNode@@@Z 000000014000f038 f i libvcruntime:undname.obj
 0001:0000e0b4       ??$doPchar@$00@DName@@AEAAXPEBDH@Z 000000014000f0b4 f i libvcruntime:undname.obj
 0001:0000e180       ??$doPchar@$01@DName@@AEAAXPEBDH@Z 000000014000f180 f i libvcruntime:undname.obj
 0001:0000e23c       ??$doPchar@$0A@@DName@@AEAAXPEBDH@Z 000000014000f23c f i libvcruntime:undname.obj
 0001:0000e2f8       ??$forward@_K@std@@YA$$QEA_KAEA_K@Z 000000014000f2f8 f i libvcruntime:undname.obj
 0001:0000e2fc       ??$size@D$04@std@@YA_KAEAY04$$CBD@Z 000000014000f2fc f i libvcruntime:undname.obj
 0001:0000e304       ??$size@D$0EB@@std@@YA_KAEAY0EB@$$CBD@Z 000000014000f304 f i libvcruntime:undname.obj
 0001:0000e30c       ??0?$_Optional_construct_base@_K@std@@QEAA@XZ 000000014000f30c f i libvcruntime:undname.obj
 0001:0000e318       ??0?$_Optional_destruct_base@_K$00@std@@QEAA@XZ 000000014000f318 f i libvcruntime:undname.obj
 0001:0000e324       ??0?$optional@_K@std@@QEAA@XZ 000000014000f324 f i libvcruntime:undname.obj
 0001:0000e330       ??0Block@_HeapManager@@QEAA@XZ 000000014000f330 f i libvcruntime:undname.obj
 0001:0000e33c       ??0DName@@QEAA@AEAPEBDD@Z  000000014000f33c f   libvcruntime:undname.obj
 0001:0000e418       ??0DName@@QEAA@AEBUStringLiteral@@@Z 000000014000f418 f   libvcruntime:undname.obj
 0001:0000e450       ??0DName@@QEAA@AEBV0@@Z    000000014000f450 f i libvcruntime:undname.obj
 0001:0000e464       ??0DName@@QEAA@D@Z         000000014000f464 f   libvcruntime:undname.obj
 0001:0000e48c       ??0DName@@QEAA@PEAV0@@Z    000000014000f48c f   libvcruntime:undname.obj
 0001:0000e530       ??0DName@@QEAA@W4DNameStatus@@@Z 000000014000f530 f   libvcruntime:undname.obj
 0001:0000e568       ??0DName@@QEAA@XZ          000000014000f568 f i libvcruntime:undname.obj
 0001:0000e578       ??0DName@@QEAA@_J@Z        000000014000f578 f   libvcruntime:undname.obj
 0001:0000e648       ??0DName@@QEAA@_K@Z        000000014000f648 f   libvcruntime:undname.obj
 0001:0000e6f4       ??0DNameNode@@IEAA@XZ      000000014000f6f4 f i libvcruntime:undname.obj
 0001:0000e708       ??0Replicator@@QEAA@XZ     000000014000f708 f i libvcruntime:undname.obj
 0001:0000e71c       ??0UnDecorator@@QEAA@PEBDP6APEADJ@ZK@Z 000000014000f71c f i libvcruntime:undname.obj
 0001:0000e780       ??0_Nontrivial_dummy_type@std@@QEAA@XZ 000000014000f780 f i libvcruntime:undname.obj
 0001:0000e784       ??0charNode@@QEAA@D@Z      000000014000f784 f i libvcruntime:undname.obj
 0001:0000e79c       ??0pDNameNode@@QEAA@PEAVDName@@@Z 000000014000f79c f   libvcruntime:undname.obj
 0001:0000e7cc       ??0pairNode@@QEAA@PEBVDNameNode@@0@Z 000000014000f7cc f i libvcruntime:undname.obj
 0001:0000e7f4       ??2@YAPEAX_KAEAV_HeapManager@@H@Z 000000014000f7f4 f   libvcruntime:undname.obj
 0001:0000e828       ??4DName@@QEAAAEAV0@AEBUStringLiteral@@@Z 000000014000f828 f   libvcruntime:undname.obj
 0001:0000e858       ??4DName@@QEAAAEAV0@AEBV0@@Z 000000014000f858 f   libvcruntime:undname.obj
 0001:0000e86c       ??4DName@@QEAAAEAV0@D@Z    000000014000f86c f i libvcruntime:undname.obj
 0001:0000e894       ??4DName@@QEAAAEAV0@PEAV0@@Z 000000014000f894 f   libvcruntime:undname.obj
 0001:0000e928       ??4DName@@QEAAAEAV0@W4DNameStatus@@@Z 000000014000f928 f   libvcruntime:undname.obj
 0001:0000e964       ??AReplicator@@QEBA?AVDName@@H@Z 000000014000f964 f   libvcruntime:undname.obj
 0001:0000e9b4       ??B?$optional@_K@std@@QEBA_NXZ 000000014000f9b4 f i libvcruntime:undname.obj
 0001:0000e9b8       ??D?$optional@_K@std@@QEGAAAEA_KXZ 000000014000f9b8 f i libvcruntime:undname.obj
 0001:0000e9bc       ??H@YA?AVDName@@AEBUStringLiteral@@AEBV0@@Z 000000014000f9bc f i libvcruntime:undname.obj
 0001:0000ea00       ??H@YA?AVDName@@DAEBV0@@Z  000000014000fa00 f i libvcruntime:undname.obj
 0001:0000ea54       ??H@YA?AVDName@@W4DNameStatus@@AEBV0@@Z 000000014000fa54 f i libvcruntime:undname.obj
 0001:0000eab0       ??HDName@@QEBA?AV0@AEBUStringLiteral@@@Z 000000014000fab0 f   libvcruntime:undname.obj
 0001:0000eae4       ??HDName@@QEBA?AV0@AEBV0@@Z 000000014000fae4 f   libvcruntime:undname.obj
 0001:0000eb18       ??HDName@@QEBA?AV0@D@Z     000000014000fb18 f   libvcruntime:undname.obj
 0001:0000eb4c       ??HDName@@QEBA?AV0@PEAV0@@Z 000000014000fb4c f   libvcruntime:undname.obj
 0001:0000eb80       ??HDName@@QEBA?AV0@W4DNameStatus@@@Z 000000014000fb80 f   libvcruntime:undname.obj
 0001:0000ebb4       ??HStringLiteral@@QEBA?AU0@H@Z 000000014000fbb4 f i libvcruntime:undname.obj
 0001:0000ebd0       ??YDName@@QEAAAEAV0@AEBUStringLiteral@@@Z 000000014000fbd0 f   libvcruntime:undname.obj
 0001:0000ec70       ??YDName@@QEAAAEAV0@AEBV0@@Z 000000014000fc70 f   libvcruntime:undname.obj
 0001:0000ece0       ??YDName@@QEAAAEAV0@D@Z    000000014000fce0 f   libvcruntime:undname.obj
 0001:0000ed68       ??YDName@@QEAAAEAV0@PEAV0@@Z 000000014000fd68 f   libvcruntime:undname.obj
 0001:0000ee20       ??YDName@@QEAAAEAV0@W4DNameStatus@@@Z 000000014000fe20 f   libvcruntime:undname.obj
 0001:0000ee8c       ??YReplicator@@QEAAAEAV0@AEBVDName@@@Z 000000014000fe8c f   libvcruntime:undname.obj
 0001:0000eefc       ??_5DName@@QEAAAEAV0@AEBV0@@Z 000000014000fefc f   libvcruntime:undname.obj
 0001:0000ef18       ??__K_l@@YA?AUStringLiteral@@PEBD_K@Z 000000014000ff18 f i libvcruntime:undname.obj
 0001:0000ef28       ?Constructor@_HeapManager@@QEAAXP6APEAX_K@ZP6AXPEAX@Z@Z 000000014000ff28 f i libvcruntime:undname.obj
 0001:0000ef44       ?Destructor@_HeapManager@@QEAAXXZ 000000014000ff44 f i libvcruntime:undname.obj
 0001:0000efa0       ?UScore@UnDecorator@@SA?AUStringLiteral@@W4Tokens@@@Z 000000014000ffa0 f   libvcruntime:undname.obj
 0001:0000f000       ?composeDeclaration@UnDecorator@@CA?AVDName@@AEBV2@@Z 0000000140010000 f i libvcruntime:undname.obj
 0001:0001023c       ?doAccessSpecifiers@UnDecorator@@SAHXZ 000000014001123c f i libvcruntime:undname.obj
 0001:00010250       ?doAllocationLanguage@UnDecorator@@SAHXZ 0000000140011250 f i libvcruntime:undname.obj
 0001:00010264       ?doAllocationModel@UnDecorator@@SAHXZ 0000000140011264 f i libvcruntime:undname.obj
 0001:00010278       ?doEcsu@UnDecorator@@SAHXZ 0000000140011278 f i libvcruntime:undname.obj
 0001:0001028c       ?doEllipsis@UnDecorator@@SAHXZ 000000014001128c f i libvcruntime:undname.obj
 0001:000102a0       ?doFunctionReturns@UnDecorator@@SAHXZ 00000001400112a0 f i libvcruntime:undname.obj
 0001:000102b4       ?doMSKeywords@UnDecorator@@SAHXZ 00000001400112b4 f i libvcruntime:undname.obj
 0001:000102c8       ?doMemberTypes@UnDecorator@@SAHXZ 00000001400112c8 f i libvcruntime:undname.obj
 0001:000102dc       ?doNameOnly@UnDecorator@@SAHXZ 00000001400112dc f i libvcruntime:undname.obj
 0001:000102ec       ?doNoIdentCharCheck@UnDecorator@@SAHXZ 00000001400112ec f i libvcruntime:undname.obj
 0001:000102fc       ?doPchar@DName@@AEAAXD@Z   00000001400112fc f   libvcruntime:undname.obj
 0001:00010360       ?doPtr64@UnDecorator@@SAHXZ 0000000140011360 f i libvcruntime:undname.obj
 0001:00010374       ?doRestrictionSpec@UnDecorator@@SAHXZ 0000000140011374 f i libvcruntime:undname.obj
 0001:00010388       ?doThisTypes@UnDecorator@@SAHXZ 0000000140011388 f i libvcruntime:undname.obj
 0001:000103a0       ?doThrowTypes@UnDecorator@@SAHXZ 00000001400113a0 f i libvcruntime:undname.obj
 0001:000103b4       ?doTypeOnly@UnDecorator@@SAHXZ 00000001400113b4 f i libvcruntime:undname.obj
 0001:000103c4       ?doUnderScore@UnDecorator@@SAHXZ 00000001400113c4 f i libvcruntime:undname.obj
 0001:000103d4       ?getAddressOf@UnDecorator@@CA?AVDName@@XZ 00000001400113d4 f   libvcruntime:undname.obj
 0001:00010488       ?getArgumentList@UnDecorator@@CA?AVDName@@XZ 0000000140011488 f   libvcruntime:undname.obj
 0001:0001066c       ?getArgumentTypes@UnDecorator@@CA?AVDName@@XZ 000000014001166c f   libvcruntime:undname.obj
 0001:0001080c       ?getArrayAccess@UnDecorator@@CA?AVDName@@XZ 000000014001180c f   libvcruntime:undname.obj
 0001:000108cc       ?getArrayObject@UnDecorator@@CA?AVDName@@XZ 00000001400118cc f   libvcruntime:undname.obj
 0001:000109b4       ?getArrayType@UnDecorator@@CA?AVDName@@AEBV2@@Z 00000001400119b4 f i libvcruntime:undname.obj
 0001:00010c8c       ?getBasedType@UnDecorator@@CA?AVDName@@XZ 0000000140011c8c f   libvcruntime:undname.obj
 0001:00010dc0       ?getBasicDataType@UnDecorator@@CA?AVDName@@AEBV2@@Z 0000000140011dc0 f   libvcruntime:undname.obj
 0001:000114c8       ?getCHPEName@UnDecorator@@QEAAPEADPEADH@Z 00000001400124c8 f i libvcruntime:undname.obj
 0001:0001162c       ?getCallIndex@UnDecorator@@CA?AVDName@@XZ 000000014001262c f i libvcruntime:undname.obj
 0001:0001164c       ?getCallingConvention@UnDecorator@@CA?AVDName@@XZ 000000014001264c f   libvcruntime:undname.obj
 0001:000117ec       ?getDataIndirectType@UnDecorator@@CA?AVDName@@AEBV2@W4IndirectionKind@@0H@Z 00000001400127ec f   libvcruntime:undname.obj
 0001:000122e0       ?getDataIndirectType@UnDecorator@@CA?AVDName@@XZ 00000001400132e0 f i libvcruntime:undname.obj
 0001:00012328       ?getDataType@UnDecorator@@CA?AVDName@@PEAV2@@Z 0000000140013328 f   libvcruntime:undname.obj
 0001:00012480       ?getDecoratedName@UnDecorator@@CA?AVDName@@XZ 0000000140013480 f   libvcruntime:undname.obj
 0001:00012820       ?getDimension@UnDecorator@@CA?AVDName@@_N@Z 0000000140013820 f   libvcruntime:undname.obj
 0001:000129bc       ?getDispatchTarget@UnDecorator@@CA?AVDName@@XZ 00000001400139bc f   libvcruntime:undname.obj
 0001:00012a1c       ?getDisplacement@UnDecorator@@CA?AVDName@@XZ 0000000140013a1c f i libvcruntime:undname.obj
 0001:00012a3c       ?getECSUDataType@UnDecorator@@CA?AVDName@@XZ 0000000140013a3c f   libvcruntime:undname.obj
 0001:00012c94       ?getECSUName@UnDecorator@@CA?AVDName@@XZ 0000000140013c94 f i libvcruntime:undname.obj
 0001:00012cb0       ?getEnumType@UnDecorator@@CA?AVDName@@XZ 0000000140013cb0 f i libvcruntime:undname.obj
 0001:00012e2c       ?getExtendedDataIndirectType@UnDecorator@@CA?AVDName@@AEAW4IndirectionKind@@AEA_NH@Z 0000000140013e2c f   libvcruntime:undname.obj
 0001:000130b0       ?getExternalDataType@UnDecorator@@CA?AVDName@@AEBV2@@Z 00000001400140b0 f i libvcruntime:undname.obj
 0001:000131a0       ?getFloatingPoint@UnDecorator@@CA?AVDName@@H@Z 00000001400141a0 f   libvcruntime:undname.obj
 0001:00013310       ?getFunctionIndirectType@UnDecorator@@CA?AVDName@@AEBV2@@Z 0000000140014310 f   libvcruntime:undname.obj
 0001:0001397c       ?getGuardNumber@UnDecorator@@CA?AVDName@@XZ 000000014001497c f i libvcruntime:undname.obj
 0001:0001399c       ?getLastChar@DName@@QEBADXZ 000000014001499c f i libvcruntime:undname.obj
 0001:000139bc       ?getLastChar@DNameStatusNode@@UEBADXZ 00000001400149bc f i libvcruntime:undname.obj
 0001:000139cc       ?getLastChar@charNode@@UEBADXZ 00000001400149cc f i libvcruntime:undname.obj
 0001:000139d0       ?getLastChar@pDNameNode@@UEBADXZ 00000001400149d0 f i libvcruntime:undname.obj
 0001:00013a04       ?getLastChar@pairNode@@UEBADXZ 0000000140014a04 f i libvcruntime:undname.obj
 0001:00013a48       ?getLastChar@pcharNode@@UEBADXZ 0000000140014a48 f i libvcruntime:undname.obj
 0001:00013a64       ?getLexicalFrame@UnDecorator@@CA?AVDName@@XZ 0000000140014a64 f i libvcruntime:undname.obj
 0001:00013ae0       ?getMemberAccess@UnDecorator@@CA?AVDName@@XZ 0000000140014ae0 f   libvcruntime:undname.obj
 0001:00013b98       ?getMemoryWithBuffer@_HeapManager@@QEAAPEAX_K@Z 0000000140014b98 f   libvcruntime:undname.obj
 0001:00013c4c       ?getMemoryWithoutBuffer@_HeapManager@@QEAAPEAX_K@Z 0000000140014c4c f   libvcruntime:undname.obj
 0001:00013c64       ?getNoexcept@UnDecorator@@CA?AVDName@@XZ 0000000140014c64 f   libvcruntime:undname.obj
 0001:00013ce0       ?getNumberOfDimensions@UnDecorator@@CAHXZ 0000000140014ce0 f   libvcruntime:undname.obj
 0001:00013d64       ?getOperatorName@UnDecorator@@CA?AVDName@@_NPEA_N@Z 0000000140014d64 f i libvcruntime:undname.obj
 0001:000149f0       ?getPointerToMember@UnDecorator@@CA?AVDName@@XZ 00000001400159f0 f   libvcruntime:undname.obj
 0001:00014b24       ?getPointerType@UnDecorator@@CA?AVDName@@AEBV2@0@Z 0000000140015b24 f i libvcruntime:undname.obj
 0001:00014b48       ?getPointerTypeArray@UnDecorator@@CA?AVDName@@AEBV2@0@Z 0000000140015b48 f i libvcruntime:undname.obj
 0001:00014b68       ?getPrimaryDataType@UnDecorator@@CA?AVDName@@AEBV2@@Z 0000000140015b68 f   libvcruntime:undname.obj
 0001:00014ed0       ?getPtrRefDataType@UnDecorator@@CA?AVDName@@AEBV2@H@Z 0000000140015ed0 f   libvcruntime:undname.obj
 0001:00015110       ?getPtrRefType@UnDecorator@@CA?AVDName@@AEBV2@0W4IndirectionKind@@@Z 0000000140016110 f   libvcruntime:undname.obj
 0001:0001535c       ?getReferenceType@UnDecorator@@CA?AVDName@@AEBV2@0W4IndirectionKind@@@Z 000000014001635c f i libvcruntime:undname.obj
 0001:00015378       ?getRestrictionSpec@UnDecorator@@CA?AVDName@@XZ 0000000140016378 f   libvcruntime:undname.obj
 0001:000155c8       ?getReturnType@UnDecorator@@CA?AVDName@@PEAV2@@Z 00000001400165c8 f   libvcruntime:undname.obj
 0001:0001560c       ?getScope@UnDecorator@@CA?AVDName@@XZ 000000014001660c f   libvcruntime:undname.obj
 0001:00015bf4       ?getScopedName@UnDecorator@@CA?AVDName@@XZ 0000000140016bf4 f   libvcruntime:undname.obj
 0001:00015d80       ?getSignedDimension@UnDecorator@@CA?AVDName@@XZ 0000000140016d80 f   libvcruntime:undname.obj
 0001:00015e28       ?getStorageConvention@UnDecorator@@CA?AVDName@@XZ 0000000140016e28 f i libvcruntime:undname.obj
 0001:00015e70       ?getString@DName@@QEBAPEADPEAD0@Z 0000000140016e70 f i libvcruntime:undname.obj
 0001:00015e90       ?getString@DName@@QEBAPEADPEADH@Z 0000000140016e90 f i libvcruntime:undname.obj
 0001:00015f48       ?getString@DNameStatusNode@@UEBAPEADPEAD0@Z 0000000140016f48 f i libvcruntime:undname.obj
 0001:00015fa0       ?getString@charNode@@UEBAPEADPEAD0@Z 0000000140016fa0 f i libvcruntime:undname.obj
 0001:00015fb8       ?getString@pDNameNode@@UEBAPEADPEAD0@Z 0000000140016fb8 f i libvcruntime:undname.obj
 0001:00015ff0       ?getString@pairNode@@UEBAPEADPEAD0@Z 0000000140016ff0 f i libvcruntime:undname.obj
 0001:00016050       ?getString@pcharNode@@UEBAPEADPEAD0@Z 0000000140017050 f i libvcruntime:undname.obj
 0001:00016094       ?getStringEncoding@UnDecorator@@CA?AVDName@@W4PrefixKind@@H@Z 0000000140017094 f   libvcruntime:undname.obj
 0001:000161c0       ?getStringHelper@@YAPEADPEADPEBD1H@Z 00000001400171c0 f i libvcruntime:undname.obj
 0001:000161f8       ?getStringObject@UnDecorator@@CA?AVDName@@XZ 00000001400171f8 f   libvcruntime:undname.obj
 0001:0001627c       ?getSymbolName@UnDecorator@@CA?AVDName@@XZ 000000014001727c f i libvcruntime:undname.obj
 0001:000162dc       ?getTemplateArgumentList@UnDecorator@@CA?AVDName@@XZ 00000001400172dc f   libvcruntime:undname.obj
 0001:000165e0       ?getTemplateName@UnDecorator@@CA?AVDName@@_N@Z 00000001400175e0 f   libvcruntime:undname.obj
 0001:00016918       ?getTemplateNonTypeArgument@UnDecorator@@CA?AVDName@@XZ 0000000140017918 f   libvcruntime:undname.obj
 0001:00016fbc       ?getTemplateTypeArgument@UnDecorator@@CA?AVDName@@XZ 0000000140017fbc f   libvcruntime:undname.obj
 0001:0001717c       ?getThisType@UnDecorator@@CA?AVDName@@XZ 000000014001817c f i libvcruntime:undname.obj
 0001:000171cc       ?getThrowTypes@UnDecorator@@CA?AVDName@@XZ 00000001400181cc f   libvcruntime:undname.obj
 0001:000171f8       ?getTypeEncoding@UnDecorator@@CAHXZ 00000001400181f8 f i libvcruntime:undname.obj
 0001:00017678       ?getUndecoratedName@UnDecorator@@QEAAPEADPEADH@Z 0000000140018678 f i libvcruntime:undname.obj
 0001:00017820       ?getUnionObject@UnDecorator@@CA?AVDName@@XZ 0000000140018820 f   libvcruntime:undname.obj
 0001:0001792c       ?getVCallThunkType@UnDecorator@@CA?AVDName@@XZ 000000014001892c f i libvcruntime:undname.obj
 0001:000179c0       ?getValue@UnDecorator@@CA?AV?$optional@_K@std@@XZ 00000001400189c0 f   libvcruntime:undname.obj
 0001:00017a50       ?getValueObject@UnDecorator@@CA?AVDName@@XZ 0000000140018a50 f   libvcruntime:undname.obj
 0001:00017be0       ?getVbTableType@UnDecorator@@CA?AVDName@@AEBV2@@Z 0000000140018be0 f i libvcruntime:undname.obj
 0001:00017bfc       ?getVdispMapType@UnDecorator@@CA?AVDName@@AEBV2@@Z 0000000140018bfc f i libvcruntime:undname.obj
 0001:00017c98       ?getVfTableType@UnDecorator@@CA?AVDName@@AEBV2@@Z 0000000140018c98 f i libvcruntime:undname.obj
 0001:00017f24       ?getZName@UnDecorator@@CA?AVDName@@_N0@Z 0000000140018f24 f   libvcruntime:undname.obj
 0001:000182bc       ?haveTemplateParameters@UnDecorator@@SAHXZ 00000001400192bc f i libvcruntime:undname.obj
 0001:000182cc       ?isArray@DName@@QEBAHXZ    00000001400192cc f i libvcruntime:undname.obj
 0001:000182d8       ?isComArray@DName@@QEBAHXZ 00000001400192d8 f i libvcruntime:undname.obj
 0001:000182e4       ?isEmpty@DName@@QEBAHXZ    00000001400192e4 f i libvcruntime:undname.obj
 0001:000182f0       ?isFull@Replicator@@QEBAHXZ 00000001400192f0 f i libvcruntime:undname.obj
 0001:000182fc       ?isNoTE@DName@@QEBAHXZ     00000001400192fc f i libvcruntime:undname.obj
 0001:00018308       ?isPinPtr@DName@@QEBAHXZ   0000000140019308 f i libvcruntime:undname.obj
 0001:00018314       ?isPtrRef@DName@@QEBAHXZ   0000000140019314 f i libvcruntime:undname.obj
 0001:00018320       ?isUDC@DName@@QEBAHXZ      0000000140019320 f i libvcruntime:undname.obj
 0001:0001833c       ?isUDTThunk@DName@@QEBAHXZ 000000014001933c f i libvcruntime:undname.obj
 0001:00018358       ?isVCallThunk@DName@@QEBAHXZ 0000000140019358 f i libvcruntime:undname.obj
 0001:00018364       ?isValid@DName@@QEBAHXZ    0000000140019364 f i libvcruntime:undname.obj
 0001:00018370       ?length@DName@@QEBAHXZ     0000000140019370 f i libvcruntime:undname.obj
 0001:00018390       ?length@DNameStatusNode@@UEBAHXZ 0000000140019390 f i libvcruntime:undname.obj
 0001:00018394       ?length@charNode@@UEBAHXZ  0000000140019394 f i libvcruntime:undname.obj
 0001:0001839c       ?length@pDNameNode@@UEBAHXZ 000000014001939c f i libvcruntime:undname.obj
 0001:000183d0       ?length@pairNode@@UEBAHXZ  00000001400193d0 f i libvcruntime:undname.obj
 0001:00018428       ?length@pcharNode@@UEBAHXZ 0000000140019428 f i libvcruntime:undname.obj
 0001:0001842c       ?make@DNameStatusNode@@SAPEBV1@W4DNameStatus@@@Z 000000014001942c f i libvcruntime:undname.obj
 0001:00018454       ?parseDecoratedName@UnDecorator@@CA?AVDName@@XZ 0000000140019454 f   libvcruntime:undname.obj
 0001:000185ac       ?raw_length@DNameStatusNode@@UEBAHXZ 00000001400195ac f i libvcruntime:undname.obj
 0001:000185b0       ?raw_length@charNode@@UEBAHXZ 00000001400195b0 f i libvcruntime:undname.obj
 0001:000185b8       ?raw_length@pDNameNode@@UEBAHXZ 00000001400195b8 f i libvcruntime:undname.obj
 0001:000185bc       ?raw_length@pairNode@@UEBAHXZ 00000001400195bc f i libvcruntime:undname.obj
 0001:000185c0       ?raw_length@pcharNode@@UEBAHXZ 00000001400195c0 f i libvcruntime:undname.obj
 0001:000185c4       ?setIsArray@DName@@QEAAXXZ 00000001400195c4 f i libvcruntime:undname.obj
 0001:000185cc       ?setIsComArray@DName@@QEAAXXZ 00000001400195cc f i libvcruntime:undname.obj
 0001:000185d4       ?setIsNoTE@DName@@QEAAXXZ  00000001400195d4 f i libvcruntime:undname.obj
 0001:000185dc       ?setIsPinPtr@DName@@QEAAXXZ 00000001400195dc f i libvcruntime:undname.obj
 0001:000185e4       ?setIsUDC@DName@@QEAAXXZ   00000001400195e4 f i libvcruntime:undname.obj
 0001:000185f4       ?setIsVCallThunk@DName@@QEAAXXZ 00000001400195f4 f i libvcruntime:undname.obj
 0001:000185fc       ?setPtrRef@DName@@QEAAAEAV1@XZ 00000001400195fc f i libvcruntime:undname.obj
 0001:00018608       ?status@DName@@QEBA?AW4DNameStatus@@XZ 0000000140019608 f i libvcruntime:undname.obj
 0001:00018680       __unDName                  0000000140019680 f   libvcruntime:undname.obj
 0001:000186b0       __unDNameEx                00000001400196b0 f   libvcruntime:undname.obj
 0001:00018830       _vsprintf_s_l              0000000140019830 f i libvcruntime:undname.obj
 0001:000188ac       sprintf_s                  00000001400198ac f i libvcruntime:undname.obj
 0001:00018914       unDNameGenerateCHPE        0000000140019914 f   libvcruntime:undname.obj
 0001:00018a5c       ??$__crt_interlocked_exchange_pointer@UHINSTANCE__@@PEAU1@@@YAPEAUHINSTANCE__@@PEDSEAU0@QEAU0@@Z 0000000140019a5c f i libvcruntime:winapi_downlevel.obj
 0001:00018a64       ??$__crt_interlocked_exchange_pointer@UHINSTANCE__@@PEAX@@YAPEAUHINSTANCE__@@PEDSEAU0@QEAX@Z 0000000140019a64 f i libvcruntime:winapi_downlevel.obj
 0001:00018a6c       ??$__crt_interlocked_exchange_pointer@XPEAX@@YAPEAXPEDSEAXQEAX@Z 0000000140019a6c f i libvcruntime:winapi_downlevel.obj
 0001:00018a74       ??$__crt_interlocked_read_pointer@UHINSTANCE__@@@@YAPEAUHINSTANCE__@@PEDSEAU0@@Z 0000000140019a74 f i libvcruntime:winapi_downlevel.obj
 0001:00018a7c       ??$__crt_interlocked_read_pointer@X@@YAPEAXPEDSEAX@Z 0000000140019a7c f i libvcruntime:winapi_downlevel.obj
 0001:00019104       __vcrt_FlsAlloc            000000014001a104 f   libvcruntime:winapi_downlevel.obj
 0001:0001915c       __vcrt_FlsFree             000000014001a15c f   libvcruntime:winapi_downlevel.obj
 0001:000191b4       __vcrt_FlsGetValue         000000014001a1b4 f   libvcruntime:winapi_downlevel.obj
 0001:0001920c       __vcrt_FlsSetValue         000000014001a20c f   libvcruntime:winapi_downlevel.obj
 0001:00019274       __vcrt_InitializeCriticalSectionEx 000000014001a274 f   libvcruntime:winapi_downlevel.obj
 0001:000192f0       ??$__crt_interlocked_exchange_pointer@$$A6AXXZP6AXXZ@@YAP6AXXZPEDS6AXXZQ6AXXZ@Z 000000014001a2f0 f i libvcruntime:purevirt.obj
 0001:000192f8       ??$__crt_interlocked_read_pointer@$$A6AXXZ@@YAP6AXXZPEDS6AXXZ@Z 000000014001a2f8 f i libvcruntime:purevirt.obj
 0001:00019300       _get_purecall_handler      000000014001a300 f   libvcruntime:purevirt.obj
 0001:0001930c       _purecall                  000000014001a30c f   libvcruntime:purevirt.obj
 0001:0001932c       _set_purecall_handler      000000014001a32c f   libvcruntime:purevirt.obj
 0001:0001933c       ??$?0AEAViterator@TryBlockMap4@FH4@@AEAV012@$0A@@?$pair@Viterator@TryBlockMap4@FH4@@V123@@std@@QEAA@AEAViterator@TryBlockMap4@FH4@@0@Z 000000014001a33c f i libvcruntime:risctrnsctrl.obj
 0001:00019358       ??$?0AEAViterator@TryBlockMap@__FrameHandler3@@AEAV012@$0A@@?$pair@Viterator@TryBlockMap@__FrameHandler3@@V123@@std@@QEAA@AEAViterator@TryBlockMap@__FrameHandler3@@0@Z 000000014001a358 f i libvcruntime:risctrnsctrl.obj
 0001:00019500       ??$_CallSETranslator@V__FrameHandler3@@@@YAHPEAUEHExceptionRecord@@PEA_KPEAU_CONTEXT@@PEAU_xDISPATCHER_CONTEXT@@PEBU_s_FuncInfo@@K1H@Z 000000014001a500 f i libvcruntime:risctrnsctrl.obj
 0001:00019568       ??$_CallSETranslator@V__FrameHandler4@@@@YAHPEAUEHExceptionRecord@@PEA_KPEAU_CONTEXT@@PEAU_xDISPATCHER_CONTEXT@@PEAUFuncInfo4@FH4@@K1H@Z 000000014001a568 f i libvcruntime:risctrnsctrl.obj
 0001:000195d0       ??$forward@AEAViterator@TryBlockMap4@FH4@@@std@@YAAEAViterator@TryBlockMap4@FH4@@AEAV123@@Z 000000014001a5d0 f i libvcruntime:risctrnsctrl.obj
 0001:000195d4       ??$forward@AEAViterator@TryBlockMap@__FrameHandler3@@@std@@YAAEAViterator@TryBlockMap@__FrameHandler3@@AEAV123@@Z 000000014001a5d4 f i libvcruntime:risctrnsctrl.obj
 0001:000195d8       ??0FuncInfo4@FH4@@QEAA@XZ  000000014001a5d8 f i libvcruntime:risctrnsctrl.obj
 0001:000195f0       ??0FuncInfoHeader@FH4@@QEAA@XZ 000000014001a5f0 f i libvcruntime:risctrnsctrl.obj
 0001:000195f8       ??0iterator@TryBlockMap4@FH4@@QEAA@AEAV12@I@Z 000000014001a5f8 f i libvcruntime:risctrnsctrl.obj
 0001:00019608       ??0iterator@TryBlockMap@__FrameHandler3@@QEAA@AEAV12@I@Z 000000014001a608 f i libvcruntime:risctrnsctrl.obj
 0001:00019618       ??4iterator@TryBlockMap4@FH4@@QEAAAEAV012@AEBV012@@Z 000000014001a618 f i libvcruntime:risctrnsctrl.obj
 0001:00019624       ??9iterator@TryBlockMap4@FH4@@QEBA_NAEBV012@@Z 000000014001a624 f i libvcruntime:risctrnsctrl.obj
 0001:00019630       ??Diterator@TryBlockMap4@FH4@@QEAA?AUTryBlockMapEntry4@2@XZ 000000014001a630 f i libvcruntime:risctrnsctrl.obj
 0001:00019644       ??Eiterator@TryBlockMap4@FH4@@QEAAAEAV012@XZ 000000014001a644 f i libvcruntime:risctrnsctrl.obj
 0001:00019708       ?CatchTryBlock@__FrameHandler3@@SAPEBU_s_TryBlockMapEntry@@PEBU_s_FuncInfo@@H@Z 000000014001a708 f   libvcruntime:risctrnsctrl.obj
 0001:00019784       ?DecompFuncInfo@FH4@@YA_JPEAEAEAUFuncInfo4@1@_KH@Z 000000014001a784 f i libvcruntime:risctrnsctrl.obj
 0001:0001979c       ?DecompFuncInfo@FH4@@YA_JPEAEAEAUFuncInfo4@1@_KH_N@Z 000000014001a79c f i libvcruntime:risctrnsctrl.obj
 0001:00019908       ?DecompTryBlock@TryBlockMap4@FH4@@AEAAXXZ 000000014001a908 f i libvcruntime:risctrnsctrl.obj
 0001:000199c0       ?ExecutionInCatch@__FrameHandler3@@SA_NPEAU_xDISPATCHER_CONTEXT@@PEBU_s_FuncInfo@@@Z 000000014001a9c0 f   libvcruntime:risctrnsctrl.obj
 0001:000199f4       ?ExecutionInCatch@__FrameHandler4@@SA_NPEAU_xDISPATCHER_CONTEXT@@PEAUFuncInfo4@FH4@@@Z 000000014001a9f4 f   libvcruntime:risctrnsctrl.obj
 0001:000199fc       ?FrameUnwindToEmptyState@__FrameHandler3@@SAXPEA_KPEAU_xDISPATCHER_CONTEXT@@PEBU_s_FuncInfo@@@Z 000000014001a9fc f   libvcruntime:risctrnsctrl.obj
 0001:00019a7c       ?FrameUnwindToEmptyState@__FrameHandler4@@SAXPEA_KPEAU_xDISPATCHER_CONTEXT@@PEAUFuncInfo4@FH4@@@Z 000000014001aa7c f   libvcruntime:risctrnsctrl.obj
 0001:00019abc       ?GetEstablisherFrame@__FrameHandler3@@SAPEA_KPEA_KPEAU_xDISPATCHER_CONTEXT@@PEBU_s_FuncInfo@@0@Z 000000014001aabc f   libvcruntime:risctrnsctrl.obj
 0001:00019bbc       ?GetEstablisherFrame@__FrameHandler4@@SAPEA_KPEA_KPEAU_xDISPATCHER_CONTEXT@@PEAUFuncInfo4@FH4@@0@Z 000000014001abbc f   libvcruntime:risctrnsctrl.obj
 0001:00019be8       ?GetRangeOfTrysToCheck@__FrameHandler3@@SA?AU?$pair@Viterator@TryBlockMap@__FrameHandler3@@V123@@std@@AEAVTryBlockMap@1@HPEAU_xDISPATCHER_CONTEXT@@PEBU_s_FuncInfo@@H@Z 000000014001abe8 f   libvcruntime:risctrnsctrl.obj
 0001:00019d78       ?GetRangeOfTrysToCheck@__FrameHandler4@@SA?AU?$pair@Viterator@TryBlockMap4@FH4@@V123@@std@@AEAVTryBlockMap4@FH4@@HPEAU_xDISPATCHER_CONTEXT@@PEAUFuncInfo4@5@H@Z 000000014001ad78 f   libvcruntime:risctrnsctrl.obj
 0001:00019f3c       ?ReadInt@FH4@@YAHPEAPEAE@Z 000000014001af3c f i libvcruntime:risctrnsctrl.obj
 0001:00019f4c       ?ReadUnsigned@FH4@@YAIPEAPEAE@Z 000000014001af4c f i libvcruntime:risctrnsctrl.obj
 0001:00019f88       ?UnwindNestedFrames@__FrameHandler3@@SAXPEA_KPEAUEHExceptionRecord@@PEAU_CONTEXT@@0PEAXPEBU_s_FuncInfo@@HHPEBU_s_HandlerType@@PEAU_xDISPATCHER_CONTEXT@@E@Z 000000014001af88 f   libvcruntime:risctrnsctrl.obj
 0001:0001a0cc       ?UnwindNestedFrames@__FrameHandler4@@SAXPEA_KPEAUEHExceptionRecord@@PEAU_CONTEXT@@0PEAXPEAUFuncInfo4@FH4@@HHPEAUHandlerType4@5@PEAU_xDISPATCHER_CONTEXT@@E@Z 000000014001b0cc f   libvcruntime:risctrnsctrl.obj
 0001:0001a234       ?begin@TryBlockMap4@FH4@@QEAA?AViterator@12@XZ 000000014001b234 f i libvcruntime:risctrnsctrl.obj
 0001:0001a244       ?end@TryBlockMap4@FH4@@QEAA?AViterator@12@XZ 000000014001b244 f i libvcruntime:risctrnsctrl.obj
 0001:0001a254       ?imageRelToByteBuffer@FH4@@YAPEAE_KH@Z 000000014001b254 f i libvcruntime:risctrnsctrl.obj
 0001:0001a25c       ?incrementToSentinel@iterator@TryBlockMap4@FH4@@QEAAXXZ 000000014001b25c f i libvcruntime:risctrnsctrl.obj
 0001:0001a260       ?setBuffer@TryBlockMap4@FH4@@QEAAXViterator@12@@Z 000000014001b260 f i libvcruntime:risctrnsctrl.obj
 0001:0001a494       _CreateFrameInfo           000000014001b494 f   libvcruntime:risctrnsctrl.obj
 0001:0001a4dc       _FindAndUnlinkFrame        000000014001b4dc f   libvcruntime:risctrnsctrl.obj
 0001:0001a544       _GetImageBase              000000014001b544 f   libvcruntime:risctrnsctrl.obj
 0001:0001a55c       _GetThrowImageBase         000000014001b55c f   libvcruntime:risctrnsctrl.obj
 0001:0001a574       _SetImageBase              000000014001b574 f   libvcruntime:risctrnsctrl.obj
 0001:0001a594       _SetThrowImageBase         000000014001b594 f   libvcruntime:risctrnsctrl.obj
 0001:0001a5b4       __CxxFrameHandler          000000014001b5b4 f   libvcruntime:risctrnsctrl.obj
 0001:0001a5bc       __CxxFrameHandler2         000000014001b5bc f   libvcruntime:risctrnsctrl.obj
 0001:0001a5c4       __CxxFrameHandler3         000000014001b5c4 f   libvcruntime:risctrnsctrl.obj
 0001:0001a66c       __CxxFrameHandler4         000000014001b66c f   libvcruntime:risctrnsctrl.obj
 0001:0001a75c       ?GetCurrentState@__FrameHandler3@@SAHPEA_KPEAU_xDISPATCHER_CONTEXT@@PEBU_s_FuncInfo@@@Z 000000014001b75c f   libvcruntime:ehstate.obj
 0001:0001a78c       ?GetUnwindTryBlock@__FrameHandler3@@SAHPEA_KPEAU_xDISPATCHER_CONTEXT@@PEBU_s_FuncInfo@@@Z 000000014001b78c f   libvcruntime:ehstate.obj
 0001:0001a7c0       ?SetState@__FrameHandler3@@SAXPEA_KPEBU_s_FuncInfo@@H@Z 000000014001b7c0 f   libvcruntime:ehstate.obj
 0001:0001a7d0       ?SetUnwindTryBlock@__FrameHandler3@@SAXPEA_KPEAU_xDISPATCHER_CONTEXT@@PEBU_s_FuncInfo@@H@Z 000000014001b7d0 f   libvcruntime:ehstate.obj
 0001:0001a81c       ?StateFromControlPc@__FrameHandler3@@SAHPEBU_s_FuncInfo@@PEAU_xDISPATCHER_CONTEXT@@@Z 000000014001b81c f   libvcruntime:ehstate.obj
 0001:0001a828       ?StateFromControlPc@__FrameHandler4@@SAHPEAUFuncInfo4@FH4@@PEAU_xDISPATCHER_CONTEXT@@@Z 000000014001b828 f   libvcruntime:ehstate.obj
 0001:0001a834       ?StateFromIp@__FrameHandler3@@SAHPEBU_s_FuncInfo@@PEAU_xDISPATCHER_CONTEXT@@_K@Z 000000014001b834 f   libvcruntime:ehstate.obj
 0001:0001a8b4       ?StateFromIp@__FrameHandler4@@SAHPEAUFuncInfo4@FH4@@PEAU_xDISPATCHER_CONTEXT@@_K@Z 000000014001b8b4 f   libvcruntime:ehstate.obj
 0001:0001a9dc       ?__FuncRelToRealOffset@@YA_KPEAU_xDISPATCHER_CONTEXT@@I@Z 000000014001b9dc f i libvcruntime:ehstate.obj
 0001:0001a9f0       ?__RVAtoRealOffset@@YA_KPEAU_xDISPATCHER_CONTEXT@@H@Z 000000014001b9f0 f i libvcruntime:ehstate.obj
 0001:0001c58c       ??$TypeMatchHelper@V__FrameHandler3@@@@YAHPEBU_s_HandlerType@@PEBU_s_CatchableType@@PEBU_s_ThrowInfo@@@Z 000000014001d58c f i libvcruntime:frame.obj
 0001:0001c718       ??$TypeMatchHelper@V__FrameHandler4@@@@YAHPEAUHandlerType4@FH4@@PEBU_s_CatchableType@@PEBU_s_ThrowInfo@@@Z 000000014001d718 f i libvcruntime:frame.obj
 0001:0001c8ac       ??$__InternalCxxFrameHandler@V__FrameHandler3@@@@YA?AW4_EXCEPTION_DISPOSITION@@PEAUEHExceptionRecord@@PEA_KPEAU_CONTEXT@@PEAU_xDISPATCHER_CONTEXT@@PEBU_s_FuncInfo@@H1E@Z 000000014001d8ac f i libvcruntime:frame.obj
 0001:0001cb70       ??$__InternalCxxFrameHandler@V__FrameHandler4@@@@YA?AW4_EXCEPTION_DISPOSITION@@PEAUEHExceptionRecord@@PEA_KPEAU_CONTEXT@@PEAU_xDISPATCHER_CONTEXT@@PEAUFuncInfo4@FH4@@H1E@Z 000000014001db70 f i libvcruntime:frame.obj
 0001:0001ceac       ??0HandlerMap4@FH4@@QEAA@PEBUTryBlockMapEntry4@1@_KH@Z 000000014001deac f i libvcruntime:frame.obj
 0001:0001cf44       ??0HandlerMap@__FrameHandler3@@QEAA@PEBU_s_TryBlockMapEntry@@_KI@Z 000000014001df44 f i libvcruntime:frame.obj
 0001:0001cf60       ??0HandlerType4@FH4@@QEAA@XZ 000000014001df60 f i libvcruntime:frame.obj
 0001:0001cf7c       ??0TryBlockMap4@FH4@@QEAA@PEBUFuncInfo4@1@_K@Z 000000014001df7c f i libvcruntime:frame.obj
 0001:0001d088       ??0TryBlockMap@__FrameHandler3@@QEAA@PEBU_s_FuncInfo@@_K@Z 000000014001e088 f i libvcruntime:frame.obj
 0001:0001d098       ??0UWMap4@FH4@@QEAA@PEBUFuncInfo4@1@_K@Z 000000014001e098 f i libvcruntime:frame.obj
 0001:0001d0ec       ??0bad_exception@std@@QEAA@AEBV01@@Z 000000014001e0ec f i libvcruntime:frame.obj
 0001:0001d138       ??0bad_exception@std@@QEAA@XZ 000000014001e138 f i libvcruntime:frame.obj
 0001:0001d160       ??0exception@std@@QEAA@AEBV01@@Z 000000014001e160 f i libvcruntime:frame.obj
 0001:0001d1a0       ??0exception@std@@QEAA@QEBDH@Z 000000014001e1a0 f i libvcruntime:frame.obj
 0001:0001d1bc       ??0iterator@HandlerMap4@FH4@@QEAA@AEAV12@I@Z 000000014001e1bc f i libvcruntime:frame.obj
 0001:0001d1cc       ??0iterator@HandlerMap@__FrameHandler3@@QEAA@AEAV12@I@Z 000000014001e1cc f i libvcruntime:frame.obj
 0001:0001d1dc       ??0iterator@UWMap4@FH4@@QEAA@AEAV12@PEAE@Z 000000014001e1dc f i libvcruntime:frame.obj
 0001:0001d1ec       ??1bad_exception@std@@UEAA@XZ 000000014001e1ec f i libvcruntime:frame.obj
 0001:0001d204       ??1exception@std@@UEAA@XZ  000000014001e204 f i libvcruntime:frame.obj
 0001:0001d21c       ??4iterator@UWMap4@FH4@@QEAAAEAV012@AEBV012@@Z 000000014001e21c f i libvcruntime:frame.obj
 0001:0001d244       ??8iterator@HandlerMap4@FH4@@QEBA_NAEBV012@@Z 000000014001e244 f i libvcruntime:frame.obj
 0001:0001d250       ??8iterator@HandlerMap@__FrameHandler3@@QEBA_NAEBV012@@Z 000000014001e250 f i libvcruntime:frame.obj
 0001:0001d25c       ??8type_info@@QEBA_NAEBV0@@Z 000000014001e25c f i libvcruntime:frame.obj
 0001:0001d280       ??9iterator@HandlerMap4@FH4@@QEBA_NAEBV012@@Z 000000014001e280 f i libvcruntime:frame.obj
 0001:0001d28c       ??9iterator@HandlerMap@__FrameHandler3@@QEBA_NAEBV012@@Z 000000014001e28c f i libvcruntime:frame.obj
 0001:0001d298       ??Diterator@HandlerMap4@FH4@@QEAA?AUHandlerType4@2@XZ 000000014001e298 f i libvcruntime:frame.obj
 0001:0001d2c0       ??Diterator@HandlerMap@__FrameHandler3@@QEAA?BU_s_HandlerType@@XZ 000000014001e2c0 f i libvcruntime:frame.obj
 0001:0001d2ec       ??Diterator@TryBlockMap@__FrameHandler3@@QEAA?BU_s_TryBlockMapEntry@@XZ 000000014001e2ec f i libvcruntime:frame.obj
 0001:0001d324       ??Diterator@UWMap4@FH4@@QEAA?AUUnwindMapEntry4@2@XZ 000000014001e324 f i libvcruntime:frame.obj
 0001:0001d38c       ??Eiterator@HandlerMap4@FH4@@QEAAAEAV012@XZ 000000014001e38c f i libvcruntime:frame.obj
 0001:0001d3b0       ??Eiterator@HandlerMap@__FrameHandler3@@QEAAAEAV012@XZ 000000014001e3b0 f i libvcruntime:frame.obj
 0001:0001d3b8       ??Eiterator@TryBlockMap@__FrameHandler3@@QEAAAEAV012@XZ 000000014001e3b8 f i libvcruntime:frame.obj
 0001:0001d3c0       ??Eiterator@UWMap4@FH4@@QEAAAEAV012@XZ 000000014001e3c0 f i libvcruntime:frame.obj
 0001:0001d3e8       ??Giterator@UWMap4@FH4@@QEBA_JAEBV012@@Z 000000014001e3e8 f i libvcruntime:frame.obj
 0001:0001d3f4       ??Miterator@TryBlockMap4@FH4@@QEBA_NAEBV012@@Z 000000014001e3f4 f i libvcruntime:frame.obj
 0001:0001d400       ??Miterator@TryBlockMap@__FrameHandler3@@QEBA_NAEBV012@@Z 000000014001e400 f i libvcruntime:frame.obj
 0001:0001d40c       ??Oiterator@UWMap4@FH4@@QEBA_NAEBV012@@Z 000000014001e40c f i libvcruntime:frame.obj
 0001:0001d41c       ??Piterator@UWMap4@FH4@@QEBA_NAEBV012@@Z 000000014001e41c f i libvcruntime:frame.obj
 0001:0001d42c       ??_Gbad_exception@std@@UEAAPEAXI@Z 000000014001e42c f i libvcruntime:frame.obj
 0001:0001d42c       ??_Ebad_exception@std@@UEAAPEAXI@Z 000000014001e42c f i libvcruntime:frame.obj
 0001:0001d480       ??_Gexception@std@@UEAAPEAXI@Z 000000014001e480 f i libvcruntime:frame.obj
 0001:0001d480       ??_Eexception@std@@UEAAPEAXI@Z 000000014001e480 f i libvcruntime:frame.obj
 0001:0001d4d4       ?BuildCatchObject@__FrameHandler3@@SAXPEAUEHExceptionRecord@@PEAXPEBU_s_HandlerType@@PEBU_s_CatchableType@@@Z 000000014001e4d4 f   libvcruntime:frame.obj
 0001:0001d4dc       ?BuildCatchObject@__FrameHandler4@@SAXPEAUEHExceptionRecord@@PEAXPEAUHandlerType4@FH4@@PEBU_s_CatchableType@@@Z 000000014001e4dc f   libvcruntime:frame.obj
 0001:0001d4e4       ?BuildCatchObjectHelper@__FrameHandler3@@SAHPEAUEHExceptionRecord@@PEAXPEBU_s_HandlerType@@PEBU_s_CatchableType@@@Z 000000014001e4e4 f   libvcruntime:frame.obj
 0001:0001d4ec       ?BuildCatchObjectHelper@__FrameHandler4@@SAHPEAUEHExceptionRecord@@PEAXPEAUHandlerType4@FH4@@PEBU_s_CatchableType@@@Z 000000014001e4ec f   libvcruntime:frame.obj
 0001:0001d4f4       ?CxxCallCatchBlock@__FrameHandler3@@SAPEAXPEAU_EXCEPTION_RECORD@@@Z 000000014001e4f4 f   libvcruntime:frame.obj
 0001:0001d758       ?CxxCallCatchBlock@__FrameHandler4@@SAPEAXPEAU_EXCEPTION_RECORD@@@Z 000000014001e758 f   libvcruntime:frame.obj
 0001:0001da3c       ?DecompHandler@HandlerMap4@FH4@@AEAAXXZ 000000014001ea3c f i libvcruntime:frame.obj
 0001:0001dd1c       ?FrameUnwindToState@__FrameHandler3@@SAXPEA_KPEAU_xDISPATCHER_CONTEXT@@PEBU_s_FuncInfo@@H@Z 000000014001ed1c f   libvcruntime:frame.obj
 0001:0001df08       ?FrameUnwindToState@__FrameHandler4@@SAXPEA_KPEAU_xDISPATCHER_CONTEXT@@PEAUFuncInfo4@FH4@@H@Z 000000014001ef08 f   libvcruntime:frame.obj
 0001:0001e2c0       ?GetHandlerSearchState@__FrameHandler3@@SAHPEA_KPEAU_xDISPATCHER_CONTEXT@@PEBU_s_FuncInfo@@@Z 000000014001f2c0 f i libvcruntime:frame.obj
 0001:0001e37c       ?GetHandlerSearchState@__FrameHandler4@@SAHPEA_KPEAU_xDISPATCHER_CONTEXT@@PEAUFuncInfo4@FH4@@@Z 000000014001f37c f i libvcruntime:frame.obj
 0001:0001e3f8       ?GetMaxState@__FrameHandler3@@SAHPEAU_xDISPATCHER_CONTEXT@@PEBU_s_FuncInfo@@@Z 000000014001f3f8 f i libvcruntime:frame.obj
 0001:0001e3fc       ?GetMaxState@__FrameHandler4@@SAHPEAU_xDISPATCHER_CONTEXT@@PEAUFuncInfo4@FH4@@@Z 000000014001f3fc f i libvcruntime:frame.obj
 0001:0001e618       ?ReadEntry@UWMap4@FH4@@AEAAXPEAPEAE@Z 000000014001f618 f i libvcruntime:frame.obj
 0001:0001e6dc       ?TypeMatch@__FrameHandler3@@SAHPEBU_s_HandlerType@@PEBU_s_CatchableType@@PEBU_s_ThrowInfo@@@Z 000000014001f6dc f   libvcruntime:frame.obj
 0001:0001e6e4       ?TypeMatch@__FrameHandler4@@SAHPEAUHandlerType4@FH4@@PEBU_s_CatchableType@@PEBU_s_ThrowInfo@@@Z 000000014001f6e4 f   libvcruntime:frame.obj
 0001:0001e6ec       ?WalkBack@UWMap4@FH4@@AEAAXPEAPEAE@Z 000000014001f6ec f i libvcruntime:frame.obj
 0001:0001e730       ?WalkBack@iterator@UWMap4@FH4@@QEAAXXZ 000000014001f730 f i libvcruntime:frame.obj
 0001:0001e77c       ?WalkForward@UWMap4@FH4@@AEAAXPEAPEAE@Z 000000014001f77c f i libvcruntime:frame.obj
 0001:0001e784       ?_CallMemberFunction1@@YAXQEAX00@Z 000000014001f784 f i libvcruntime:frame.obj
 0001:0001e790       ?_CallMemberFunction2@@YAXQEAX00H@Z 000000014001f790 f i libvcruntime:frame.obj
 0001:0001e7c0       ?begin@HandlerMap4@FH4@@QEAA?AViterator@12@XZ 000000014001f7c0 f i libvcruntime:frame.obj
 0001:0001e7d0       ?begin@HandlerMap@__FrameHandler3@@QEAA?AViterator@12@XZ 000000014001f7d0 f i libvcruntime:frame.obj
 0001:0001e7e0       ?begin@UWMap4@FH4@@QEAA?AViterator@12@XZ 000000014001f7e0 f i libvcruntime:frame.obj
 0001:0001e7f4       ?end@HandlerMap4@FH4@@QEAA?AViterator@12@XZ 000000014001f7f4 f i libvcruntime:frame.obj
 0001:0001e804       ?end@HandlerMap@__FrameHandler3@@QEAA?AViterator@12@XZ 000000014001f804 f i libvcruntime:frame.obj
 0001:0001e814       ?getESTypes@__FrameHandler3@@SAPEBU_s_ESTypeList@@PEBU_s_FuncInfo@@@Z 000000014001f814 f i libvcruntime:frame.obj
 0001:0001e848       ?getESTypes@__FrameHandler4@@SAPEBU_s_ESTypeList@@PEAUFuncInfo4@FH4@@@Z 000000014001f848 f i libvcruntime:frame.obj
 0001:0001e84c       ?getLastEntry@HandlerMap4@FH4@@QEAAPEAUHandlerType4@2@XZ 000000014001f84c f i libvcruntime:frame.obj
 0001:0001e8b0       ?getLastEntry@HandlerMap@__FrameHandler3@@QEAAPEBU_s_HandlerType@@XZ 000000014001f8b0 f i libvcruntime:frame.obj
 0001:0001e8c8       ?getMagicNum@__FrameHandler3@@SAIPEBU_s_FuncInfo@@@Z 000000014001f8c8 f i libvcruntime:frame.obj
 0001:0001e8d4       ?getMagicNum@__FrameHandler4@@SAIPEAUFuncInfo4@FH4@@@Z 000000014001f8d4 f i libvcruntime:frame.obj
 0001:0001e8dc       ?getNumTryBlocks@TryBlockMap4@FH4@@QEAAIXZ 000000014001f8dc f i libvcruntime:frame.obj
 0001:0001e8e0       ?getNumTryBlocks@TryBlockMap@__FrameHandler3@@QEAAIXZ 000000014001f8e0 f i libvcruntime:frame.obj
 0001:0001e8e8       ?getStartStop@UWMap4@FH4@@QEAAXHHAEAViterator@12@0@Z 000000014001f8e8 f i libvcruntime:frame.obj
 0001:0001e9ec       ?getStateFromIterators@UWMap4@FH4@@SAHAEBViterator@12@H0H0@Z 000000014001f9ec f i libvcruntime:frame.obj
 0001:0001eaec       ?isEHs@__FrameHandler3@@SA_NPEBU_s_FuncInfo@@@Z 000000014001faec f i libvcruntime:frame.obj
 0001:0001eaf4       ?isEHs@__FrameHandler4@@SA_NPEAUFuncInfo4@FH4@@@Z 000000014001faf4 f i libvcruntime:frame.obj
 0001:0001eb00       ?isNoExcept@__FrameHandler3@@SA_NPEBU_s_FuncInfo@@@Z 000000014001fb00 f i libvcruntime:frame.obj
 0001:0001eb0c       ?isNoExcept@__FrameHandler4@@SA_NPEAUFuncInfo4@FH4@@@Z 000000014001fb0c f i libvcruntime:frame.obj
 0001:0001eb18       ?reset@HandlerType4@FH4@@QEAAXXZ 000000014001fb18 f i libvcruntime:frame.obj
 0001:0001eb34       ?resetBuffer@HandlerMap4@FH4@@QEAAXXZ 000000014001fb34 f i libvcruntime:frame.obj
 0001:0001eb44       ?setBuffer@HandlerMap4@FH4@@QEAAXI@Z 000000014001fb44 f i libvcruntime:frame.obj
 0001:0001eb8c       ?what@exception@std@@UEBAPEBDXZ 000000014001fb8c f i libvcruntime:frame.obj
 0001:0001eba4       __BuildCatchObject         000000014001fba4 f   libvcruntime:frame.obj
 0001:0001ebac       __BuildCatchObjectHelper   000000014001fbac f   libvcruntime:frame.obj
 0001:0001ebb4       __TypeMatch                000000014001fbb4 f   libvcruntime:frame.obj
 0001:0001ebbc       __vcrt_EncodePointer       000000014001fbbc f i libvcruntime:frame.obj
 0001:0001ebe0       _CallSettingFrame          000000014001fbe0 f   libvcruntime:handlers.obj
 0001:0001ec30       _CallSettingFrame_LookupContinuationIndex 000000014001fc30 f   libvcruntime:handlers.obj
 0001:0001ec60       _CallSettingFrame_NotifyContinuationAddr 000000014001fc60 f   libvcruntime:handlers.obj
 0001:0001ec90       _CallSettingFrameEncoded   000000014001fc90 f   libvcruntime:handlers.obj
 0001:0001ed18       ??$?RD@__crt_public_free_policy@@QEBAXQEBD@Z 000000014001fd18 f i libvcruntime:std_exception.obj
 0001:0001ed24       ??0?$__crt_unique_heap_ptr@DU__crt_public_free_policy@@@@QEAA@QEAD@Z 000000014001fd24 f i libvcruntime:std_exception.obj
 0001:0001ed2c       ??1?$__crt_unique_heap_ptr@DU__crt_public_free_policy@@@@QEAA@XZ 000000014001fd2c f i libvcruntime:std_exception.obj
 0001:0001ed50       ??B?$__crt_unique_heap_ptr@DU__crt_public_free_policy@@@@QEBA_NXZ 000000014001fd50 f i libvcruntime:std_exception.obj
 0001:0001ed5c       ?detach@?$__crt_unique_heap_ptr@DU__crt_public_free_policy@@@@QEAAPEADXZ 000000014001fd5c f i libvcruntime:std_exception.obj
 0001:0001ed68       ?get@?$__crt_unique_heap_ptr@DU__crt_public_free_policy@@@@QEBAPEADXZ 000000014001fd68 f i libvcruntime:std_exception.obj
 0001:0001ed6c       ?is_valid@?$__crt_unique_heap_ptr@DU__crt_public_free_policy@@@@QEBA_NXZ 000000014001fd6c f i libvcruntime:std_exception.obj
 0001:0001ed78       ?release@?$__crt_unique_heap_ptr@DU__crt_public_free_policy@@@@QEAAXXZ 000000014001fd78 f i libvcruntime:std_exception.obj
 0001:0001ed9c       __std_exception_copy       000000014001fd9c f   libvcruntime:std_exception.obj
 0001:0001ee4c       __std_exception_destroy    000000014001fe4c f   libvcruntime:std_exception.obj
 0001:0001ee7c       _CxxThrowException         000000014001fe7c f   libvcruntime:throw.obj
 0001:0001ef44       ??$is_overflow_condition@K@__crt_strtox@@YA_NIK@Z 000000014001ff44 f i libucrt:atox.obj
 0001:0001ef74       ??$is_overflow_condition@_K@__crt_strtox@@YA_NI_K@Z 000000014001ff74 f i libucrt:atox.obj
 0001:0001efb0       ??$make_c_string_character_source@D$$T@__crt_strtox@@YA?AV?$c_string_character_source@D@0@QEBD$$T@Z 000000014001ffb0 f i libucrt:atox.obj
 0001:0001efc8       ??$make_c_string_character_source@_W$$T@__crt_strtox@@YA?AV?$c_string_character_source@_W@0@QEB_W$$T@Z 000000014001ffc8 f i libucrt:atox.obj
 0001:0001efe0       ??$parse_integer@KV?$c_string_character_source@D@__crt_strtox@@@__crt_strtox@@YAKQEAU__crt_locale_pointers@@V?$c_string_character_source@D@0@H_N@Z 000000014001ffe0 f i libucrt:atox.obj
 0001:0001f3a4       ??$parse_integer@KV?$c_string_character_source@_W@__crt_strtox@@@__crt_strtox@@YAKQEAU__crt_locale_pointers@@V?$c_string_character_source@_W@0@H_N@Z 00000001400203a4 f i libucrt:atox.obj
 0001:0001fbf4       ??$parse_integer@_KV?$c_string_character_source@D@__crt_strtox@@@__crt_strtox@@YA_KQEAU__crt_locale_pointers@@V?$c_string_character_source@D@0@H_N@Z 0000000140020bf4 f i libucrt:atox.obj
 0001:0001ff9c       ??$parse_integer@_KV?$c_string_character_source@_W@__crt_strtox@@@__crt_strtox@@YA_KQEAU__crt_locale_pointers@@V?$c_string_character_source@_W@0@H_N@Z 0000000140020f9c f i libucrt:atox.obj
 0001:000208c8       ??$parse_integer_from_string@JD$$T@__crt_strtox@@YAJQEBD$$THQEAU__crt_locale_pointers@@@Z 00000001400218c8 f i libucrt:atox.obj
 0001:00020904       ??$parse_integer_from_string@J_W$$T@__crt_strtox@@YAJQEB_W$$THQEAU__crt_locale_pointers@@@Z 0000000140021904 f i libucrt:atox.obj
 0001:00020940       ??$parse_integer_from_string@_JD$$T@__crt_strtox@@YA_JQEBD$$THQEAU__crt_locale_pointers@@@Z 0000000140021940 f i libucrt:atox.obj
 0001:0002097c       ??$parse_integer_from_string@_J_W$$T@__crt_strtox@@YA_JQEB_W$$THQEAU__crt_locale_pointers@@@Z 000000014002197c f i libucrt:atox.obj
 0001:000209b8       ??0?$c_string_character_source@D@__crt_strtox@@QEAA@QEBDQEAPEBD@Z 00000001400219b8 f i libucrt:atox.obj
 0001:000209d0       ??0?$c_string_character_source@_W@__crt_strtox@@QEAA@QEB_WQEAPEB_W@Z 00000001400219d0 f i libucrt:atox.obj
 0001:000209e8       ??0_LocaleUpdate@@QEAA@QEAU__crt_locale_pointers@@@Z 00000001400219e8 f i libucrt:atox.obj
 0001:00020aac       ??1?$c_string_character_source@D@__crt_strtox@@QEAA@XZ 0000000140021aac f i libucrt:atox.obj
 0001:00020ac0       ??1?$c_string_character_source@_W@__crt_strtox@@QEAA@XZ 0000000140021ac0 f i libucrt:atox.obj
 0001:00020ad4       ??1_LocaleUpdate@@QEAA@XZ  0000000140021ad4 f i libucrt:atox.obj
 0001:00020aec       ?GetLocaleT@_LocaleUpdate@@QEAAPEAU__crt_locale_pointers@@XZ 0000000140021aec f i libucrt:atox.obj
 0001:00020af4       ?get@?$c_string_character_source@D@__crt_strtox@@QEAADXZ 0000000140021af4 f i libucrt:atox.obj
 0001:00020b04       ?get@?$c_string_character_source@_W@__crt_strtox@@QEAA_WXZ 0000000140021b04 f i libucrt:atox.obj
 0001:00020b18       ?is_space@__crt_strtox@@YA_NDQEAU__crt_locale_pointers@@@Z 0000000140021b18 f i libucrt:atox.obj
 0001:00020b40       ?is_space@__crt_strtox@@YA_N_WPEAU__crt_locale_pointers@@@Z 0000000140021b40 f i libucrt:atox.obj
 0001:00020b60       ?maximum_signed_value@__crt_strtox@@YAJK@Z 0000000140021b60 f i libucrt:atox.obj
 0001:00020b68       ?maximum_signed_value@__crt_strtox@@YA_J_K@Z 0000000140021b68 f i libucrt:atox.obj
 0001:00020b78       ?minimum_signed_value@__crt_strtox@@YAJK@Z 0000000140021b78 f i libucrt:atox.obj
 0001:00020b80       ?minimum_signed_value@__crt_strtox@@YA_J_K@Z 0000000140021b80 f i libucrt:atox.obj
 0001:00020b90       ?parse_digit@__crt_strtox@@YAID@Z 0000000140021b90 f i libucrt:atox.obj
 0001:00020bcc       ?parse_digit@__crt_strtox@@YAI_W@Z 0000000140021bcc f i libucrt:atox.obj
 0001:00020e10       ?restore_state@?$c_string_character_source@D@__crt_strtox@@QEAA_NQEBD@Z 0000000140021e10 f i libucrt:atox.obj
 0001:00020e18       ?restore_state@?$c_string_character_source@_W@__crt_strtox@@QEAA_NQEB_W@Z 0000000140021e18 f i libucrt:atox.obj
 0001:00020e20       ?save_state@?$c_string_character_source@D@__crt_strtox@@QEBAPEBDXZ 0000000140021e20 f i libucrt:atox.obj
 0001:00020e24       ?save_state@?$c_string_character_source@_W@__crt_strtox@@QEBAPEB_WXZ 0000000140021e24 f i libucrt:atox.obj
 0001:00020e28       ?unget@?$c_string_character_source@D@__crt_strtox@@QEAAXD@Z 0000000140021e28 f i libucrt:atox.obj
 0001:00020e5c       ?unget@?$c_string_character_source@_W@__crt_strtox@@QEAAX_W@Z 0000000140021e5c f i libucrt:atox.obj
 0001:00020e94       ?validate@?$c_string_character_source@D@__crt_strtox@@QEBA_NXZ 0000000140021e94 f i libucrt:atox.obj
 0001:00020ec4       ?validate@?$c_string_character_source@_W@__crt_strtox@@QEBA_NXZ 0000000140021ec4 f i libucrt:atox.obj
 0001:00020ef4       ?wide_character_to_digit@__crt_strtox@@YAH_W@Z 0000000140021ef4 f i libucrt:atox.obj
 0001:000210fc       __acrt_disable_global_locale_sync 00000001400220fc f i libucrt:atox.obj
 0001:00021104       __acrt_enable_global_locale_sync 0000000140022104 f i libucrt:atox.obj
 0001:00021110       __acrt_get_locale_data_prefix 0000000140022110 f i libucrt:atox.obj
 0001:00021114       __acrt_locale_changed      0000000140022114 f i libucrt:atox.obj
 0001:00021124       __acrt_locale_get_ctype_array_value 0000000140022124 f i libucrt:atox.obj
 0001:00021144       __ascii_iswalpha           0000000140022144 f i libucrt:atox.obj
 0001:00021164       __ascii_toupper            0000000140022164 f i libucrt:atox.obj
 0001:00021178       __ascii_towupper           0000000140022178 f i libucrt:atox.obj
 0001:00021188       _atoi64                    0000000140022188 f   libucrt:atox.obj
 0001:000211bc       _atoi64_l                  00000001400221bc f   libucrt:atox.obj
 0001:000211f4       _atoi_l                    00000001400221f4 f   libucrt:atox.obj
 0001:0002122c       _atol_l                    000000014002222c f   libucrt:atox.obj
 0001:00021264       _atoll_l                   0000000140022264 f   libucrt:atox.obj
 0001:0002129c       _chvalidchk_l              000000014002229c f i libucrt:atox.obj
 0001:00021318       _ischartype_l              0000000140022318 f i libucrt:atox.obj
 0001:000213ac       _wtoi                      00000001400223ac f   libucrt:atox.obj
 0001:000213e0       _wtoi64                    00000001400223e0 f   libucrt:atox.obj
 0001:00021414       _wtoi64_l                  0000000140022414 f   libucrt:atox.obj
 0001:0002144c       _wtoi_l                    000000014002244c f   libucrt:atox.obj
 0001:00021484       _wtol                      0000000140022484 f   libucrt:atox.obj
 0001:000214b8       _wtol_l                    00000001400224b8 f   libucrt:atox.obj
 0001:000214f0       _wtoll                     00000001400224f0 f   libucrt:atox.obj
 0001:00021524       _wtoll_l                   0000000140022524 f   libucrt:atox.obj
 0001:0002155c       atoi                       000000014002255c f   libucrt:atox.obj
 0001:00021590       atol                       0000000140022590 f   libucrt:atox.obj
 0001:000215c4       atoll                      00000001400225c4 f   libucrt:atox.obj
 0001:00021610       strcat                     0000000140022610 f   libucrt:strcat.obj
 0001:000216b0       strcpy                     00000001400226b0 f   libucrt:strcat.obj
 0001:000216b3       ___entry_from_strcat_in_strcpy 00000001400226b3     libucrt:strcat.obj
 0001:000217e4       _seh_filter_dll            00000001400227e4 f   libucrt:exception_filter.obj
 0001:000217fc       _seh_filter_exe            00000001400227fc f   libucrt:exception_filter.obj
 0001:00021aec       __acrt_report_runtime_error 0000000140022aec f   libucrt:report_runtime_error.obj
 0001:00021ca0       _invoke_watson_if_error    0000000140022ca0 f i libucrt:report_runtime_error.obj
 0001:00021ce0       _query_app_type            0000000140022ce0 f   libucrt:report_runtime_error.obj
 0001:00021ce8       _set_app_type              0000000140022ce8 f   libucrt:report_runtime_error.obj
 0001:00021cf0       ??$__crt_fast_decode_pointer@P6AHPEAU_exception@@@Z@@YAP6AHPEAU_exception@@@ZQ6AH0@Z@Z 0000000140022cf0 f i libucrt:matherr.obj
 0001:00021d0c       ??$__crt_fast_encode_pointer@P6AHPEAU_exception@@@Z@@YAP6AHPEAU_exception@@@ZQ6AH0@Z@Z 0000000140022d0c f i libucrt:matherr.obj
 0001:00021d34       ?__crt_rotate_pointer_value@@YA_K_KH@Z 0000000140022d34 f i libucrt:matherr.obj
 0001:00021d40       ?get_current_state_index@__crt_state_management@@YA_KXZ 0000000140022d40 f i libucrt:matherr.obj
 0001:00021d44       ?initialize@?$dual_state_global@P6AHPEAU_exception@@@Z@__crt_state_management@@QEAAXQ6AHPEAU_exception@@@Z@Z 0000000140022d44 f i libucrt:matherr.obj
 0001:00021d74       ?value@?$dual_state_global@P6AHPEAU_exception@@@Z@__crt_state_management@@QEAAAEAP6AHPEAU_exception@@@ZXZ 0000000140022d74 f i libucrt:matherr.obj
 0001:00021d78       __acrt_has_user_matherr    0000000140022d78 f   libucrt:matherr.obj
 0001:00021d9c       __acrt_initialize_user_matherr 0000000140022d9c f   libucrt:matherr.obj
 0001:00021da8       __acrt_invoke_user_matherr 0000000140022da8 f   libucrt:matherr.obj
 0001:00021de4       __setusermatherr           0000000140022de4 f   libucrt:matherr.obj
 0001:00021e14       ??$?RE@__crt_internal_free_policy@@QEBAXQEBE@Z 0000000140022e14 f i libucrt:argv_parsing.obj
[...]
 0002:000148cc       $unwind$__acrt_CompareStringW 00000001400848cc     libucrt:comparestringw.obj
 0002:000148e8       $unwind$_strnicmp          00000001400848e8     libucrt:strnicmp.obj
 0002:000148f0       $unwind$_strnicmp_l        00000001400848f0     libucrt:strnicmp.obj
 0002:00014904       $unwind$__acrt_CompareStringA 0000000140084904     libucrt:comparestringa.obj
 0002:00014918       $unwind$?InternalCompareStringA@@YAHPEAU__crt_locale_pointers@@PEB_WKPEBDH2HH@Z 0000000140084918     libucrt:comparestringa.obj
 0002:00014940       $unwind$_towlower_l        0000000140084940     libucrt:towlower.obj
 0002:00014948       $unwind$?common_lseek_do_seek_nolock@@YAJQEAXJH@Z 0000000140084948     libucrt:lseek.obj
 0002:0001495c       $unwind$?common_lseek_do_seek_nolock@@YA_JQEAX_JH@Z 000000014008495c     libucrt:lseek.obj
 0002:00014964       $unwind$??$common_lseek@J@@YAJHJH@Z 0000000140084964     libucrt:lseek.obj
 0002:00014998       $unwind$?fin$0@?0???$common_lseek@J@@YAJHJH@Z@4HA 0000000140084998     libucrt:lseek.obj
 0002:000149a0       $unwind$??$common_lseek@_J@@YA_JH_JH@Z 00000001400849a0     libucrt:lseek.obj
 0002:000149d4       $unwind$?fin$0@?0???$common_lseek@_J@@YA_JH_JH@Z@4HA 00000001400849d4     libucrt:lseek.obj
 0002:000149dc       $unwind$??$common_lseek_nolock@J@@YAJHJH@Z 00000001400849dc     libucrt:lseek.obj
 0002:000149f4       $unwind$??$common_lseek_nolock@_J@@YA_JH_JH@Z 00000001400849f4     libucrt:lseek.obj
 0002:00014a08       $unwind$_putwch            0000000140084a08     libucrt:putwch.obj
 0002:00014a10       $unwind$_putwch_nolock     0000000140084a10     libucrt:putwch.obj
 0002:00014a18       $unwind$??$__acrt_lock_and_call@V<lambda_9e0b6ab72a5b3ae37ad997d08b519f50>@@@@YAGW4__acrt_lock_id@@$$QEAV<lambda_9e0b6ab72a5b3ae37ad997d08b519f50>@@@Z 0000000140084a18     libucrt:putwch.obj
 0002:00014a20       $unwind$??$?RV<lambda_0384895ae1aa6ccbfe369a30d6ca2ef7>@@AEAV<lambda_9e0b6ab72a5b3ae37ad997d08b519f50>@@V<lambda_7e22f70504d73c22058e5832bde5914f>@@@?$__crt_seh_guarded_call@G@@QEAAG$$QEAV<lambda_0384895ae1aa6ccbfe369a30d6ca2ef7>@@AEAV<lambda_9e0b6ab72a5b3ae37ad997d08b519f50>@@$$QEAV<lambda_7e22f70504d73c22058e5832bde5914f>@@@Z 0000000140084a20     libucrt:putwch.obj
 0002:00014a48       $unwind$?fin$0@?0???$?RV<lambda_0384895ae1aa6ccbfe369a30d6ca2ef7>@@AEAV<lambda_9e0b6ab72a5b3ae37ad997d08b519f50>@@V<lambda_7e22f70504d73c22058e5832bde5914f>@@@?$__crt_seh_guarded_call@G@@QEAAG$$QEAV<lambda_0384895ae1aa6ccbfe369a30d6ca2ef7>@@AEAV<lambda_9e0b6ab72a5b3ae37ad997d08b519f50>@@$$QEAV<lambda_7e22f70504d73c22058e5832bde5914f>@@@Z@4HA 0000000140084a48     libucrt:putwch.obj
 0002:00014a50       $unwind$_read              0000000140084a50     libucrt:read.obj
 0002:00014a84       $unwind$_read$fin$0        0000000140084a84     libucrt:read.obj
 0002:00014a8c       $unwind$_read_nolock       0000000140084a8c     libucrt:read.obj
 0002:00014aa8       $unwind$?translate_utf16_from_console_nolock@@YAHHQEA_W_K@Z 0000000140084aa8     libucrt:read.obj
 0002:00014ab0       $unwind$?translate_ansi_or_utf8_nolock@@YAHHQEAD_KQEA_W1@Z 0000000140084ab0     libucrt:read.obj
 0002:00014acc       $unwind$??$translate_text_mode_nolock@D@@YAHHQEAD_K@Z 0000000140084acc     libucrt:read.obj
 0002:00014ae8       $unwind$??$translate_text_mode_nolock@_W@@YAHHQEA_W_K@Z 0000000140084ae8     libucrt:read.obj
 0002:00014b04       $unwind$fclose             0000000140084b04     libucrt:fclose.obj
 0002:00014b2c       $unwind$fclose$fin$0       0000000140084b2c     libucrt:fclose.obj
 0002:00014b34       $unwind$_fclose_nolock     0000000140084b34     libucrt:fclose.obj
 0002:00014b44       $unwind$?__mbrtoc32_utf8@__crt_mbstring@@YA_KPEA_UPEBD_KPEAU_Mbstatet@@@Z 0000000140084b44     libucrt:mbrtoc32.obj
 0002:00014b64       $unwind$_controlfp_s       0000000140084b64     libucrt:contrlfp.obj
 0002:00014b6c       $unwind$fegetenv           0000000140084b6c     libucrt:fegetenv.obj
 0002:00014b74       $unwind$fesetenv           0000000140084b74     libucrt:fesetenv.obj
 0002:00014b7c       $unwind$feholdexcept       0000000140084b7c     libucrt:feholdexcept.obj
 0002:00014b88       $xdatasym                  0000000140084b88     libucrt:log10.obj
 0002:00014b98       $unwind$__acrt_fenv_set_control 0000000140084b98     libucrt:_fenvutils.obj
 0002:00014bac       $unwind$?to_machine_sse_control@@YA?AW4__acrt_fenv_machine_sse_control@@W4__acrt_fenv_abstract_control@@@Z 0000000140084bac     libucrt:_fenvutils.obj
 0002:00014bc0       $unwind$__acrt_stdio_allocate_buffer_nolock 0000000140084bc0     libucrt:_getbuf.obj
 0002:00014bd0       $unwind$__acrt_LCMapStringW 0000000140084bd0     libucrt:lcmapstringw.obj
 0002:00014be8       $unwind$__dcrt_lowio_ensure_console_output_initialized 0000000140084be8     libucrt:initcon.obj
 0002:00014bf0       $unwind$__dcrt_write_console 0000000140084bf0     libucrt:initcon.obj
 0002:00014c08       $unwind$?__dcrt_lowio_initialize_console_output@@YAXXZ 0000000140084c08     libucrt:initcon.obj
 0002:00014c10       $unwind$__dcrt_terminate_console_output 0000000140084c10     libucrt:initcon.obj
 0002:00014c18       $unwind$??R<lambda_61c1b8a38cedca4df5fdc542e6ccae6d>@@QEBAHXZ 0000000140084c18     libucrt:initcon.obj
 0002:00014c20       $unwind$??$console_output_reopen_and_retry@V<lambda_61c1b8a38cedca4df5fdc542e6ccae6d>@@@@YAHAEBV<lambda_61c1b8a38cedca4df5fdc542e6ccae6d>@@@Z 0000000140084c20     libucrt:initcon.obj
 0002:00014c30       $unwind$_close             0000000140084c30     libucrt:close.obj
 0002:00014c38       $unwind$_close_nolock      0000000140084c38     libucrt:close.obj
 0002:00014c48       $unwind$?close_os_handle_nolock@@YAKH@Z 0000000140084c48     libucrt:close.obj
 0002:00014c58       $unwind$??R<lambda_628dfdc04ba53c8bfc02c9951375f3f5>@@QEBAHXZ 0000000140084c58     libucrt:close.obj
 0002:00014c60       $unwind$??$__acrt_lowio_lock_fh_and_call@V<lambda_628dfdc04ba53c8bfc02c9951375f3f5>@@@@YAHH$$QEAV<lambda_628dfdc04ba53c8bfc02c9951375f3f5>@@@Z 0000000140084c60     libucrt:close.obj
 0002:00014c68       $unwind$??$?RV<lambda_751a882b2c74d4b022dec766aa51a29a>@@AEAV<lambda_628dfdc04ba53c8bfc02c9951375f3f5>@@V<lambda_f6c7be5f7998530c34de24c7437d6b54>@@@?$__crt_seh_guarded_call@H@@QEAAH$$QEAV<lambda_751a882b2c74d4b022dec766aa51a29a>@@AEAV<lambda_628dfdc04ba53c8bfc02c9951375f3f5>@@$$QEAV<lambda_f6c7be5f7998530c34de24c7437d6b54>@@@Z 0000000140084c68     libucrt:close.obj
 0002:00014c90       $unwind$?fin$0@?0???$?RV<lambda_751a882b2c74d4b022dec766aa51a29a>@@AEAV<lambda_628dfdc04ba53c8bfc02c9951375f3f5>@@V<lambda_f6c7be5f7998530c34de24c7437d6b54>@@@?$__crt_seh_guarded_call@H@@QEAAH$$QEAV<lambda_751a882b2c74d4b022dec766aa51a29a>@@AEAV<lambda_628dfdc04ba53c8bfc02c9951375f3f5>@@$$QEAV<lambda_f6c7be5f7998530c34de24c7437d6b54>@@@Z@4HA 0000000140084c90     libucrt:close.obj
 0002:00014c98       $unwind$?__acrt_stdio_allocate_stream@@YA?AV__crt_stdio_stream@@XZ 0000000140084c98     libucrt:stream.obj
 0002:00014cbc       $unwind$?fin$0@?0??__acrt_stdio_allocate_stream@@YA?AV__crt_stdio_stream@@XZ@4HA 0000000140084cbc     libucrt:stream.obj
 0002:00014cc4       $unwind$?find_or_allocate_unused_stream_nolock@@YA?AV__crt_stdio_stream@@XZ 0000000140084cc4     libucrt:stream.obj
 0002:00014cdc       $unwind$??1?$__crt_unique_heap_ptr@U__crt_stdio_stream_data@@U__crt_internal_free_policy@@@@QEAA@XZ 0000000140084cdc     libucrt:stream.obj
 0002:00014ce4       $unwind$?release@?$__crt_unique_heap_ptr@U__crt_stdio_stream_data@@U__crt_internal_free_policy@@@@QEAAXXZ 0000000140084ce4     libucrt:stream.obj
 0002:00014cec       $unwind$_clearfp           0000000140084cec     libucrt:ieee.obj
 0002:00014cf4       $unwind$_set_controlfp     0000000140084cf4     libucrt:ieee.obj
 0002:00014cfc       $unwind$common_control87   0000000140084cfc     libucrt:ieee.obj
 0002:00014d2c       $unwind$common_control87$filt$0 0000000140084d2c     libucrt:ieee.obj
 0002:00014d34       $unwind$_call_matherr      0000000140084d34     libucrt:libm_error.obj
 0002:00014d3c       $unwind$_exception_enabled 0000000140084d3c     libucrt:libm_error.obj
 0002:00014d50       $unwind$_handle_errorf     0000000140084d50     libucrt:libm_error.obj
 0002:00014d74       $unwind$_handle_error      0000000140084d74     libucrt:libm_error.obj
 0002:00014d98       $unwind$__acrt_initialize_fma3 0000000140084d98     libucrt:fma3_available.obj
 0002:00014da0       $unwind$_logf_special_common 0000000140084da0     libucrt:log_special.obj
 0002:00014db0       $unwind$_logf_special      0000000140084db0     libucrt:log_special.obj
 0002:00014db8       $unwind$_log10f_special    0000000140084db8     libucrt:log_special.obj
 0002:00014dc0       $unwind$_log_special_common 0000000140084dc0     libucrt:log_special.obj
 0002:00014dd0       $unwind$_log_special       0000000140084dd0     libucrt:log_special.obj
 0002:00014dd8       $unwind$_log10_special     0000000140084dd8     libucrt:log_special.obj
 0002:00014de0       $xdatasym                  0000000140084de0     libucrt:fpsr.obj
 0002:00014de8       $unwind$_except1           0000000140084de8     libucrt:fpexcept.obj
 0002:00014e0c       $unwind$_except2           0000000140084e0c     libucrt:fpexcept.obj
 0002:00014e34       $unwind$_set_errno_from_matherr 0000000140084e34     libucrt:fpexcept.obj
 0002:00014e3c       $unwind$_handle_exc        0000000140084e3c     libucrt:fpexcept.obj
 0002:00014e5c       $unwind$_raise_excf        0000000140084e5c     libucrt:fpexcept.obj
 0002:00014e64       $unwind$_raise_exc         0000000140084e64     libucrt:fpexcept.obj
 0002:00014e6c       $unwind$_umatherr          0000000140084e6c     libucrt:fpexcept.obj
 0002:00014e74       $unwind$_raise_exc_ex      0000000140084e74     libucrt:fpexcept.obj
 0002:00014e8c       $unwind$_clrfp             0000000140084e8c     libucrt:fpctrl.obj
 0002:00014e94       $unwind$_ctrlfp            0000000140084e94     libucrt:fpctrl.obj
 0002:00014ec0       $unwind$_ctrlfp$filt$0     0000000140084ec0     libucrt:fpctrl.obj
 0002:00014ec8       $unwind$_statfp            0000000140084ec8     libucrt:fpctrl.obj
 0002:00014ed0       $unwind$_set_statfp        0000000140084ed0     libucrt:fpctrl.obj
 0002:00014ed8       $unwind$_IsNonwritableInCurrentImage 0000000140084ed8     libcmt:pesect.obj
 0002:00014f00       $unwind$_IsNonwritableInCurrentImage$filt$0 0000000140084f00     libcmt:pesect.obj
 0002:00014f08       $unwind$??_Gtype_info@@UEAAPEAXI@Z 0000000140084f08     libcmt:std_type_info_static.obj
 0002:00014f10       $unwind$__GSHandlerCheckCommon 0000000140084f10     libcmt:gshandler.obj
 0002:00014f18       $unwind$__GSHandlerCheck   0000000140084f18     libcmt:gshandler.obj
 0002:00014f20       $xdatasym                  0000000140084f20     libcmt:amdsecgs.obj
 0002:00014f24       $unwind$__GSHandlerCheck_SEH 0000000140084f24     libcmt:gshandlerseh.obj
 0002:00014f40       $unwind$__report_securityfailure 0000000140084f40     libcmt:gs_report.obj
 0002:00014f48       $unwind$__report_securityfailureEx 0000000140084f48     libcmt:gs_report.obj
 0002:00014f50       $unwind$__report_rangecheckfailure 0000000140084f50     libcmt:gs_report.obj
 0002:00014f58       $unwind$__report_gsfailure 0000000140084f58     libcmt:gs_report.obj
 0002:00014f60       $unwind$capture_current_context 0000000140084f60     libcmt:gs_report.obj
 0002:00014f70       $unwind$capture_previous_context 0000000140084f70     libcmt:gs_report.obj
 0002:00014f80       $unwind$__raise_securityfailure 0000000140084f80     libcmt:gs_report.obj
 0002:00014f88       $xdatasym                  0000000140084f88     libvcruntime:memcmp.obj
 0002:00014f8c       $unwind$strrchr            0000000140084f8c     libvcruntime:strrchr.obj
 0002:00014f94       $unwind$_local_unwind      0000000140084f94     libvcruntime:jmpuwind.obj
 0003:00000000       PlayerPosition             0000000140086000     main-ef8b56.o
 0003:00000060       ?__vcrt_flsindex@@3KA      0000000140086060     libvcruntime:per_thread_data.obj
 0003:00000068       ?prefix@?1??getDimension@UnDecorator@@CA?AVDName@@_N@Z@4UStringLiteral@@A 0000000140086068     libvcruntime:undname.obj
 0003:00000080       _ctype_loc_style           0000000140086080     libucrt:wsetlocale.obj
 0003:000000ac       ?errno_no_memory@@3HA      00000001400860ac     libucrt:errno.obj
 0003:000000b0       ?doserrno_no_memory@@3KA   00000001400860b0     libucrt:errno.obj
 0003:000000b4       ?__acrt_flsindex@@3KA      00000001400860b4     libucrt:per_thread_data.obj
 0003:00000520       _mbctypes                  0000000140086520     libucrt:mbctype.obj
 0003:00000660       _mbcasemaps                0000000140086660     libucrt:mbctype.obj
 0003:00000794       ?__rgctypeflag@@3PADA      0000000140086794     libucrt:mbctype.obj
 0003:000007a0       ?__rgcode_page_info@@3PAUcode_page_info@@A 00000001400867a0     libucrt:mbctype.obj
 0003:00000c70       ?__dcrt_lowio_console_output_handle@@3PEAXEA 0000000140086c70     libucrt:initcon.obj
 0003:00000c79       ?dazSupported@?1??common_control87@@9@9 0000000140086c79     libucrt:ieee.obj
 0003:00000c80       ?dazSupported@?1??_ctrlfp@@9@9 0000000140086c80     libucrt:fpctrl.obj
 0003:00001180       IsCameraLocked             0000000140087180     main-ef8b56.o
 0003:00001184       Console                    0000000140087184     main-ef8b56.o
 0003:000015a0       TileMap                    00000001400875a0     main-ef8b56.o
 0003:000017e0       VSyncToggle                00000001400877e0     main-ef8b56.o
 0003:000017e8       Config                     00000001400877e8     main-ef8b56.o
 0003:00001970       ?is_initialized_as_dll@@3_NA 0000000140087970     libcmt:utility.obj
 0003:00001971       ?module_local_atexit_table_initialized@@3_NA 0000000140087971     libcmt:utility.obj
 0003:00001978       ?module_local_atexit_table@@3U_onexit_table_t@@A 0000000140087978     libcmt:utility.obj
 0003:00001990       ?module_local_at_quick_exit_table@@3U_onexit_table_t@@A 0000000140087990     libcmt:utility.obj
 0003:00001a10       ?__vcrt_startup_thread_ptd@@3U__vcrt_ptd@@A 0000000140087a10     libvcruntime:per_thread_data.obj
 0003:00001ab0       __vcrt_lock_table          0000000140087ab0     libvcruntime:locks.obj
 0003:00001ad8       __vcrt_locks_initialized   0000000140087ad8     libvcruntime:locks.obj
 0003:00001b28       ?heap@@3V_HeapManager@@A   0000000140087b28     libvcruntime:undname.obj
 0003:00001b68       ?module_handles@@3PAPEAUHINSTANCE__@@A 0000000140087b68     libvcruntime:winapi_downlevel.obj
 0003:00001b80       ?function_pointers@@3PAPEAXA 0000000140087b80     libvcruntime:winapi_downlevel.obj
 0003:00001bc4       ?__acrt_app_type@@3W4_crt_app_type@@A 0000000140087bc4     libucrt:report_runtime_error.obj
 0003:00001bd0       ?outmsg@?9??__acrt_report_runtime_error@@9@4PA_WA 0000000140087bd0     libucrt:report_runtime_error.obj
 0003:00002338       ?user_matherr@@3V?$dual_state_global@P6AHPEAU_exception@@@Z@__crt_state_management@@A 0000000140088338     libucrt:matherr.obj
 0003:00002350       ?program_name@?1???$common_configure_argv@D@@YAHW4_crt_argv_mode@@@Z@4PADA 0000000140088350     libucrt:argv_parsing.obj
 0003:00002490       ?program_name@?1???$common_configure_argv@_W@@YAHW4_crt_argv_mode@@@Z@4PA_WA 0000000140088490     libucrt:argv_parsing.obj
 0003:0000273c       ?c_termination_complete@@3JA 000000014008873c     libucrt:exit.obj
 0003:00002740       ?thread_local_exit_callback_func@@3P6AXPEAXK0@ZEA 0000000140088740     libucrt:exit.obj
 0003:000027b0       ?__acrt_global_new_mode@@3V?$dual_state_global@J@__crt_state_management@@A 00000001400887b0     libucrt:new_mode.obj
 0003:000027f8       ?__acrt_invalid_parameter_handler@@3V?$dual_state_global@P6AXPEB_W00I_K@Z@__crt_state_management@@A 00000001400887f8     libucrt:invalid_parameter.obj
 0003:00002814       __acrt_error_mode          0000000140088814     libucrt:set_error_mode.obj
 0003:00002830       ?fSystemSet@@3HA           0000000140088830     libucrt:mbctype.obj
 0003:00002839       ?initialized@?1??__acrt_initialize_multibyte@@9@4_NA 0000000140088839     libucrt:mbctype.obj
 0003:00002840       ?__acrt_lock_table@@3PAU_RTL_CRITICAL_SECTION@@A 0000000140088840     libucrt:locks.obj
 0003:00002a70       ?__acrt_locks_initialized@@3IA 0000000140088a70     libucrt:locks.obj
 0003:00002ae4       ?state_cache@?1???$get_cached_win_policy@Ubegin_thread_init_policy_properties@?1??__acrt_get_begin_thread_init_policy@@YA?AW4begin_thread_init_policy@@XZ@@@YA?AW4begin_thread_init_policy@@W4AppPolicyThreadInitializationType@@@Z@4JA 0000000140088ae4     libucrt:win_policies.obj
 0003:00002ae8       ?state_cache@?1???$get_cached_win_policy@Udeveloper_information_policy_properties@?1??__acrt_get_developer_information_policy@@YA?AW4developer_information_policy@@XZ@@@YA?AW4developer_information_policy@@W4AppPolicyShowDeveloperDiagnostic@@@Z@4JA 0000000140088ae8     libucrt:win_policies.obj
 0003:00002aec       ?state_cache@?1???$get_cached_win_policy@Uwindowing_model_policy_properties@?1??__acrt_get_windowing_model_policy@@YA?AW4windowing_model_policy@@XZ@@@YA?AW4windowing_model_policy@@W4AppPolicyWindowingModel@@@Z@4JA 0000000140088aec     libucrt:win_policies.obj
 0003:00002fd0       ?module_handles@@3PAPEAUHINSTANCE__@@A 0000000140088fd0     libucrt:winapi_thunks.obj
 0003:00003070       ?encoded_function_pointers@@3PAPEAXA 0000000140089070     libucrt:winapi_thunks.obj
 0003:000031d8       ?static_enum_proc@?1??enum_system_locales_ex_nolock@@YAHQ6AHPEA_WK_J@Z@Z@4P6AH0K1@ZEA 00000001400891d8     libucrt:winapi_thunks.obj
 0003:000031f8       ?__acrt_new_handler@@3V?$dual_state_global@P6AH_K@Z@__crt_state_management@@A 00000001400891f8     libucrt:new_handler.obj
 0003:00003201       ?console_ctrl_handler_installed@@3_NA 0000000140089201     libucrt:signal.obj
 0003:00003208       ?ctrlc_action@@3V?$dual_state_global@P6AXH@Z@__crt_state_management@@A 0000000140089208     libucrt:signal.obj
 0003:00003210       ?ctrlbreak_action@@3V?$dual_state_global@P6AXH@Z@__crt_state_management@@A 0000000140089210     libucrt:signal.obj
 0003:00003218       ?abort_action@@3V?$dual_state_global@P6AXH@Z@__crt_state_management@@A 0000000140089218     libucrt:signal.obj
 0003:00003220       ?term_action@@3V?$dual_state_global@P6AXH@Z@__crt_state_management@@A 0000000140089220     libucrt:signal.obj
 0003:00003268       ?internal_state@?1??_mbtowc_l@@9@4U_Mbstatet@@A 0000000140089268     libucrt:mbtowc.obj
 0003:00003278       ?enable_percent_n@@3_KA    0000000140089278     libucrt:printf_count_output.obj
 0003:00003288       ?mbst@?1??mbrlen@@9@4U_Mbstatet@@A 0000000140089288     libucrt:mbrtowc.obj
 0003:00003298       ?mbst@?1??mbrtowc@@9@4U_Mbstatet@@A 0000000140089298     libucrt:mbrtowc.obj
 0003:000032a8       ?mbst@?1??_mbsrtowcs_helper@@YA_KPEA_WPEAPEBD_KPEAU_Mbstatet@@@Z@4U2@A 00000001400892a8     libucrt:mbrtowc.obj
 0003:000032b8       ?internal_pst@?1??__mbrtoc32_utf8@__crt_mbstring@@YA_KPEA_UPEBD_KPEAU_Mbstatet@@@Z@4U3@A 00000001400892b8     libucrt:mbrtoc32.obj
 0003:000032d0       GS_ExceptionRecord         00000001400892d0     libcmt:gs_report.obj
 0003:00003370       GS_ContextRecord           0000000140089370     libcmt:gs_report.obj
 0005:00000d52       .idata$6                   000000014008fd52     Vipoc:Vipoc.dll
 0005:00000ea4       .idata$6                   000000014008fea4     kernel32:KERNEL32.dll
 0007:00000000       MsetTab                    0000000140092000     libvcruntime:memset.obj
 0007:00000060       MoveSmall                  0000000140092060     libvcruntime:memcpy.obj
 0007:000000a0       MoveSmallYmm               00000001400920a0     libvcruntime:memcpy.obj
 0007:000000c4       MoveSmallYmmNT             00000001400920c4     libvcruntime:memcpy.obj
 0007:000000e8       MoveSmallXmm               00000001400920e8     libvcruntime:memcpy.obj
