 Vipoc

 Timestamp is 61a1ef51 (Sat Nov 27 10:41:53 2021)

 Preferred load address is 0000000180000000

 Start         Length     Name                   Class
 0001:00000000 0000cf60H .text                   CODE
 0001:0000cf60 00060940H .text$mn                CODE
 0001:0006d8a0 00001040H .text$mn$00             CODE
 0001:0006e8e0 00001c85H .text$x                 CODE
 0002:00000000 00000110H .CRT$XCA                DATA
 0002:00000110 00000110H .CRT$XCZ                DATA
 0002:00000220 00000110H .CRT$XIA                DATA
 0002:00000330 00000130H .CRT$XIC                DATA
 0002:00000460 00000110H .CRT$XIZ                DATA
 0002:00000570 00000110H .CRT$XPA                DATA
 0002:00000680 00000120H .CRT$XPX                DATA
 0002:000007a0 00000110H .CRT$XPXA               DATA
 0002:000008b0 00000110H .CRT$XPZ                DATA
 0002:000009c0 00000110H .CRT$XTA                DATA
 0002:00000ad0 00000110H .CRT$XTZ                DATA
 0002:00000be0 0000d5a0H .rdata                  DATA
 0002:0000e180 00000200H .rdata$CastGuardVftablesA DATA
 0002:0000e380 000001a0H .rdata$CastGuardVftablesC DATA
 0002:0000e520 0000060cH .rdata$r                DATA
 0002:0000eb2c 0000015cH .rdata$zzzdbg           DATA
 0002:0000ec88 00000110H .rtc$IAA                DATA
 0002:0000ed98 00000110H .rtc$IZZ                DATA
 0002:0000eea8 00000110H .rtc$TAA                DATA
 0002:0000efb8 00000110H .rtc$TZZ                DATA
 0002:0000f0c8 000065a0H .xdata                  DATA
 0002:00015668 00000198H .xdata$x                DATA
 0002:00015800 0000037eH .edata                  DATA
 0003:00000000 00000db0H .data                   DATA
 0003:00000db0 00000190H .data$r                 DATA
 0003:00000f40 00000230H .data$rs                DATA
 0003:00001170 0000d4b9H .bss                    DATA
 0004:00000000 00005130H .pdata                  DATA
 0005:00000000 00000670H .idata$5                DATA
 0005:00000670 00000050H .idata$2                DATA
 0005:000006c0 00000018H .idata$3                DATA
 0005:000006d8 00000670H .idata$4                DATA
 0005:00000d48 00000bcbH .idata$6                DATA
 0006:00000000 00000163H .00cfg                  DATA
 0007:00000000 00000232H _RDATA                  DATA

  Address         Publics by Value              Rva+Base               Lib:Object

 0000:00000000       ___safe_se_handler_table   0000000000000000     <absolute>
 0000:00000000       __guard_fids_count         0000000000000000     <absolute>
 0000:00000000       __hybrid_code_map          0000000000000000     <absolute>
 0000:00000000       __x64_code_ranges_to_entry_points 0000000000000000     <absolute>
 0000:00000000       __guard_fids_table         0000000000000000     <absolute>
 0000:00000000       __guard_check_icall_a64n_fptr 0000000000000000     <absolute>
 0000:00000000       __volatile_metadata        0000000000000000     <absolute>
 0000:00000000       __arm64x_extra_rfe_table_size 0000000000000000     <absolute>
 0000:00000000       __hybrid_code_map_count    0000000000000000     <absolute>
 0000:00000000       __AbsoluteZero             0000000000000000     <absolute>
 0000:00000000       __guard_longjmp_table      0000000000000000     <absolute>
 0000:00000000       ___safe_se_handler_count   0000000000000000     <absolute>
 0000:00000000       __hybrid_auxiliary_iat_copy 0000000000000000     <absolute>
 0000:00000000       __hybrid_auxiliary_iat     0000000000000000     <absolute>
 0000:00000000       __guard_eh_cont_count      0000000000000000     <absolute>
 0000:00000000       __arm64x_native_entrypoint 0000000000000000     <absolute>
 0000:00000000       __dynamic_value_reloc_table 0000000000000000     <absolute>
 0000:00000000       __x64_code_ranges_to_entry_points_count 0000000000000000     <absolute>
 0000:00000000       __guard_longjmp_count      0000000000000000     <absolute>
 0000:00000000       __guard_eh_cont_table      0000000000000000     <absolute>
 0000:00000000       __guard_iat_count          0000000000000000     <absolute>
 0000:00000000       __arm64x_redirection_metadata_count 0000000000000000     <absolute>
 0000:00000000       __enclave_config           0000000000000000     <absolute>
 0000:00000000       __arm64x_redirection_metadata 0000000000000000     <absolute>
 0000:00000000       __arm64x_extra_rfe_table   0000000000000000     <absolute>
 0000:00000000       __guard_iat_table          0000000000000000     <absolute>
 0000:00000100       __guard_flags              0000000000000100     <absolute>
 0000:00000000       __ImageBase                0000000180000000     <linker-defined>
 0001:00005fd0       application_create         0000000180006fd0 f   application-65e0e2.o
 0001:000060c0       vp_handle_messages         00000001800070c0 f   application-65e0e2.o
 0001:000060f0       vp_present                 00000001800070f0 f   application-65e0e2.o
 0001:00006180       vp_is_keydown              0000000180007180 f   input-33f676.o
 0001:000061a0       vp_get_mouse_pos           00000001800071a0 f   input-33f676.o
 0001:000061d0       vp_is_mbdown               00000001800071d0 f   input-33f676.o
 0001:000061f0       input_keyboard_key         00000001800071f0 f   input-33f676.o
 0001:00006210       input_mouse_button         0000000180007210 f   input-33f676.o
 0001:00006230       input_mouse_position       0000000180007230 f   input-33f676.o
 0001:00006280       logger_init                0000000180007280 f   log-02e9ad.o
 0001:00006290       vp_log                     0000000180007290 f   log-02e9ad.o
 0001:00006400       vp_init                    0000000180007400 f   Vipoc-cc22ea.o
 0001:00006430       memory_init                0000000180007430 f   vp_memory-ebb972.o
 0001:000064e0       vp_allocate_asset          00000001800074e0 f   vp_memory-ebb972.o
 0001:00006570       vp_allocate_temp           0000000180007570 f   vp_memory-ebb972.o
 0001:00006600       vp_free_asset_memory       0000000180007600 f   vp_memory-ebb972.o
 0001:00006640       vp_free_temp_memory        0000000180007640 f   vp_memory-ebb972.o
 0001:00006650       vp_arena_allocate          0000000180007650 f   vp_memory-ebb972.o
 0001:000066e0       vp_arena_free_to_chunk     00000001800076e0 f   vp_memory-ebb972.o
 0001:000067a0       strcount                   00000001800077a0 f   common_std-8cbab2.o
 0001:00006850       vstd_strcat                0000000180007850 f   common_std-8cbab2.o
 0001:000068d0       _vstd_IntToStr             00000001800078d0 f   common_std-8cbab2.o
 0001:000069b0       vstd_strchr                00000001800079b0 f   common_std-8cbab2.o
 0001:00006e90       vstd_strlen                0000000180007e90 f   common_std-8cbab2.o
 0001:00006fc0       vstd_strstr                0000000180007fc0 f   common_std-8cbab2.o
 0001:000071f0       _vstd_Printf               00000001800081f0 f   win32_std-df65a2.o
 0001:00007480       vstd_vsnsprintf            0000000180008480 f   win32_std-df65a2.o
 0001:00007700       _vstd_sPrintf              0000000180008700 f   win32_std-df65a2.o
 0001:00007980       Error                      0000000180008980 f   win32_std-df65a2.o
 0001:00007be0       platform_init              0000000180008be0 f   win32_platform-f07707.o
 0001:00007e30       platform_allocate_memory_chunk 0000000180008e30 f   win32_platform-f07707.o
 0001:00007e60       WindowProc                 0000000180008e60 f   win32_platform-f07707.o
 0001:00008010       Win32LoadRawInput          0000000180009010 f   win32_platform-f07707.o
 0001:000080f0       Win32LoadOpenGL            00000001800090f0 f   win32_platform-f07707.o
 0001:00008320       platform_get_absolute_path 0000000180009320 f   win32_platform-f07707.o
 0001:00008430       platform_read_entire_file  0000000180009430 f   win32_platform-f07707.o
 0001:000084e0       platform_get_size_of_file  00000001800094e0 f   win32_platform-f07707.o
 0001:00008570       platform_get_frequency     0000000180009570 f   win32_platform-f07707.o
 0001:00008590       platform_get_perf_counter  0000000180009590 f   win32_platform-f07707.o
 0001:000085b0       platform_handle_message    00000001800095b0 f   win32_platform-f07707.o
 0001:000086b0       HandleRawInput             00000001800096b0 f   win32_platform-f07707.o
 0001:000088d0       platform_get_width         00000001800098d0 f   win32_platform-f07707.o
 0001:000088e0       platform_exit              00000001800098e0 f   win32_platform-f07707.o
 0001:00008900       platform_swap_buffers      0000000180009900 f   win32_platform-f07707.o
 0001:00008930       platform_allocate_console  0000000180009930 f   win32_platform-f07707.o
 0001:00008940       platform_output_string     0000000180009940 f   win32_platform-f07707.o
 0001:000089e0       vp_render_pixels           00000001800099e0 f   win32_platform-f07707.o
 0001:00009030       LoadGLExtensions           000000018000a030 f   load_gl_black_magic-5b56ac.o
 0001:00009520       RendererInit               000000018000a520 f   renderer-9924a6.o
 0001:00009940       vp_load_texture            000000018000a940 f   renderer-9924a6.o
 0001:00009aa0       load_bmp_file              000000018000aaa0 f   renderer-9924a6.o
 0001:00009bd0       vp_render_pushback         000000018000abd0 f   renderer-9924a6.o
 0001:00009c10       FrameBufferToVerts         000000018000ac10 f   renderer-9924a6.o
 0001:0000a040       GenGLBuffs                 000000018000b040 f   renderer-9924a6.o
 0001:0000a080       SortRenderEntries          000000018000b080 f   renderer-9924a6.o
 0001:0000a190       render_update              000000018000b190 f   renderer-9924a6.o
 0001:0000a380       pixels_to_meters           000000018000b380 f   renderer-9924a6.o
 0001:0000cf60       MessageBoxA                000000018000df60 f   user32:USER32.dll
 0001:0000cf66       LoadCursorA                000000018000df66 f   user32:USER32.dll
 0001:0000cf6c       RegisterClassA             000000018000df6c f   user32:USER32.dll
 0001:0000cf72       CreateWindowExA            000000018000df72 f   user32:USER32.dll
 0001:0000cf78       GetClientRect              000000018000df78 f   user32:USER32.dll
 0001:0000cf7e       BeginPaint                 000000018000df7e f   user32:USER32.dll
 0001:0000cf84       EndPaint                   000000018000df84 f   user32:USER32.dll
 0001:0000cf8a       PostQuitMessage            000000018000df8a f   user32:USER32.dll
 0001:0000cf90       DefWindowProcA             000000018000df90 f   user32:USER32.dll
 0001:0000cf96       RegisterRawInputDevices    000000018000df96 f   user32:USER32.dll
 0001:0000cf9c       GetDC                      000000018000df9c f   user32:USER32.dll
 0001:0000cfa2       ReleaseDC                  000000018000dfa2 f   user32:USER32.dll
 0001:0000cfa8       PeekMessageA               000000018000dfa8 f   user32:USER32.dll
 0001:0000cfae       GetRawInputData            000000018000dfae f   user32:USER32.dll
 0001:0000cfb4       TranslateMessage           000000018000dfb4 f   user32:USER32.dll
 0001:0000cfba       DispatchMessageA           000000018000dfba f   user32:USER32.dll
 0001:0000cfc0       ChoosePixelFormat          000000018000dfc0 f   Gdi32:GDI32.dll
 0001:0000cfc6       DescribePixelFormat        000000018000dfc6 f   Gdi32:GDI32.dll
 0001:0000cfcc       SetPixelFormat             000000018000dfcc f   Gdi32:GDI32.dll
 0001:0000cfd2       SwapBuffers                000000018000dfd2 f   Gdi32:GDI32.dll
 0001:0000cfd8       glViewport                 000000018000dfd8 f   OpenGL32:OPENGL32.dll
 0001:0000cfde       wglCreateContext           000000018000dfde f   OpenGL32:OPENGL32.dll
 0001:0000cfe4       wglMakeCurrent             000000018000dfe4 f   OpenGL32:OPENGL32.dll
 0001:0000cfea       wglGetProcAddress          000000018000dfea f   OpenGL32:OPENGL32.dll
 0001:0000cff0       glGetString                000000018000dff0 f   OpenGL32:OPENGL32.dll
 0001:0000cff6       glGenTextures              000000018000dff6 f   OpenGL32:OPENGL32.dll
 0001:0000cffc       glBindTexture              000000018000dffc f   OpenGL32:OPENGL32.dll
 0001:0000d002       glTexImage2D               000000018000e002 f   OpenGL32:OPENGL32.dll
 0001:0000d008       glTexParameteri            000000018000e008 f   OpenGL32:OPENGL32.dll
 0001:0000d00e       glTexEnvi                  000000018000e00e f   OpenGL32:OPENGL32.dll
 0001:0000d014       glEnable                   000000018000e014 f   OpenGL32:OPENGL32.dll
 0001:0000d01a       glClearColor               000000018000e01a f   OpenGL32:OPENGL32.dll
 0001:0000d020       glClear                    000000018000e020 f   OpenGL32:OPENGL32.dll
 0001:0000d026       glMatrixMode               000000018000e026 f   OpenGL32:OPENGL32.dll
 0001:0000d02c       glLoadIdentity             000000018000e02c f   OpenGL32:OPENGL32.dll
 0001:0000d032       glBegin                    000000018000e032 f   OpenGL32:OPENGL32.dll
 0001:0000d038       glTexCoord2f               000000018000e038 f   OpenGL32:OPENGL32.dll
 0001:0000d03e       glVertex2i                 000000018000e03e f   OpenGL32:OPENGL32.dll
 0001:0000d044       glEnd                      000000018000e044 f   OpenGL32:OPENGL32.dll
 0001:0000d04a       glBlendFunc                000000018000e04a f   OpenGL32:OPENGL32.dll
 0001:0000d050       glTexParameterf            000000018000e050 f   OpenGL32:OPENGL32.dll
 0001:0000d056       glGetError                 000000018000e056 f   OpenGL32:OPENGL32.dll
 0001:0000d05c       glDrawArrays               000000018000e05c f   OpenGL32:OPENGL32.dll
 0001:0000d080       __chkstk                   000000018000e080 f   libcmt:chkstk.obj
 0001:0000d080       _alloca_probe              000000018000e080 f   libcmt:chkstk.obj
 0001:0000d4f0       _CRT_INIT                  000000018000e4f0 f   libcmt:dll_dllmain.obj
 0001:0000d4f8       _DllMainCRTStartup         000000018000e4f8 f   libcmt:dll_dllmain.obj
 0001:0000d5cc       __security_init_cookie     000000018000e5cc f   libcmt:gs_support.obj
 0001:0000d6a4       DllMain                    000000018000e6a4 f   libcmt:dll_dllmain_stub.obj
 0001:0000d6ac       ?__scrt_initialize_type_info@@YAXXZ 000000018000e6ac f   libcmt:tncleanup.obj
 0001:0000d6c0       ?__scrt_uninitialize_type_info@@YAXXZ 000000018000e6c0 f   libcmt:tncleanup.obj
 0001:0000d6d0       __local_stdio_printf_options 000000018000e6d0 f i libcmt:default_local_stdio_options.obj
 0001:0000d6dc       __local_stdio_scanf_options 000000018000e6dc f i libcmt:default_local_stdio_options.obj
 0001:0000d6e8       __scrt_initialize_default_local_stdio_options 000000018000e6e8 f   libcmt:default_local_stdio_options.obj
 0001:0000d70c       ?configure_argv@__scrt_narrow_argv_policy@@SAHXZ 000000018000e70c f i libcmt:utility.obj
 0001:0000d784       ?initialize_environment@__scrt_narrow_environment_policy@@SAHXZ 000000018000e784 f i libcmt:utility.obj
 0001:0000d7c8       NtCurrentTeb               000000018000e7c8 f i libcmt:utility.obj
 0001:0000d7d4       __scrt_acquire_startup_lock 000000018000e7d4 f   libcmt:utility.obj
 0001:0000d81c       __scrt_dllmain_after_initialize_c 000000018000e81c f   libcmt:utility.obj
 0001:0000d860       __scrt_dllmain_before_initialize_c 000000018000e860 f   libcmt:utility.obj
 0001:0000d87c       __scrt_dllmain_crt_thread_attach 000000018000e87c f   libcmt:utility.obj
 0001:0000d8b0       __scrt_dllmain_crt_thread_detach 000000018000e8b0 f   libcmt:utility.obj
 0001:0000d8cc       __scrt_dllmain_exception_filter 000000018000e8cc f   libcmt:utility.obj
 0001:0000d944       __scrt_dllmain_uninitialize_c 000000018000e944 f   libcmt:utility.obj
 0001:0000d980       __scrt_dllmain_uninitialize_critical 000000018000e980 f   libcmt:utility.obj
 0001:0000d99c       __scrt_initialize_crt      000000018000e99c f   libcmt:utility.obj
 0001:0000d9f8       __scrt_initialize_onexit_tables 000000018000e9f8 f   libcmt:utility.obj
 0001:0000daa8       __scrt_is_nonwritable_in_current_image 000000018000eaa8 f   libcmt:utility.obj
 0001:0000db68       __scrt_release_startup_lock 000000018000eb68 f   libcmt:utility.obj
 0001:0000db98       __scrt_uninitialize_crt    000000018000eb98 f   libcmt:utility.obj
 0001:0000dbcc       _onexit                    000000018000ebcc f   libcmt:utility.obj
 0001:0000dc14       at_quick_exit              000000018000ec14 f   libcmt:utility.obj
 0001:0000dc38       atexit                     000000018000ec38 f   libcmt:utility.obj
 0001:0000dc54       __scrt_get_dyn_tls_init_callback 000000018000ec54 f   libcmt:dyn_tls_init.obj
 0001:0000dc60       __crt_debugger_hook        000000018000ec60 f   libcmt:utility_desktop.obj
 0001:0000dc6c       __scrt_fastfail            000000018000ec6c f   libcmt:utility_desktop.obj
 0001:0000de0c       __scrt_get_show_window_mode 000000018000ee0c f   libcmt:utility_desktop.obj
 0001:0000de54       __scrt_initialize_mta      000000018000ee54 f   libcmt:utility_desktop.obj
 0001:0000de5c       __scrt_initialize_winrt    000000018000ee5c f   libcmt:utility_desktop.obj
 0001:0000de60       __scrt_is_managed_app      000000018000ee60 f   libcmt:utility_desktop.obj
 0001:0000dec8       __scrt_set_unhandled_exception_filter 000000018000eec8 f   libcmt:utility_desktop.obj
 0001:0000dedc       __scrt_exe_initialize_mta  000000018000eedc f   libcmt:utility_desktop.obj
 0001:0000dedc       __scrt_stub_for_initialize_mta 000000018000eedc f   libcmt:utility_desktop.obj
 0001:0000dee0       __scrt_unhandled_exception_filter 000000018000eee0 f   libcmt:utility_desktop.obj
 0001:0000df54       _RTC_Initialize            000000018000ef54 f   libcmt:initsect.obj
 0001:0000dfa0       _RTC_Terminate             000000018000efa0 f   libcmt:initsect.obj
 0001:0000dfec       _guard_check_icall_nop     000000018000efec f i libcmt:guard_support.obj
 0001:0000dff0       ReadNoFence64              000000018000eff0 f i libcmt:guard_support.obj
 0001:0000dff4       ReadPointerNoFence         000000018000eff4 f i libcmt:guard_support.obj
 0001:0000dff8       __castguard_check_failure_debugbreak 000000018000eff8 f i libcmt:guard_support.obj
 0001:0000e01c       __castguard_check_failure_fastfail 000000018000f01c f i libcmt:guard_support.obj
 0001:0000e048       __castguard_check_failure_nop 000000018000f048 f i libcmt:guard_support.obj
 0001:0000e04c       __castguard_check_failure_os_handled 000000018000f04c f i libcmt:guard_support.obj
 0001:0000e0e0       __castguard_slow_path_check_debugbreak 000000018000f0e0 f i libcmt:guard_support.obj
 0001:0000e124       __castguard_slow_path_check_fastfail 000000018000f124 f i libcmt:guard_support.obj
 0001:0000e16c       __castguard_slow_path_check_nop 000000018000f16c f i libcmt:guard_support.obj
 0001:0000e170       __castguard_slow_path_check_os_handled 000000018000f170 f i libcmt:guard_support.obj
 0001:0000e1f8       _guard_icall_checks_enforced 000000018000f1f8 f i libcmt:guard_support.obj
 0001:0000e214       _guard_rf_checks_enforced  000000018000f214 f i libcmt:guard_support.obj
 0001:0000e218       __isa_available_init       000000018000f218 f   libcmt:cpu_disp.obj
 0001:0000e424       _get_startup_argv_mode     000000018000f424 f   libcmt:argv_mode.obj
 0001:0000e42c       __scrt_is_ucrt_dll_in_use  000000018000f42c f   libcmt:ucrt_detection.obj
 0001:0000e440       GetStdHandle               000000018000f440 f   kernel32:KERNEL32.dll
 0001:0000e446       WriteFile                  000000018000f446 f   kernel32:KERNEL32.dll
 0001:0000e44c       GetLastError               000000018000f44c f   kernel32:KERNEL32.dll
 0001:0000e452       ExitProcess                000000018000f452 f   kernel32:KERNEL32.dll
 0001:0000e458       GetModuleHandleA           000000018000f458 f   kernel32:KERNEL32.dll
 0001:0000e45e       VirtualAlloc               000000018000f45e f   kernel32:KERNEL32.dll
 0001:0000e464       GetModuleFileNameA         000000018000f464 f   kernel32:KERNEL32.dll
 0001:0000e46a       CreateFileA                000000018000f46a f   kernel32:KERNEL32.dll
 0001:0000e470       GetFileSize                000000018000f470 f   kernel32:KERNEL32.dll
 0001:0000e476       ReadFile                   000000018000f476 f   kernel32:KERNEL32.dll
 0001:0000e47c       CloseHandle                000000018000f47c f   kernel32:KERNEL32.dll
 0001:0000e482       QueryPerformanceFrequency  000000018000f482 f   kernel32:KERNEL32.dll
 0001:0000e488       QueryPerformanceCounter    000000018000f488 f   kernel32:KERNEL32.dll
 0001:0000e48e       AllocConsole               000000018000f48e f   kernel32:KERNEL32.dll
 0001:0000e494       SetConsoleTextAttribute    000000018000f494 f   kernel32:KERNEL32.dll
 0001:0000e49a       OutputDebugStringA         000000018000f49a f   kernel32:KERNEL32.dll
 0001:0000e4a0       WriteConsoleA              000000018000f4a0 f   kernel32:KERNEL32.dll
 0001:0000e4a6       GetCurrentProcessId        000000018000f4a6 f   kernel32:KERNEL32.dll
 0001:0000e4ac       GetCurrentThreadId         000000018000f4ac f   kernel32:KERNEL32.dll
 0001:0000e4b2       GetSystemTimeAsFileTime    000000018000f4b2 f   kernel32:KERNEL32.dll
 0001:0000e4b8       InitializeSListHead        000000018000f4b8 f   kernel32:KERNEL32.dll
 0001:0000e4be       RtlCaptureContext          000000018000f4be f   kernel32:KERNEL32.dll
 0001:0000e4c4       RtlLookupFunctionEntry     000000018000f4c4 f   kernel32:KERNEL32.dll
 0001:0000e4ca       RtlVirtualUnwind           000000018000f4ca f   kernel32:KERNEL32.dll
 0001:0000e4d0       IsDebuggerPresent          000000018000f4d0 f   kernel32:KERNEL32.dll
 0001:0000e4d6       UnhandledExceptionFilter   000000018000f4d6 f   kernel32:KERNEL32.dll
 0001:0000e4dc       SetUnhandledExceptionFilter 000000018000f4dc f   kernel32:KERNEL32.dll
 0001:0000e4e2       GetStartupInfoW            000000018000f4e2 f   kernel32:KERNEL32.dll
 0001:0000e4e8       IsProcessorFeaturePresent  000000018000f4e8 f   kernel32:KERNEL32.dll
 0001:0000e4ee       GetModuleHandleW           000000018000f4ee f   kernel32:KERNEL32.dll
 0001:0000e510       memset_repmovs             000000018000f510 f   libvcruntime:memset.obj
 0001:0000e530       memset                     000000018000f530 f   libvcruntime:memset.obj
 0001:0000e740       memcpy_repmovs             000000018000f740 f   libvcruntime:memcpy.obj
 0001:0000e760       memmove                    000000018000f760 f   libvcruntime:memcpy.obj
 0001:0000e760       memcpy                     000000018000f760 f   libvcruntime:memcpy.obj
 0001:0000ef80       strstr                     000000018000ff80 f   libvcruntime:strstr.obj
 0001:0000f1f4       __C_specific_handler       00000001800101f4 f   libvcruntime:riscchandler.obj
 0001:0000f478       ??$?RD@__crt_internal_free_policy@@QEBAXQEBD@Z 0000000180010478 f i libvcruntime:std_type_info.obj
 0001:0000f484       ??$?RX@__crt_internal_free_policy@@QEBAXQEBX@Z 0000000180010484 f i libvcruntime:std_type_info.obj
 0001:0000f490       ??$__crt_interlocked_compare_exchange_pointer@$$CBDPEAD$$T@@YAPEBDPEDSEBDQEAD$$T@Z 0000000180010490 f i libvcruntime:std_type_info.obj
 0001:0000f49c       ??$__crt_interlocked_read_pointer@$$CBD@@YAPEBDPEDSEBD@Z 000000018001049c f i libvcruntime:std_type_info.obj
 0001:0000f4a4       ??0?$__crt_unique_heap_ptr@DU__crt_internal_free_policy@@@@QEAA@QEAD@Z 00000001800104a4 f i libvcruntime:std_type_info.obj
 0001:0000f4ac       ??0?$__crt_unique_heap_ptr@XU__crt_internal_free_policy@@@@QEAA@QEAX@Z 00000001800104ac f i libvcruntime:std_type_info.obj
 0001:0000f4b4       ??1?$__crt_unique_heap_ptr@DU__crt_internal_free_policy@@@@QEAA@XZ 00000001800104b4 f i libvcruntime:std_type_info.obj
 0001:0000f4d8       ??1?$__crt_unique_heap_ptr@XU__crt_internal_free_policy@@@@QEAA@XZ 00000001800104d8 f i libvcruntime:std_type_info.obj
 0001:0000f4fc       ??B?$__crt_unique_heap_ptr@DU__crt_internal_free_policy@@@@QEBA_NXZ 00000001800104fc f i libvcruntime:std_type_info.obj
 0001:0000f508       ??B?$__crt_unique_heap_ptr@XU__crt_internal_free_policy@@@@QEBA_NXZ 0000000180010508 f i libvcruntime:std_type_info.obj
 0001:0000f544       ?__crt_interlocked_read_64@@YA_JPED_J@Z 0000000180010544 f i libvcruntime:std_type_info.obj
 0001:0000f54c       ?detach@?$__crt_unique_heap_ptr@XU__crt_internal_free_policy@@@@QEAAPEAXXZ 000000018001054c f i libvcruntime:std_type_info.obj
 0001:0000f558       ?get@?$__crt_unique_heap_ptr@DU__crt_internal_free_policy@@@@QEBAPEADXZ 0000000180010558 f i libvcruntime:std_type_info.obj
 0001:0000f55c       ?get@?$__crt_unique_heap_ptr@XU__crt_internal_free_policy@@@@QEBAPEAXXZ 000000018001055c f i libvcruntime:std_type_info.obj
 0001:0000f560       ?is_valid@?$__crt_unique_heap_ptr@DU__crt_internal_free_policy@@@@QEBA_NXZ 0000000180010560 f i libvcruntime:std_type_info.obj
 0001:0000f56c       ?is_valid@?$__crt_unique_heap_ptr@XU__crt_internal_free_policy@@@@QEBA_NXZ 000000018001056c f i libvcruntime:std_type_info.obj
 0001:0000f578       ?release@?$__crt_unique_heap_ptr@DU__crt_internal_free_policy@@@@QEAAXXZ 0000000180010578 f i libvcruntime:std_type_info.obj
 0001:0000f59c       ?release@?$__crt_unique_heap_ptr@XU__crt_internal_free_policy@@@@QEAAXXZ 000000018001059c f i libvcruntime:std_type_info.obj
 0001:0000f5c0       __std_type_info_compare    00000001800105c0 f   libvcruntime:std_type_info.obj
 0001:0000f5f0       __std_type_info_destroy_list 00000001800105f0 f   libvcruntime:std_type_info.obj
 0001:0000f624       __std_type_info_hash       0000000180010624 f   libvcruntime:std_type_info.obj
 0001:0000f66c       __std_type_info_name       000000018001066c f   libvcruntime:std_type_info.obj
 0001:0000f7cc       __vcrt_initialize          00000001800107cc f   libvcruntime:initialization.obj
 0001:0000f800       __vcrt_thread_attach       0000000180010800 f   libvcruntime:initialization.obj
 0001:0000f81c       __vcrt_thread_detach       000000018001081c f   libvcruntime:initialization.obj
 0001:0000f834       __vcrt_uninitialize        0000000180010834 f   libvcruntime:initialization.obj
 0001:0000f854       __vcrt_uninitialize_critical 0000000180010854 f   libvcruntime:initialization.obj
 0001:0000f86c       __DestructExceptionObject  000000018001086c f   libvcruntime:ehhelpers.obj
 0001:0000f8f4       ?_CallMemberFunction0@@YAXQEAX0@Z 00000001800108f4 f i libvcruntime:ehhelpers.obj
 0001:0000f968       ?raw_name@type_info@@QEBAPEBDXZ 0000000180010968 f i libvcruntime:ehhelpers.obj
 0001:0000f970       _IsExceptionObjectToBeDestroyed 0000000180010970 f   libvcruntime:ehhelpers.obj
 0001:0000f9ac       _SetWinRTOutOfMemoryExceptionCallback 00000001800109ac f   libvcruntime:ehhelpers.obj
 0001:0000f9b8       __AdjustPointer            00000001800109b8 f   libvcruntime:ehhelpers.obj
 0001:0000f9e4       __FrameUnwindFilter        00000001800109e4 f   libvcruntime:ehhelpers.obj
 0001:0000fa64       __GetPlatformExceptionInfo 0000000180010a64 f   libvcruntime:ehhelpers.obj
 0001:0000fad8       __current_exception        0000000180010ad8 f   libvcruntime:ehhelpers.obj
 0001:0000faf0       __current_exception_context 0000000180010af0 f   libvcruntime:ehhelpers.obj
 0001:0000fb08       __processing_throw         0000000180010b08 f   libvcruntime:ehhelpers.obj
 0001:0000fb20       __std_terminate            0000000180010b20 f   libvcruntime:ehhelpers.obj
 0001:0000fb2c       _is_exception_typeof       0000000180010b2c f   libvcruntime:ehhelpers.obj
 0001:0000fc10       _NLG_Notify                0000000180010c10 f   libvcruntime:notify.obj
 0001:0000fc30       __NLG_Dispatch2            0000000180010c30 f   libvcruntime:notify.obj
 0001:0000fc40       __NLG_Return2              0000000180010c40 f   libvcruntime:notify.obj
 0001:0000fc5c       __except_validate_context_record 0000000180010c5c f   libvcruntime:jbcxrval.obj
 0001:0000fca0       __except_validate_jump_buffer 0000000180010ca0 f   libvcruntime:jbcxrval.obj
 0001:0000fcf0       __except_validate_jump_buffer_common 0000000180010cf0 f i libvcruntime:jbcxrval.obj
 0001:0000fd64       ??$?0$00@DName@@QEAA@PEBDU?$StringLifeSelector@$00@@@Z 0000000180010d64 f i libvcruntime:undname.obj
 0001:0000fdb4       ??$?0$00@pcharNode@@QEAA@PEBDHU?$StringLifeSelector@$00@@@Z 0000000180010db4 f i libvcruntime:undname.obj
 0001:0000fdd0       ??$?0$01@DName@@QEAA@PEBDU?$StringLifeSelector@$01@@@Z 0000000180010dd0 f i libvcruntime:undname.obj
 0001:0000fe20       ??$?0$01@pcharNode@@QEAA@PEBDHU?$StringLifeSelector@$01@@@Z 0000000180010e20 f i libvcruntime:undname.obj
 0001:0000feb0       ??$?0$0A@@DName@@QEAA@PEBDU?$StringLifeSelector@$0A@@@@Z 0000000180010eb0 f i libvcruntime:undname.obj
 0001:0000ff00       ??$?0$0A@@pcharNode@@QEAA@PEBDHU?$StringLifeSelector@$0A@@@@Z 0000000180010f00 f i libvcruntime:undname.obj
 0001:0000ff90       ??$?0_K$0A@@?$optional@_K@std@@QEAA@$$QEA_K@Z 0000000180010f90 f i libvcruntime:undname.obj
 0001:0000ffa4       ??$?0_K@?$_Optional_construct_base@_K@std@@QEAA@Uin_place_t@1@$$QEA_K@Z 0000000180010fa4 f i libvcruntime:undname.obj
 0001:0000ffb8       ??$?0_K@?$_Optional_destruct_base@_K$00@std@@QEAA@Uin_place_t@1@$$QEA_K@Z 0000000180010fb8 f i libvcruntime:undname.obj
 0001:0000ffcc       ??$append@VDNameNode@@@DName@@AEAAXPEBVDNameNode@@@Z 0000000180010fcc f i libvcruntime:undname.obj
 0001:00010048       ??$append@VDNameStatusNode@@@DName@@AEAAXPEBVDNameStatusNode@@@Z 0000000180011048 f i libvcruntime:undname.obj
 0001:000100c4       ??$append@VcharNode@@@DName@@AEAAXPEBVcharNode@@@Z 00000001800110c4 f i libvcruntime:undname.obj
 0001:00010140       ??$append@VpDNameNode@@@DName@@AEAAXPEBVpDNameNode@@@Z 0000000180011140 f i libvcruntime:undname.obj
 0001:000101bc       ??$append@VpcharNode@@@DName@@AEAAXPEBVpcharNode@@@Z 00000001800111bc f i libvcruntime:undname.obj
 0001:00010238       ??$doPchar@$00@DName@@AEAAXPEBDH@Z 0000000180011238 f i libvcruntime:undname.obj
 0001:00010304       ??$doPchar@$01@DName@@AEAAXPEBDH@Z 0000000180011304 f i libvcruntime:undname.obj
 0001:000103c0       ??$doPchar@$0A@@DName@@AEAAXPEBDH@Z 00000001800113c0 f i libvcruntime:undname.obj
 0001:0001047c       ??$forward@_K@std@@YA$$QEA_KAEA_K@Z 000000018001147c f i libvcruntime:undname.obj
 0001:00010480       ??$size@D$04@std@@YA_KAEAY04$$CBD@Z 0000000180011480 f i libvcruntime:undname.obj
 0001:00010488       ??$size@D$0EB@@std@@YA_KAEAY0EB@$$CBD@Z 0000000180011488 f i libvcruntime:undname.obj
 0001:00010490       ??0?$_Optional_construct_base@_K@std@@QEAA@XZ 0000000180011490 f i libvcruntime:undname.obj
 0001:0001049c       ??0?$_Optional_destruct_base@_K$00@std@@QEAA@XZ 000000018001149c f i libvcruntime:undname.obj
 0001:000104a8       ??0?$optional@_K@std@@QEAA@XZ 00000001800114a8 f i libvcruntime:undname.obj
 0001:000104b4       ??0Block@_HeapManager@@QEAA@XZ 00000001800114b4 f i libvcruntime:undname.obj
 0001:000104c0       ??0DName@@QEAA@AEAPEBDD@Z  00000001800114c0 f   libvcruntime:undname.obj
 0001:0001059c       ??0DName@@QEAA@AEBUStringLiteral@@@Z 000000018001159c f   libvcruntime:undname.obj
 0001:000105d4       ??0DName@@QEAA@AEBV0@@Z    00000001800115d4 f i libvcruntime:undname.obj
 0001:000105e8       ??0DName@@QEAA@D@Z         00000001800115e8 f   libvcruntime:undname.obj
 0001:00010610       ??0DName@@QEAA@PEAV0@@Z    0000000180011610 f   libvcruntime:undname.obj
 0001:000106b4       ??0DName@@QEAA@W4DNameStatus@@@Z 00000001800116b4 f   libvcruntime:undname.obj
 0001:000106ec       ??0DName@@QEAA@XZ          00000001800116ec f i libvcruntime:undname.obj
 0001:000106fc       ??0DName@@QEAA@_J@Z        00000001800116fc f   libvcruntime:undname.obj
 0001:000107cc       ??0DName@@QEAA@_K@Z        00000001800117cc f   libvcruntime:undname.obj
 0001:00010878       ??0DNameNode@@IEAA@XZ      0000000180011878 f i libvcruntime:undname.obj
 0001:0001088c       ??0Replicator@@QEAA@XZ     000000018001188c f i libvcruntime:undname.obj
 0001:000108a0       ??0UnDecorator@@QEAA@PEBDP6APEADJ@ZK@Z 00000001800118a0 f i libvcruntime:undname.obj
 0001:00010904       ??0_Nontrivial_dummy_type@std@@QEAA@XZ 0000000180011904 f i libvcruntime:undname.obj
 0001:00010908       ??0charNode@@QEAA@D@Z      0000000180011908 f i libvcruntime:undname.obj
 0001:00010920       ??0pDNameNode@@QEAA@PEAVDName@@@Z 0000000180011920 f   libvcruntime:undname.obj
 0001:00010950       ??0pairNode@@QEAA@PEBVDNameNode@@0@Z 0000000180011950 f i libvcruntime:undname.obj
 0001:00010978       ??2@YAPEAX_KAEAV_HeapManager@@H@Z 0000000180011978 f   libvcruntime:undname.obj
 0001:000109ac       ??4DName@@QEAAAEAV0@AEBUStringLiteral@@@Z 00000001800119ac f   libvcruntime:undname.obj
 0001:000109dc       ??4DName@@QEAAAEAV0@AEBV0@@Z 00000001800119dc f   libvcruntime:undname.obj
 0001:000109f0       ??4DName@@QEAAAEAV0@D@Z    00000001800119f0 f i libvcruntime:undname.obj
 0001:00010a18       ??4DName@@QEAAAEAV0@PEAV0@@Z 0000000180011a18 f   libvcruntime:undname.obj
 0001:00010aac       ??4DName@@QEAAAEAV0@W4DNameStatus@@@Z 0000000180011aac f   libvcruntime:undname.obj
 0001:00010ae8       ??AReplicator@@QEBA?AVDName@@H@Z 0000000180011ae8 f   libvcruntime:undname.obj
 0001:00010b38       ??B?$optional@_K@std@@QEBA_NXZ 0000000180011b38 f i libvcruntime:undname.obj
 0001:00010b3c       ??D?$optional@_K@std@@QEGAAAEA_KXZ 0000000180011b3c f i libvcruntime:undname.obj
 0001:00010b40       ??H@YA?AVDName@@AEBUStringLiteral@@AEBV0@@Z 0000000180011b40 f i libvcruntime:undname.obj
 0001:00010b84       ??H@YA?AVDName@@DAEBV0@@Z  0000000180011b84 f i libvcruntime:undname.obj
 0001:00010bd8       ??H@YA?AVDName@@W4DNameStatus@@AEBV0@@Z 0000000180011bd8 f i libvcruntime:undname.obj
 0001:00010c34       ??HDName@@QEBA?AV0@AEBUStringLiteral@@@Z 0000000180011c34 f   libvcruntime:undname.obj
 0001:00010c68       ??HDName@@QEBA?AV0@AEBV0@@Z 0000000180011c68 f   libvcruntime:undname.obj
 0001:00010c9c       ??HDName@@QEBA?AV0@D@Z     0000000180011c9c f   libvcruntime:undname.obj
 0001:00010cd0       ??HDName@@QEBA?AV0@PEAV0@@Z 0000000180011cd0 f   libvcruntime:undname.obj
 0001:00010d04       ??HDName@@QEBA?AV0@W4DNameStatus@@@Z 0000000180011d04 f   libvcruntime:undname.obj
 0001:00010d38       ??HStringLiteral@@QEBA?AU0@H@Z 0000000180011d38 f i libvcruntime:undname.obj
 0001:00010d54       ??YDName@@QEAAAEAV0@AEBUStringLiteral@@@Z 0000000180011d54 f   libvcruntime:undname.obj
 0001:00010df4       ??YDName@@QEAAAEAV0@AEBV0@@Z 0000000180011df4 f   libvcruntime:undname.obj
 0001:00010e64       ??YDName@@QEAAAEAV0@D@Z    0000000180011e64 f   libvcruntime:undname.obj
 0001:00010eec       ??YDName@@QEAAAEAV0@PEAV0@@Z 0000000180011eec f   libvcruntime:undname.obj
 0001:00010fa4       ??YDName@@QEAAAEAV0@W4DNameStatus@@@Z 0000000180011fa4 f   libvcruntime:undname.obj
 0001:00011010       ??YReplicator@@QEAAAEAV0@AEBVDName@@@Z 0000000180012010 f   libvcruntime:undname.obj
 0001:00011080       ??_5DName@@QEAAAEAV0@AEBV0@@Z 0000000180012080 f   libvcruntime:undname.obj
 0001:0001109c       ??__K_l@@YA?AUStringLiteral@@PEBD_K@Z 000000018001209c f i libvcruntime:undname.obj
 0001:000110ac       ?Constructor@_HeapManager@@QEAAXP6APEAX_K@ZP6AXPEAX@Z@Z 00000001800120ac f i libvcruntime:undname.obj
 0001:000110c8       ?Destructor@_HeapManager@@QEAAXXZ 00000001800120c8 f i libvcruntime:undname.obj
 0001:00011124       ?UScore@UnDecorator@@SA?AUStringLiteral@@W4Tokens@@@Z 0000000180012124 f   libvcruntime:undname.obj
 0001:00011184       ?composeDeclaration@UnDecorator@@CA?AVDName@@AEBV2@@Z 0000000180012184 f i libvcruntime:undname.obj
 0001:000123c0       ?doAccessSpecifiers@UnDecorator@@SAHXZ 00000001800133c0 f i libvcruntime:undname.obj
 0001:000123d4       ?doAllocationLanguage@UnDecorator@@SAHXZ 00000001800133d4 f i libvcruntime:undname.obj
 0001:000123e8       ?doAllocationModel@UnDecorator@@SAHXZ 00000001800133e8 f i libvcruntime:undname.obj
 0001:000123fc       ?doEcsu@UnDecorator@@SAHXZ 00000001800133fc f i libvcruntime:undname.obj
 0001:00012410       ?doEllipsis@UnDecorator@@SAHXZ 0000000180013410 f i libvcruntime:undname.obj
 0001:00012424       ?doFunctionReturns@UnDecorator@@SAHXZ 0000000180013424 f i libvcruntime:undname.obj
 0001:00012438       ?doMSKeywords@UnDecorator@@SAHXZ 0000000180013438 f i libvcruntime:undname.obj
 0001:0001244c       ?doMemberTypes@UnDecorator@@SAHXZ 000000018001344c f i libvcruntime:undname.obj
 0001:00012460       ?doNameOnly@UnDecorator@@SAHXZ 0000000180013460 f i libvcruntime:undname.obj
 0001:00012470       ?doNoIdentCharCheck@UnDecorator@@SAHXZ 0000000180013470 f i libvcruntime:undname.obj
 0001:00012480       ?doPchar@DName@@AEAAXD@Z   0000000180013480 f   libvcruntime:undname.obj
 0001:000124e4       ?doPtr64@UnDecorator@@SAHXZ 00000001800134e4 f i libvcruntime:undname.obj
 0001:000124f8       ?doRestrictionSpec@UnDecorator@@SAHXZ 00000001800134f8 f i libvcruntime:undname.obj
 0001:0001250c       ?doThisTypes@UnDecorator@@SAHXZ 000000018001350c f i libvcruntime:undname.obj
 0001:00012524       ?doThrowTypes@UnDecorator@@SAHXZ 0000000180013524 f i libvcruntime:undname.obj
 0001:00012538       ?doTypeOnly@UnDecorator@@SAHXZ 0000000180013538 f i libvcruntime:undname.obj
 0001:00012548       ?doUnderScore@UnDecorator@@SAHXZ 0000000180013548 f i libvcruntime:undname.obj
 0001:00012558       ?getAddressOf@UnDecorator@@CA?AVDName@@XZ 0000000180013558 f   libvcruntime:undname.obj
 0001:0001260c       ?getArgumentList@UnDecorator@@CA?AVDName@@XZ 000000018001360c f   libvcruntime:undname.obj
 0001:000127f0       ?getArgumentTypes@UnDecorator@@CA?AVDName@@XZ 00000001800137f0 f   libvcruntime:undname.obj
 0001:00012990       ?getArrayAccess@UnDecorator@@CA?AVDName@@XZ 0000000180013990 f   libvcruntime:undname.obj
 0001:00012a50       ?getArrayObject@UnDecorator@@CA?AVDName@@XZ 0000000180013a50 f   libvcruntime:undname.obj
 0001:00012b38       ?getArrayType@UnDecorator@@CA?AVDName@@AEBV2@@Z 0000000180013b38 f i libvcruntime:undname.obj
 0001:00012e10       ?getBasedType@UnDecorator@@CA?AVDName@@XZ 0000000180013e10 f   libvcruntime:undname.obj
 0001:00012f44       ?getBasicDataType@UnDecorator@@CA?AVDName@@AEBV2@@Z 0000000180013f44 f   libvcruntime:undname.obj
 0001:0001364c       ?getCHPEName@UnDecorator@@QEAAPEADPEADH@Z 000000018001464c f i libvcruntime:undname.obj
 0001:000137b0       ?getCallIndex@UnDecorator@@CA?AVDName@@XZ 00000001800147b0 f i libvcruntime:undname.obj
 0001:000137d0       ?getCallingConvention@UnDecorator@@CA?AVDName@@XZ 00000001800147d0 f   libvcruntime:undname.obj
 0001:00013970       ?getDataIndirectType@UnDecorator@@CA?AVDName@@AEBV2@W4IndirectionKind@@0H@Z 0000000180014970 f   libvcruntime:undname.obj
 0001:00014464       ?getDataIndirectType@UnDecorator@@CA?AVDName@@XZ 0000000180015464 f i libvcruntime:undname.obj
 0001:000144ac       ?getDataType@UnDecorator@@CA?AVDName@@PEAV2@@Z 00000001800154ac f   libvcruntime:undname.obj
 0001:00014604       ?getDecoratedName@UnDecorator@@CA?AVDName@@XZ 0000000180015604 f   libvcruntime:undname.obj
 0001:000149a4       ?getDimension@UnDecorator@@CA?AVDName@@_N@Z 00000001800159a4 f   libvcruntime:undname.obj
 0001:00014b40       ?getDispatchTarget@UnDecorator@@CA?AVDName@@XZ 0000000180015b40 f   libvcruntime:undname.obj
 0001:00014ba0       ?getDisplacement@UnDecorator@@CA?AVDName@@XZ 0000000180015ba0 f i libvcruntime:undname.obj
 0001:00014bc0       ?getECSUDataType@UnDecorator@@CA?AVDName@@XZ 0000000180015bc0 f   libvcruntime:undname.obj
 0001:00014e18       ?getECSUName@UnDecorator@@CA?AVDName@@XZ 0000000180015e18 f i libvcruntime:undname.obj
 0001:00014e34       ?getEnumType@UnDecorator@@CA?AVDName@@XZ 0000000180015e34 f i libvcruntime:undname.obj
 0001:00014fb0       ?getExtendedDataIndirectType@UnDecorator@@CA?AVDName@@AEAW4IndirectionKind@@AEA_NH@Z 0000000180015fb0 f   libvcruntime:undname.obj
 0001:00015234       ?getExternalDataType@UnDecorator@@CA?AVDName@@AEBV2@@Z 0000000180016234 f i libvcruntime:undname.obj
 0001:00015324       ?getFloatingPoint@UnDecorator@@CA?AVDName@@H@Z 0000000180016324 f   libvcruntime:undname.obj
 0001:00015494       ?getFunctionIndirectType@UnDecorator@@CA?AVDName@@AEBV2@@Z 0000000180016494 f   libvcruntime:undname.obj
 0001:00015b00       ?getGuardNumber@UnDecorator@@CA?AVDName@@XZ 0000000180016b00 f i libvcruntime:undname.obj
 0001:00015b20       ?getLastChar@DName@@QEBADXZ 0000000180016b20 f i libvcruntime:undname.obj
 0001:00015b40       ?getLastChar@DNameStatusNode@@UEBADXZ 0000000180016b40 f i libvcruntime:undname.obj
 0001:00015b50       ?getLastChar@charNode@@UEBADXZ 0000000180016b50 f i libvcruntime:undname.obj
 0001:00015b54       ?getLastChar@pDNameNode@@UEBADXZ 0000000180016b54 f i libvcruntime:undname.obj
 0001:00015b88       ?getLastChar@pairNode@@UEBADXZ 0000000180016b88 f i libvcruntime:undname.obj
 0001:00015bcc       ?getLastChar@pcharNode@@UEBADXZ 0000000180016bcc f i libvcruntime:undname.obj
 0001:00015be8       ?getLexicalFrame@UnDecorator@@CA?AVDName@@XZ 0000000180016be8 f i libvcruntime:undname.obj
 0001:00015c64       ?getMemberAccess@UnDecorator@@CA?AVDName@@XZ 0000000180016c64 f   libvcruntime:undname.obj
 0001:00015d1c       ?getMemoryWithBuffer@_HeapManager@@QEAAPEAX_K@Z 0000000180016d1c f   libvcruntime:undname.obj
 0001:00015dd0       ?getMemoryWithoutBuffer@_HeapManager@@QEAAPEAX_K@Z 0000000180016dd0 f   libvcruntime:undname.obj
 0001:00015de8       ?getNoexcept@UnDecorator@@CA?AVDName@@XZ 0000000180016de8 f   libvcruntime:undname.obj
 0001:00015e64       ?getNumberOfDimensions@UnDecorator@@CAHXZ 0000000180016e64 f   libvcruntime:undname.obj
 0001:00015ee8       ?getOperatorName@UnDecorator@@CA?AVDName@@_NPEA_N@Z 0000000180016ee8 f i libvcruntime:undname.obj
 0001:00016b74       ?getPointerToMember@UnDecorator@@CA?AVDName@@XZ 0000000180017b74 f   libvcruntime:undname.obj
 0001:00016ca8       ?getPointerType@UnDecorator@@CA?AVDName@@AEBV2@0@Z 0000000180017ca8 f i libvcruntime:undname.obj
 0001:00016ccc       ?getPointerTypeArray@UnDecorator@@CA?AVDName@@AEBV2@0@Z 0000000180017ccc f i libvcruntime:undname.obj
 0001:00016cec       ?getPrimaryDataType@UnDecorator@@CA?AVDName@@AEBV2@@Z 0000000180017cec f   libvcruntime:undname.obj
 0001:00017054       ?getPtrRefDataType@UnDecorator@@CA?AVDName@@AEBV2@H@Z 0000000180018054 f   libvcruntime:undname.obj
 0001:00017294       ?getPtrRefType@UnDecorator@@CA?AVDName@@AEBV2@0W4IndirectionKind@@@Z 0000000180018294 f   libvcruntime:undname.obj
 0001:000174e0       ?getReferenceType@UnDecorator@@CA?AVDName@@AEBV2@0W4IndirectionKind@@@Z 00000001800184e0 f i libvcruntime:undname.obj
 0001:000174fc       ?getRestrictionSpec@UnDecorator@@CA?AVDName@@XZ 00000001800184fc f   libvcruntime:undname.obj
 0001:0001774c       ?getReturnType@UnDecorator@@CA?AVDName@@PEAV2@@Z 000000018001874c f   libvcruntime:undname.obj
 0001:00017790       ?getScope@UnDecorator@@CA?AVDName@@XZ 0000000180018790 f   libvcruntime:undname.obj
 0001:00017d78       ?getScopedName@UnDecorator@@CA?AVDName@@XZ 0000000180018d78 f   libvcruntime:undname.obj
 0001:00017f04       ?getSignedDimension@UnDecorator@@CA?AVDName@@XZ 0000000180018f04 f   libvcruntime:undname.obj
 0001:00017fac       ?getStorageConvention@UnDecorator@@CA?AVDName@@XZ 0000000180018fac f i libvcruntime:undname.obj
 0001:00017ff4       ?getString@DName@@QEBAPEADPEAD0@Z 0000000180018ff4 f i libvcruntime:undname.obj
 0001:00018014       ?getString@DName@@QEBAPEADPEADH@Z 0000000180019014 f i libvcruntime:undname.obj
 0001:000180cc       ?getString@DNameStatusNode@@UEBAPEADPEAD0@Z 00000001800190cc f i libvcruntime:undname.obj
 0001:00018124       ?getString@charNode@@UEBAPEADPEAD0@Z 0000000180019124 f i libvcruntime:undname.obj
 0001:0001813c       ?getString@pDNameNode@@UEBAPEADPEAD0@Z 000000018001913c f i libvcruntime:undname.obj
 0001:00018174       ?getString@pairNode@@UEBAPEADPEAD0@Z 0000000180019174 f i libvcruntime:undname.obj
 0001:000181d4       ?getString@pcharNode@@UEBAPEADPEAD0@Z 00000001800191d4 f i libvcruntime:undname.obj
 0001:00018218       ?getStringEncoding@UnDecorator@@CA?AVDName@@W4PrefixKind@@H@Z 0000000180019218 f   libvcruntime:undname.obj
 0001:00018344       ?getStringHelper@@YAPEADPEADPEBD1H@Z 0000000180019344 f i libvcruntime:undname.obj
 0001:0001837c       ?getStringObject@UnDecorator@@CA?AVDName@@XZ 000000018001937c f   libvcruntime:undname.obj
 0001:00018400       ?getSymbolName@UnDecorator@@CA?AVDName@@XZ 0000000180019400 f i libvcruntime:undname.obj
 0001:00018460       ?getTemplateArgumentList@UnDecorator@@CA?AVDName@@XZ 0000000180019460 f   libvcruntime:undname.obj
 0001:00018764       ?getTemplateName@UnDecorator@@CA?AVDName@@_N@Z 0000000180019764 f   libvcruntime:undname.obj
 0001:00018a9c       ?getTemplateNonTypeArgument@UnDecorator@@CA?AVDName@@XZ 0000000180019a9c f   libvcruntime:undname.obj
 0001:00019140       ?getTemplateTypeArgument@UnDecorator@@CA?AVDName@@XZ 000000018001a140 f   libvcruntime:undname.obj
 0001:00019300       ?getThisType@UnDecorator@@CA?AVDName@@XZ 000000018001a300 f i libvcruntime:undname.obj
 0001:00019350       ?getThrowTypes@UnDecorator@@CA?AVDName@@XZ 000000018001a350 f   libvcruntime:undname.obj
 0001:0001937c       ?getTypeEncoding@UnDecorator@@CAHXZ 000000018001a37c f i libvcruntime:undname.obj
 0001:000197fc       ?getUndecoratedName@UnDecorator@@QEAAPEADPEADH@Z 000000018001a7fc f i libvcruntime:undname.obj
 0001:000199a4       ?getUnionObject@UnDecorator@@CA?AVDName@@XZ 000000018001a9a4 f   libvcruntime:undname.obj
 0001:00019ab0       ?getVCallThunkType@UnDecorator@@CA?AVDName@@XZ 000000018001aab0 f i libvcruntime:undname.obj
 0001:00019b44       ?getValue@UnDecorator@@CA?AV?$optional@_K@std@@XZ 000000018001ab44 f   libvcruntime:undname.obj
 0001:00019bd4       ?getValueObject@UnDecorator@@CA?AVDName@@XZ 000000018001abd4 f   libvcruntime:undname.obj
 0001:00019d64       ?getVbTableType@UnDecorator@@CA?AVDName@@AEBV2@@Z 000000018001ad64 f i libvcruntime:undname.obj
 0001:00019d80       ?getVdispMapType@UnDecorator@@CA?AVDName@@AEBV2@@Z 000000018001ad80 f i libvcruntime:undname.obj
 0001:00019e1c       ?getVfTableType@UnDecorator@@CA?AVDName@@AEBV2@@Z 000000018001ae1c f i libvcruntime:undname.obj
 0001:0001a0a8       ?getZName@UnDecorator@@CA?AVDName@@_N0@Z 000000018001b0a8 f   libvcruntime:undname.obj
 0001:0001a440       ?haveTemplateParameters@UnDecorator@@SAHXZ 000000018001b440 f i libvcruntime:undname.obj
 0001:0001a450       ?isArray@DName@@QEBAHXZ    000000018001b450 f i libvcruntime:undname.obj
 0001:0001a45c       ?isComArray@DName@@QEBAHXZ 000000018001b45c f i libvcruntime:undname.obj
 0001:0001a468       ?isEmpty@DName@@QEBAHXZ    000000018001b468 f i libvcruntime:undname.obj
 0001:0001a474       ?isFull@Replicator@@QEBAHXZ 000000018001b474 f i libvcruntime:undname.obj
 0001:0001a480       ?isNoTE@DName@@QEBAHXZ     000000018001b480 f i libvcruntime:undname.obj
 0001:0001a48c       ?isPinPtr@DName@@QEBAHXZ   000000018001b48c f i libvcruntime:undname.obj
 0001:0001a498       ?isPtrRef@DName@@QEBAHXZ   000000018001b498 f i libvcruntime:undname.obj
 0001:0001a4a4       ?isUDC@DName@@QEBAHXZ      000000018001b4a4 f i libvcruntime:undname.obj
 0001:0001a4c0       ?isUDTThunk@DName@@QEBAHXZ 000000018001b4c0 f i libvcruntime:undname.obj
 0001:0001a4dc       ?isVCallThunk@DName@@QEBAHXZ 000000018001b4dc f i libvcruntime:undname.obj
 0001:0001a4e8       ?isValid@DName@@QEBAHXZ    000000018001b4e8 f i libvcruntime:undname.obj
 0001:0001a4f4       ?length@DName@@QEBAHXZ     000000018001b4f4 f i libvcruntime:undname.obj
 0001:0001a514       ?length@DNameStatusNode@@UEBAHXZ 000000018001b514 f i libvcruntime:undname.obj
 0001:0001a518       ?length@charNode@@UEBAHXZ  000000018001b518 f i libvcruntime:undname.obj
 0001:0001a520       ?length@pDNameNode@@UEBAHXZ 000000018001b520 f i libvcruntime:undname.obj
 0001:0001a554       ?length@pairNode@@UEBAHXZ  000000018001b554 f i libvcruntime:undname.obj
 0001:0001a5ac       ?length@pcharNode@@UEBAHXZ 000000018001b5ac f i libvcruntime:undname.obj
 0001:0001a5b0       ?make@DNameStatusNode@@SAPEBV1@W4DNameStatus@@@Z 000000018001b5b0 f i libvcruntime:undname.obj
 0001:0001a5d8       ?parseDecoratedName@UnDecorator@@CA?AVDName@@XZ 000000018001b5d8 f   libvcruntime:undname.obj
 0001:0001a730       ?raw_length@DNameStatusNode@@UEBAHXZ 000000018001b730 f i libvcruntime:undname.obj
 0001:0001a734       ?raw_length@charNode@@UEBAHXZ 000000018001b734 f i libvcruntime:undname.obj
 0001:0001a73c       ?raw_length@pDNameNode@@UEBAHXZ 000000018001b73c f i libvcruntime:undname.obj
 0001:0001a740       ?raw_length@pairNode@@UEBAHXZ 000000018001b740 f i libvcruntime:undname.obj
 0001:0001a744       ?raw_length@pcharNode@@UEBAHXZ 000000018001b744 f i libvcruntime:undname.obj
 0001:0001a748       ?setIsArray@DName@@QEAAXXZ 000000018001b748 f i libvcruntime:undname.obj
 0001:0001a750       ?setIsComArray@DName@@QEAAXXZ 000000018001b750 f i libvcruntime:undname.obj
 0001:0001a758       ?setIsNoTE@DName@@QEAAXXZ  000000018001b758 f i libvcruntime:undname.obj
 0001:0001a760       ?setIsPinPtr@DName@@QEAAXXZ 000000018001b760 f i libvcruntime:undname.obj
 0001:0001a768       ?setIsUDC@DName@@QEAAXXZ   000000018001b768 f i libvcruntime:undname.obj
 0001:0001a778       ?setIsVCallThunk@DName@@QEAAXXZ 000000018001b778 f i libvcruntime:undname.obj
 0001:0001a780       ?setPtrRef@DName@@QEAAAEAV1@XZ 000000018001b780 f i libvcruntime:undname.obj
 0001:0001a78c       ?status@DName@@QEBA?AW4DNameStatus@@XZ 000000018001b78c f i libvcruntime:undname.obj
 0001:0001a804       __unDName                  000000018001b804 f   libvcruntime:undname.obj
 0001:0001a834       __unDNameEx                000000018001b834 f   libvcruntime:undname.obj
 0001:0001a9b4       _vsprintf_s_l              000000018001b9b4 f i libvcruntime:undname.obj
 0001:0001aa30       sprintf_s                  000000018001ba30 f i libvcruntime:undname.obj
 0001:0001aa98       unDNameGenerateCHPE        000000018001ba98 f   libvcruntime:undname.obj
 0001:0001abe0       ??$?RU__vcrt_ptd@@@__crt_internal_free_policy@@QEBAXQEBU__vcrt_ptd@@@Z 000000018001bbe0 f i libvcruntime:per_thread_data.obj
 0001:0001abec       ??0?$__crt_unique_heap_ptr@U__vcrt_ptd@@U__crt_internal_free_policy@@@@QEAA@QEAU__vcrt_ptd@@@Z 000000018001bbec f i libvcruntime:per_thread_data.obj
 0001:0001ac14       ??1?$__crt_unique_heap_ptr@U__vcrt_ptd@@U__crt_internal_free_policy@@@@QEAA@XZ 000000018001bc14 f i libvcruntime:per_thread_data.obj
 0001:0001ac44       ??B?$__crt_unique_heap_ptr@U__vcrt_ptd@@U__crt_internal_free_policy@@@@QEBA_NXZ 000000018001bc44 f i libvcruntime:per_thread_data.obj
 0001:0001ac50       ?detach@?$__crt_unique_heap_ptr@U__vcrt_ptd@@U__crt_internal_free_policy@@@@QEAAPEAU__vcrt_ptd@@XZ 000000018001bc50 f i libvcruntime:per_thread_data.obj
 0001:0001ac5c       ?get@?$__crt_unique_heap_ptr@U__vcrt_ptd@@U__crt_internal_free_policy@@@@QEBAPEAU__vcrt_ptd@@XZ 000000018001bc5c f i libvcruntime:per_thread_data.obj
 0001:0001ac60       ?is_valid@?$__crt_unique_heap_ptr@U__vcrt_ptd@@U__crt_internal_free_policy@@@@QEBA_NXZ 000000018001bc60 f i libvcruntime:per_thread_data.obj
 0001:0001ac6c       ?release@?$__crt_unique_heap_ptr@U__vcrt_ptd@@U__crt_internal_free_policy@@@@QEAAXXZ 000000018001bc6c f i libvcruntime:per_thread_data.obj
 0001:0001acc4       __vcrt_freefls             000000018001bcc4 f   libvcruntime:per_thread_data.obj
 0001:0001acec       __vcrt_freeptd             000000018001bcec f   libvcruntime:per_thread_data.obj
 0001:0001ad4c       __vcrt_getptd              000000018001bd4c f   libvcruntime:per_thread_data.obj
 0001:0001ad6c       __vcrt_getptd_noexit       000000018001bd6c f   libvcruntime:per_thread_data.obj
 0001:0001ae5c       __vcrt_getptd_noinit       000000018001be5c f   libvcruntime:per_thread_data.obj
 0001:0001aebc       __vcrt_initialize_ptd      000000018001bebc f   libvcruntime:per_thread_data.obj
 0001:0001af14       __vcrt_uninitialize_ptd    000000018001bf14 f   libvcruntime:per_thread_data.obj
 0001:0001af40       __vcrt_initialize_locks    000000018001bf40 f   libvcruntime:locks.obj
 0001:0001af98       __vcrt_lock                000000018001bf98 f   libvcruntime:locks.obj
 0001:0001afb8       __vcrt_uninitialize_locks  000000018001bfb8 f   libvcruntime:locks.obj
 0001:0001affc       __vcrt_unlock              000000018001bffc f   libvcruntime:locks.obj
 0001:0001b01c       ??$__crt_interlocked_exchange_pointer@$$A6AXXZP6AXXZ@@YAP6AXXZPEDS6AXXZQ6AXXZ@Z 000000018001c01c f i libvcruntime:purevirt.obj
 0001:0001b024       ??$__crt_interlocked_read_pointer@$$A6AXXZ@@YAP6AXXZPEDS6AXXZ@Z 000000018001c024 f i libvcruntime:purevirt.obj
 0001:0001b02c       _get_purecall_handler      000000018001c02c f   libvcruntime:purevirt.obj
 0001:0001b038       _purecall                  000000018001c038 f   libvcruntime:purevirt.obj
 0001:0001b058       _set_purecall_handler      000000018001c058 f   libvcruntime:purevirt.obj
 0001:0001b068       ??$?0AEAViterator@TryBlockMap4@FH4@@AEAV012@$0A@@?$pair@Viterator@TryBlockMap4@FH4@@V123@@std@@QEAA@AEAViterator@TryBlockMap4@FH4@@0@Z 000000018001c068 f i libvcruntime:risctrnsctrl.obj
 0001:0001b084       ??$?0AEAViterator@TryBlockMap@__FrameHandler3@@AEAV012@$0A@@?$pair@Viterator@TryBlockMap@__FrameHandler3@@V123@@std@@QEAA@AEAViterator@TryBlockMap@__FrameHandler3@@0@Z 000000018001c084 f i libvcruntime:risctrnsctrl.obj
 0001:0001b22c       ??$_CallSETranslator@V__FrameHandler3@@@@YAHPEAUEHExceptionRecord@@PEA_KPEAU_CONTEXT@@PEAU_xDISPATCHER_CONTEXT@@PEBU_s_FuncInfo@@K1H@Z 000000018001c22c f i libvcruntime:risctrnsctrl.obj
 0001:0001b294       ??$_CallSETranslator@V__FrameHandler4@@@@YAHPEAUEHExceptionRecord@@PEA_KPEAU_CONTEXT@@PEAU_xDISPATCHER_CONTEXT@@PEAUFuncInfo4@FH4@@K1H@Z 000000018001c294 f i libvcruntime:risctrnsctrl.obj
 0001:0001b2fc       ??$forward@AEAViterator@TryBlockMap4@FH4@@@std@@YAAEAViterator@TryBlockMap4@FH4@@AEAV123@@Z 000000018001c2fc f i libvcruntime:risctrnsctrl.obj
 0001:0001b300       ??$forward@AEAViterator@TryBlockMap@__FrameHandler3@@@std@@YAAEAViterator@TryBlockMap@__FrameHandler3@@AEAV123@@Z 000000018001c300 f i libvcruntime:risctrnsctrl.obj
 0001:0001b304       ??0FuncInfo4@FH4@@QEAA@XZ  000000018001c304 f i libvcruntime:risctrnsctrl.obj
 0001:0001b31c       ??0FuncInfoHeader@FH4@@QEAA@XZ 000000018001c31c f i libvcruntime:risctrnsctrl.obj
 0001:0001b324       ??0iterator@TryBlockMap4@FH4@@QEAA@AEAV12@I@Z 000000018001c324 f i libvcruntime:risctrnsctrl.obj
 0001:0001b334       ??0iterator@TryBlockMap@__FrameHandler3@@QEAA@AEAV12@I@Z 000000018001c334 f i libvcruntime:risctrnsctrl.obj
 0001:0001b344       ??4iterator@TryBlockMap4@FH4@@QEAAAEAV012@AEBV012@@Z 000000018001c344 f i libvcruntime:risctrnsctrl.obj
 0001:0001b350       ??9iterator@TryBlockMap4@FH4@@QEBA_NAEBV012@@Z 000000018001c350 f i libvcruntime:risctrnsctrl.obj
 0001:0001b35c       ??Diterator@TryBlockMap4@FH4@@QEAA?AUTryBlockMapEntry4@2@XZ 000000018001c35c f i libvcruntime:risctrnsctrl.obj
 0001:0001b370       ??Eiterator@TryBlockMap4@FH4@@QEAAAEAV012@XZ 000000018001c370 f i libvcruntime:risctrnsctrl.obj
 0001:0001b434       ?CatchTryBlock@__FrameHandler3@@SAPEBU_s_TryBlockMapEntry@@PEBU_s_FuncInfo@@H@Z 000000018001c434 f   libvcruntime:risctrnsctrl.obj
 0001:0001b4b0       ?DecompFuncInfo@FH4@@YA_JPEAEAEAUFuncInfo4@1@_KH@Z 000000018001c4b0 f i libvcruntime:risctrnsctrl.obj
 0001:0001b4c8       ?DecompFuncInfo@FH4@@YA_JPEAEAEAUFuncInfo4@1@_KH_N@Z 000000018001c4c8 f i libvcruntime:risctrnsctrl.obj
 0001:0001b634       ?DecompTryBlock@TryBlockMap4@FH4@@AEAAXXZ 000000018001c634 f i libvcruntime:risctrnsctrl.obj
 0001:0001b6ec       ?ExecutionInCatch@__FrameHandler3@@SA_NPEAU_xDISPATCHER_CONTEXT@@PEBU_s_FuncInfo@@@Z 000000018001c6ec f   libvcruntime:risctrnsctrl.obj
 0001:0001b720       ?ExecutionInCatch@__FrameHandler4@@SA_NPEAU_xDISPATCHER_CONTEXT@@PEAUFuncInfo4@FH4@@@Z 000000018001c720 f   libvcruntime:risctrnsctrl.obj
 0001:0001b728       ?FrameUnwindToEmptyState@__FrameHandler3@@SAXPEA_KPEAU_xDISPATCHER_CONTEXT@@PEBU_s_FuncInfo@@@Z 000000018001c728 f   libvcruntime:risctrnsctrl.obj
 0001:0001b7a8       ?FrameUnwindToEmptyState@__FrameHandler4@@SAXPEA_KPEAU_xDISPATCHER_CONTEXT@@PEAUFuncInfo4@FH4@@@Z 000000018001c7a8 f   libvcruntime:risctrnsctrl.obj
 0001:0001b7e8       ?GetEstablisherFrame@__FrameHandler3@@SAPEA_KPEA_KPEAU_xDISPATCHER_CONTEXT@@PEBU_s_FuncInfo@@0@Z 000000018001c7e8 f   libvcruntime:risctrnsctrl.obj
 0001:0001b8e8       ?GetEstablisherFrame@__FrameHandler4@@SAPEA_KPEA_KPEAU_xDISPATCHER_CONTEXT@@PEAUFuncInfo4@FH4@@0@Z 000000018001c8e8 f   libvcruntime:risctrnsctrl.obj
 0001:0001b914       ?GetRangeOfTrysToCheck@__FrameHandler3@@SA?AU?$pair@Viterator@TryBlockMap@__FrameHandler3@@V123@@std@@AEAVTryBlockMap@1@HPEAU_xDISPATCHER_CONTEXT@@PEBU_s_FuncInfo@@H@Z 000000018001c914 f   libvcruntime:risctrnsctrl.obj
 0001:0001baa4       ?GetRangeOfTrysToCheck@__FrameHandler4@@SA?AU?$pair@Viterator@TryBlockMap4@FH4@@V123@@std@@AEAVTryBlockMap4@FH4@@HPEAU_xDISPATCHER_CONTEXT@@PEAUFuncInfo4@5@H@Z 000000018001caa4 f   libvcruntime:risctrnsctrl.obj
 0001:0001bc68       ?ReadInt@FH4@@YAHPEAPEAE@Z 000000018001cc68 f i libvcruntime:risctrnsctrl.obj
 0001:0001bc78       ?ReadUnsigned@FH4@@YAIPEAPEAE@Z 000000018001cc78 f i libvcruntime:risctrnsctrl.obj
 0001:0001bcb4       ?UnwindNestedFrames@__FrameHandler3@@SAXPEA_KPEAUEHExceptionRecord@@PEAU_CONTEXT@@0PEAXPEBU_s_FuncInfo@@HHPEBU_s_HandlerType@@PEAU_xDISPATCHER_CONTEXT@@E@Z 000000018001ccb4 f   libvcruntime:risctrnsctrl.obj
 0001:0001bdf8       ?UnwindNestedFrames@__FrameHandler4@@SAXPEA_KPEAUEHExceptionRecord@@PEAU_CONTEXT@@0PEAXPEAUFuncInfo4@FH4@@HHPEAUHandlerType4@5@PEAU_xDISPATCHER_CONTEXT@@E@Z 000000018001cdf8 f   libvcruntime:risctrnsctrl.obj
 0001:0001bf60       ?begin@TryBlockMap4@FH4@@QEAA?AViterator@12@XZ 000000018001cf60 f i libvcruntime:risctrnsctrl.obj
 0001:0001bf70       ?end@TryBlockMap4@FH4@@QEAA?AViterator@12@XZ 000000018001cf70 f i libvcruntime:risctrnsctrl.obj
 0001:0001bf80       ?imageRelToByteBuffer@FH4@@YAPEAE_KH@Z 000000018001cf80 f i libvcruntime:risctrnsctrl.obj
 0001:0001bf88       ?incrementToSentinel@iterator@TryBlockMap4@FH4@@QEAAXXZ 000000018001cf88 f i libvcruntime:risctrnsctrl.obj
 0001:0001bf8c       ?setBuffer@TryBlockMap4@FH4@@QEAAXViterator@12@@Z 000000018001cf8c f i libvcruntime:risctrnsctrl.obj
 0001:0001c1c0       _CreateFrameInfo           000000018001d1c0 f   libvcruntime:risctrnsctrl.obj
 0001:0001c208       _FindAndUnlinkFrame        000000018001d208 f   libvcruntime:risctrnsctrl.obj
 0001:0001c270       _GetImageBase              000000018001d270 f   libvcruntime:risctrnsctrl.obj
 0001:0001c288       _GetThrowImageBase         000000018001d288 f   libvcruntime:risctrnsctrl.obj
 0001:0001c2a0       _SetImageBase              000000018001d2a0 f   libvcruntime:risctrnsctrl.obj
 0001:0001c2c0       _SetThrowImageBase         000000018001d2c0 f   libvcruntime:risctrnsctrl.obj
 0001:0001c2e0       __CxxFrameHandler          000000018001d2e0 f   libvcruntime:risctrnsctrl.obj
 0001:0001c2e8       __CxxFrameHandler2         000000018001d2e8 f   libvcruntime:risctrnsctrl.obj
 0001:0001c2f0       __CxxFrameHandler3         000000018001d2f0 f   libvcruntime:risctrnsctrl.obj
 0001:0001c398       __CxxFrameHandler4         000000018001d398 f   libvcruntime:risctrnsctrl.obj
 0001:0001c488       ??$__crt_interlocked_exchange_pointer@UHINSTANCE__@@PEAU1@@@YAPEAUHINSTANCE__@@PEDSEAU0@QEAU0@@Z 000000018001d488 f i libvcruntime:winapi_downlevel.obj
 0001:0001c490       ??$__crt_interlocked_exchange_pointer@UHINSTANCE__@@PEAX@@YAPEAUHINSTANCE__@@PEDSEAU0@QEAX@Z 000000018001d490 f i libvcruntime:winapi_downlevel.obj
 0001:0001c498       ??$__crt_interlocked_exchange_pointer@XPEAX@@YAPEAXPEDSEAXQEAX@Z 000000018001d498 f i libvcruntime:winapi_downlevel.obj
 0001:0001c4a0       ??$__crt_interlocked_read_pointer@UHINSTANCE__@@@@YAPEAUHINSTANCE__@@PEDSEAU0@@Z 000000018001d4a0 f i libvcruntime:winapi_downlevel.obj
 0001:0001c4a8       ??$__crt_interlocked_read_pointer@X@@YAPEAXPEDSEAX@Z 000000018001d4a8 f i libvcruntime:winapi_downlevel.obj
 0001:0001cb30       __vcrt_FlsAlloc            000000018001db30 f   libvcruntime:winapi_downlevel.obj
 0001:0001cb88       __vcrt_FlsFree             000000018001db88 f   libvcruntime:winapi_downlevel.obj
 0001:0001cbe0       __vcrt_FlsGetValue         000000018001dbe0 f   libvcruntime:winapi_downlevel.obj
 0001:0001cc38       __vcrt_FlsSetValue         000000018001dc38 f   libvcruntime:winapi_downlevel.obj
 0001:0001cca0       __vcrt_InitializeCriticalSectionEx 000000018001dca0 f   libvcruntime:winapi_downlevel.obj
 0001:0001cd1c       ?GetCurrentState@__FrameHandler3@@SAHPEA_KPEAU_xDISPATCHER_CONTEXT@@PEBU_s_FuncInfo@@@Z 000000018001dd1c f   libvcruntime:ehstate.obj
 0001:0001cd4c       ?GetUnwindTryBlock@__FrameHandler3@@SAHPEA_KPEAU_xDISPATCHER_CONTEXT@@PEBU_s_FuncInfo@@@Z 000000018001dd4c f   libvcruntime:ehstate.obj
 0001:0001cd80       ?SetState@__FrameHandler3@@SAXPEA_KPEBU_s_FuncInfo@@H@Z 000000018001dd80 f   libvcruntime:ehstate.obj
 0001:0001cd90       ?SetUnwindTryBlock@__FrameHandler3@@SAXPEA_KPEAU_xDISPATCHER_CONTEXT@@PEBU_s_FuncInfo@@H@Z 000000018001dd90 f   libvcruntime:ehstate.obj
 0001:0001cddc       ?StateFromControlPc@__FrameHandler3@@SAHPEBU_s_FuncInfo@@PEAU_xDISPATCHER_CONTEXT@@@Z 000000018001dddc f   libvcruntime:ehstate.obj
 0001:0001cde8       ?StateFromControlPc@__FrameHandler4@@SAHPEAUFuncInfo4@FH4@@PEAU_xDISPATCHER_CONTEXT@@@Z 000000018001dde8 f   libvcruntime:ehstate.obj
 0001:0001cdf4       ?StateFromIp@__FrameHandler3@@SAHPEBU_s_FuncInfo@@PEAU_xDISPATCHER_CONTEXT@@_K@Z 000000018001ddf4 f   libvcruntime:ehstate.obj
 0001:0001ce74       ?StateFromIp@__FrameHandler4@@SAHPEAUFuncInfo4@FH4@@PEAU_xDISPATCHER_CONTEXT@@_K@Z 000000018001de74 f   libvcruntime:ehstate.obj
 0001:0001cf9c       ?__FuncRelToRealOffset@@YA_KPEAU_xDISPATCHER_CONTEXT@@I@Z 000000018001df9c f i libvcruntime:ehstate.obj
 0001:0001cfb0       ?__RVAtoRealOffset@@YA_KPEAU_xDISPATCHER_CONTEXT@@H@Z 000000018001dfb0 f i libvcruntime:ehstate.obj
 0001:0001eb4c       ??$TypeMatchHelper@V__FrameHandler3@@@@YAHPEBU_s_HandlerType@@PEBU_s_CatchableType@@PEBU_s_ThrowInfo@@@Z 000000018001fb4c f i libvcruntime:frame.obj
 0001:0001ecd8       ??$TypeMatchHelper@V__FrameHandler4@@@@YAHPEAUHandlerType4@FH4@@PEBU_s_CatchableType@@PEBU_s_ThrowInfo@@@Z 000000018001fcd8 f i libvcruntime:frame.obj
 0001:0001ee6c       ??$__InternalCxxFrameHandler@V__FrameHandler3@@@@YA?AW4_EXCEPTION_DISPOSITION@@PEAUEHExceptionRecord@@PEA_KPEAU_CONTEXT@@PEAU_xDISPATCHER_CONTEXT@@PEBU_s_FuncInfo@@H1E@Z 000000018001fe6c f i libvcruntime:frame.obj
 0001:0001f130       ??$__InternalCxxFrameHandler@V__FrameHandler4@@@@YA?AW4_EXCEPTION_DISPOSITION@@PEAUEHExceptionRecord@@PEA_KPEAU_CONTEXT@@PEAU_xDISPATCHER_CONTEXT@@PEAUFuncInfo4@FH4@@H1E@Z 0000000180020130 f i libvcruntime:frame.obj
 0001:0001f46c       ??0HandlerMap4@FH4@@QEAA@PEBUTryBlockMapEntry4@1@_KH@Z 000000018002046c f i libvcruntime:frame.obj
 0001:0001f504       ??0HandlerMap@__FrameHandler3@@QEAA@PEBU_s_TryBlockMapEntry@@_KI@Z 0000000180020504 f i libvcruntime:frame.obj
 0001:0001f520       ??0HandlerType4@FH4@@QEAA@XZ 0000000180020520 f i libvcruntime:frame.obj
 0001:0001f53c       ??0TryBlockMap4@FH4@@QEAA@PEBUFuncInfo4@1@_K@Z 000000018002053c f i libvcruntime:frame.obj
 0001:0001f648       ??0TryBlockMap@__FrameHandler3@@QEAA@PEBU_s_FuncInfo@@_K@Z 0000000180020648 f i libvcruntime:frame.obj
 0001:0001f658       ??0UWMap4@FH4@@QEAA@PEBUFuncInfo4@1@_K@Z 0000000180020658 f i libvcruntime:frame.obj
 0001:0001f6ac       ??0bad_exception@std@@QEAA@AEBV01@@Z 00000001800206ac f i libvcruntime:frame.obj
 0001:0001f6f8       ??0bad_exception@std@@QEAA@XZ 00000001800206f8 f i libvcruntime:frame.obj
 0001:0001f720       ??0exception@std@@QEAA@AEBV01@@Z 0000000180020720 f i libvcruntime:frame.obj
 0001:0001f760       ??0exception@std@@QEAA@QEBDH@Z 0000000180020760 f i libvcruntime:frame.obj
 0001:0001f77c       ??0iterator@HandlerMap4@FH4@@QEAA@AEAV12@I@Z 000000018002077c f i libvcruntime:frame.obj
 0001:0001f78c       ??0iterator@HandlerMap@__FrameHandler3@@QEAA@AEAV12@I@Z 000000018002078c f i libvcruntime:frame.obj
 0001:0001f79c       ??0iterator@UWMap4@FH4@@QEAA@AEAV12@PEAE@Z 000000018002079c f i libvcruntime:frame.obj
 0001:0001f7ac       ??1bad_exception@std@@UEAA@XZ 00000001800207ac f i libvcruntime:frame.obj
 0001:0001f7c4       ??1exception@std@@UEAA@XZ  00000001800207c4 f i libvcruntime:frame.obj
 0001:0001f7dc       ??4iterator@UWMap4@FH4@@QEAAAEAV012@AEBV012@@Z 00000001800207dc f i libvcruntime:frame.obj
 0001:0001f804       ??8iterator@HandlerMap4@FH4@@QEBA_NAEBV012@@Z 0000000180020804 f i libvcruntime:frame.obj
 0001:0001f810       ??8iterator@HandlerMap@__FrameHandler3@@QEBA_NAEBV012@@Z 0000000180020810 f i libvcruntime:frame.obj
 0001:0001f81c       ??8type_info@@QEBA_NAEBV0@@Z 000000018002081c f i libvcruntime:frame.obj
 0001:0001f840       ??9iterator@HandlerMap4@FH4@@QEBA_NAEBV012@@Z 0000000180020840 f i libvcruntime:frame.obj
 0001:0001f84c       ??9iterator@HandlerMap@__FrameHandler3@@QEBA_NAEBV012@@Z 000000018002084c f i libvcruntime:frame.obj
 0001:0001f858       ??Diterator@HandlerMap4@FH4@@QEAA?AUHandlerType4@2@XZ 0000000180020858 f i libvcruntime:frame.obj
 0001:0001f880       ??Diterator@HandlerMap@__FrameHandler3@@QEAA?BU_s_HandlerType@@XZ 0000000180020880 f i libvcruntime:frame.obj
 0001:0001f8ac       ??Diterator@TryBlockMap@__FrameHandler3@@QEAA?BU_s_TryBlockMapEntry@@XZ 00000001800208ac f i libvcruntime:frame.obj
 0001:0001f8e4       ??Diterator@UWMap4@FH4@@QEAA?AUUnwindMapEntry4@2@XZ 00000001800208e4 f i libvcruntime:frame.obj
 0001:0001f94c       ??Eiterator@HandlerMap4@FH4@@QEAAAEAV012@XZ 000000018002094c f i libvcruntime:frame.obj
 0001:0001f970       ??Eiterator@HandlerMap@__FrameHandler3@@QEAAAEAV012@XZ 0000000180020970 f i libvcruntime:frame.obj
 0001:0001f978       ??Eiterator@TryBlockMap@__FrameHandler3@@QEAAAEAV012@XZ 0000000180020978 f i libvcruntime:frame.obj
 0001:0001f980       ??Eiterator@UWMap4@FH4@@QEAAAEAV012@XZ 0000000180020980 f i libvcruntime:frame.obj
 0001:0001f9a8       ??Giterator@UWMap4@FH4@@QEBA_JAEBV012@@Z 00000001800209a8 f i libvcruntime:frame.obj
 0001:0001f9b4       ??Miterator@TryBlockMap4@FH4@@QEBA_NAEBV012@@Z 00000001800209b4 f i libvcruntime:frame.obj
 0001:0001f9c0       ??Miterator@TryBlockMap@__FrameHandler3@@QEBA_NAEBV012@@Z 00000001800209c0 f i libvcruntime:frame.obj
 0001:0001f9cc       ??Oiterator@UWMap4@FH4@@QEBA_NAEBV012@@Z 00000001800209cc f i libvcruntime:frame.obj
 0001:0001f9dc       ??Piterator@UWMap4@FH4@@QEBA_NAEBV012@@Z 00000001800209dc f i libvcruntime:frame.obj
 0001:0001f9ec       ??_Ebad_exception@std@@UEAAPEAXI@Z 00000001800209ec f i libvcruntime:frame.obj
 0001:0001f9ec       ??_Gbad_exception@std@@UEAAPEAXI@Z 00000001800209ec f i libvcruntime:frame.obj
 0001:0001fa40       ??_Gexception@std@@UEAAPEAXI@Z 0000000180020a40 f i libvcruntime:frame.obj
 0001:0001fa40       ??_Eexception@std@@UEAAPEAXI@Z 0000000180020a40 f i libvcruntime:frame.obj
 0001:0001fa94       ?BuildCatchObject@__FrameHandler3@@SAXPEAUEHExceptionRecord@@PEAXPEBU_s_HandlerType@@PEBU_s_CatchableType@@@Z 0000000180020a94 f   libvcruntime:frame.obj
 0001:0001fa9c       ?BuildCatchObject@__FrameHandler4@@SAXPEAUEHExceptionRecord@@PEAXPEAUHandlerType4@FH4@@PEBU_s_CatchableType@@@Z 0000000180020a9c f   libvcruntime:frame.obj
 0001:0001faa4       ?BuildCatchObjectHelper@__FrameHandler3@@SAHPEAUEHExceptionRecord@@PEAXPEBU_s_HandlerType@@PEBU_s_CatchableType@@@Z 0000000180020aa4 f   libvcruntime:frame.obj
 0001:0001faac       ?BuildCatchObjectHelper@__FrameHandler4@@SAHPEAUEHExceptionRecord@@PEAXPEAUHandlerType4@FH4@@PEBU_s_CatchableType@@@Z 0000000180020aac f   libvcruntime:frame.obj
 0001:0001fab4       ?CxxCallCatchBlock@__FrameHandler3@@SAPEAXPEAU_EXCEPTION_RECORD@@@Z 0000000180020ab4 f   libvcruntime:frame.obj
 0001:0001fd18       ?CxxCallCatchBlock@__FrameHandler4@@SAPEAXPEAU_EXCEPTION_RECORD@@@Z 0000000180020d18 f   libvcruntime:frame.obj
 0001:0001fffc       ?DecompHandler@HandlerMap4@FH4@@AEAAXXZ 0000000180020ffc f i libvcruntime:frame.obj
 0001:000202dc       ?FrameUnwindToState@__FrameHandler3@@SAXPEA_KPEAU_xDISPATCHER_CONTEXT@@PEBU_s_FuncInfo@@H@Z 00000001800212dc f   libvcruntime:frame.obj
 0001:000204c8       ?FrameUnwindToState@__FrameHandler4@@SAXPEA_KPEAU_xDISPATCHER_CONTEXT@@PEAUFuncInfo4@FH4@@H@Z 00000001800214c8 f   libvcruntime:frame.obj
 0001:00020880       ?GetHandlerSearchState@__FrameHandler3@@SAHPEA_KPEAU_xDISPATCHER_CONTEXT@@PEBU_s_FuncInfo@@@Z 0000000180021880 f i libvcruntime:frame.obj
 0001:0002093c       ?GetHandlerSearchState@__FrameHandler4@@SAHPEA_KPEAU_xDISPATCHER_CONTEXT@@PEAUFuncInfo4@FH4@@@Z 000000018002193c f i libvcruntime:frame.obj
 0001:000209b8       ?GetMaxState@__FrameHandler3@@SAHPEAU_xDISPATCHER_CONTEXT@@PEBU_s_FuncInfo@@@Z 00000001800219b8 f i libvcruntime:frame.obj
 0001:000209bc       ?GetMaxState@__FrameHandler4@@SAHPEAU_xDISPATCHER_CONTEXT@@PEAUFuncInfo4@FH4@@@Z 00000001800219bc f i libvcruntime:frame.obj
 0001:00020bd8       ?ReadEntry@UWMap4@FH4@@AEAAXPEAPEAE@Z 0000000180021bd8 f i libvcruntime:frame.obj
 0001:00020c9c       ?TypeMatch@__FrameHandler3@@SAHPEBU_s_HandlerType@@PEBU_s_CatchableType@@PEBU_s_ThrowInfo@@@Z 0000000180021c9c f   libvcruntime:frame.obj
 0001:00020ca4       ?TypeMatch@__FrameHandler4@@SAHPEAUHandlerType4@FH4@@PEBU_s_CatchableType@@PEBU_s_ThrowInfo@@@Z 0000000180021ca4 f   libvcruntime:frame.obj
 0001:00020cac       ?WalkBack@UWMap4@FH4@@AEAAXPEAPEAE@Z 0000000180021cac f i libvcruntime:frame.obj
 0001:00020cf0       ?WalkBack@iterator@UWMap4@FH4@@QEAAXXZ 0000000180021cf0 f i libvcruntime:frame.obj
 0001:00020d3c       ?WalkForward@UWMap4@FH4@@AEAAXPEAPEAE@Z 0000000180021d3c f i libvcruntime:frame.obj
 0001:00020d44       ?_CallMemberFunction1@@YAXQEAX00@Z 0000000180021d44 f i libvcruntime:frame.obj
 0001:00020d50       ?_CallMemberFunction2@@YAXQEAX00H@Z 0000000180021d50 f i libvcruntime:frame.obj
 0001:00020d80       ?begin@HandlerMap4@FH4@@QEAA?AViterator@12@XZ 0000000180021d80 f i libvcruntime:frame.obj
 0001:00020d90       ?begin@HandlerMap@__FrameHandler3@@QEAA?AViterator@12@XZ 0000000180021d90 f i libvcruntime:frame.obj
 0001:00020da0       ?begin@UWMap4@FH4@@QEAA?AViterator@12@XZ 0000000180021da0 f i libvcruntime:frame.obj
 0001:00020db4       ?end@HandlerMap4@FH4@@QEAA?AViterator@12@XZ 0000000180021db4 f i libvcruntime:frame.obj
 0001:00020dc4       ?end@HandlerMap@__FrameHandler3@@QEAA?AViterator@12@XZ 0000000180021dc4 f i libvcruntime:frame.obj
 0001:00020dd4       ?getESTypes@__FrameHandler3@@SAPEBU_s_ESTypeList@@PEBU_s_FuncInfo@@@Z 0000000180021dd4 f i libvcruntime:frame.obj
 0001:00020e08       ?getESTypes@__FrameHandler4@@SAPEBU_s_ESTypeList@@PEAUFuncInfo4@FH4@@@Z 0000000180021e08 f i libvcruntime:frame.obj
 0001:00020e0c       ?getLastEntry@HandlerMap4@FH4@@QEAAPEAUHandlerType4@2@XZ 0000000180021e0c f i libvcruntime:frame.obj
 0001:00020e70       ?getLastEntry@HandlerMap@__FrameHandler3@@QEAAPEBU_s_HandlerType@@XZ 0000000180021e70 f i libvcruntime:frame.obj
 0001:00020e88       ?getMagicNum@__FrameHandler3@@SAIPEBU_s_FuncInfo@@@Z 0000000180021e88 f i libvcruntime:frame.obj
 0001:00020e94       ?getMagicNum@__FrameHandler4@@SAIPEAUFuncInfo4@FH4@@@Z 0000000180021e94 f i libvcruntime:frame.obj
 0001:00020e9c       ?getNumTryBlocks@TryBlockMap4@FH4@@QEAAIXZ 0000000180021e9c f i libvcruntime:frame.obj
 0001:00020ea0       ?getNumTryBlocks@TryBlockMap@__FrameHandler3@@QEAAIXZ 0000000180021ea0 f i libvcruntime:frame.obj
 0001:00020ea8       ?getStartStop@UWMap4@FH4@@QEAAXHHAEAViterator@12@0@Z 0000000180021ea8 f i libvcruntime:frame.obj
 0001:00020fac       ?getStateFromIterators@UWMap4@FH4@@SAHAEBViterator@12@H0H0@Z 0000000180021fac f i libvcruntime:frame.obj
 0001:000210ac       ?isEHs@__FrameHandler3@@SA_NPEBU_s_FuncInfo@@@Z 00000001800220ac f i libvcruntime:frame.obj
 0001:000210b4       ?isEHs@__FrameHandler4@@SA_NPEAUFuncInfo4@FH4@@@Z 00000001800220b4 f i libvcruntime:frame.obj
 0001:000210c0       ?isNoExcept@__FrameHandler3@@SA_NPEBU_s_FuncInfo@@@Z 00000001800220c0 f i libvcruntime:frame.obj
 0001:000210cc       ?isNoExcept@__FrameHandler4@@SA_NPEAUFuncInfo4@FH4@@@Z 00000001800220cc f i libvcruntime:frame.obj
 0001:000210d8       ?reset@HandlerType4@FH4@@QEAAXXZ 00000001800220d8 f i libvcruntime:frame.obj
 0001:000210f4       ?resetBuffer@HandlerMap4@FH4@@QEAAXXZ 00000001800220f4 f i libvcruntime:frame.obj
 0001:00021104       ?setBuffer@HandlerMap4@FH4@@QEAAXI@Z 0000000180022104 f i libvcruntime:frame.obj
 0001:0002114c       ?what@exception@std@@UEBAPEBDXZ 000000018002214c f i libvcruntime:frame.obj
 0001:00021164       __BuildCatchObject         0000000180022164 f   libvcruntime:frame.obj
 0001:0002116c       __BuildCatchObjectHelper   000000018002216c f   libvcruntime:frame.obj
 0001:00021174       __TypeMatch                0000000180022174 f   libvcruntime:frame.obj
 0001:0002117c       __vcrt_EncodePointer       000000018002217c f i libvcruntime:frame.obj
 0001:000211a0       _CallSettingFrame          00000001800221a0 f   libvcruntime:handlers.obj
 0001:000211f0       _CallSettingFrame_LookupContinuationIndex 00000001800221f0 f   libvcruntime:handlers.obj
 0001:00021220       _CallSettingFrame_NotifyContinuationAddr 0000000180022220 f   libvcruntime:handlers.obj
 0001:00021250       _CallSettingFrameEncoded   0000000180022250 f   libvcruntime:handlers.obj
 0001:000212d8       ??$?RD@__crt_public_free_policy@@QEBAXQEBD@Z 00000001800222d8 f i libvcruntime:std_exception.obj
 0001:000212e4       ??0?$__crt_unique_heap_ptr@DU__crt_public_free_policy@@@@QEAA@QEAD@Z 00000001800222e4 f i libvcruntime:std_exception.obj
 0001:000212ec       ??1?$__crt_unique_heap_ptr@DU__crt_public_free_policy@@@@QEAA@XZ 00000001800222ec f i libvcruntime:std_exception.obj
 0001:00021310       ??B?$__crt_unique_heap_ptr@DU__crt_public_free_policy@@@@QEBA_NXZ 0000000180022310 f i libvcruntime:std_exception.obj
 0001:0002131c       ?detach@?$__crt_unique_heap_ptr@DU__crt_public_free_policy@@@@QEAAPEADXZ 000000018002231c f i libvcruntime:std_exception.obj
 0001:00021328       ?get@?$__crt_unique_heap_ptr@DU__crt_public_free_policy@@@@QEBAPEADXZ 0000000180022328 f i libvcruntime:std_exception.obj
 0001:0002132c       ?is_valid@?$__crt_unique_heap_ptr@DU__crt_public_free_policy@@@@QEBA_NXZ 000000018002232c f i libvcruntime:std_exception.obj
 0001:00021338       ?release@?$__crt_unique_heap_ptr@DU__crt_public_free_policy@@@@QEAAXXZ 0000000180022338 f i libvcruntime:std_exception.obj
 0001:0002135c       __std_exception_copy       000000018002235c f   libvcruntime:std_exception.obj
 0001:0002140c       __std_exception_destroy    000000018002240c f   libvcruntime:std_exception.obj
 0001:0002143c       _CxxThrowException         000000018002243c f   libvcruntime:throw.obj
 0001:00021504       _initterm                  0000000180022504 f   libucrt:initterm.obj
 0001:00021584       _initterm_e                0000000180022584 f   libucrt:initterm.obj
 0001:000215f4       _seh_filter_dll            00000001800225f4 f   libucrt:exception_filter.obj
 0001:0002160c       _seh_filter_exe            000000018002260c f   libucrt:exception_filter.obj
 0001:000217f0       ??$?B$$A6AXPEAXK0@Z@__crt_fast_encoded_nullptr_t@@QEBAP6AXPEAXK0@ZXZ 00000001800227f0 f i libucrt:exit.obj
 0001:00021874       ??$__crt_fast_decode_pointer@P6AXPEAXK0@Z@@YAP6AXPEAXK0@ZQ6AX0K0@Z@Z 0000000180022874 f i libucrt:exit.obj
 0001:00021890       ??$__crt_fast_encode_pointer@P6AXPEAXK0@Z@@YAP6AXPEAXK0@ZQ6AX0K0@Z@Z 0000000180022890 f i libucrt:exit.obj
 0001:000218b8       ??$__crt_get_proc_address@P6AXI@Z@@YAP6AXI@ZQEAUHINSTANCE__@@QEBD@Z 00000001800228b8 f i libucrt:exit.obj
 0001:000218c0       ??$__crt_interlocked_read@J@@YAJPEDJ@Z 00000001800228c0 f i libucrt:exit.obj
 0001:000218f0       ??0?$__crt_unique_handle_t@U__crt_hmodule_traits@@@@QEAA@QEAUHINSTANCE__@@@Z 00000001800228f0 f i libucrt:exit.obj
 0001:000218f8       ??1?$__crt_unique_handle_t@U__crt_hmodule_traits@@@@QEAA@XZ 00000001800228f8 f i libucrt:exit.obj
 0001:00021a28       ?__acrt_select_exit_lock@@YA?AW4__acrt_lock_id@@XZ 0000000180022a28 f i libucrt:exit.obj
 0001:00021a30       ?__crt_fast_encode_pointer@@YA?AU__crt_fast_encoded_nullptr_t@@$$T@Z 0000000180022a30 f i libucrt:exit.obj
 0001:00021a38       ?__crt_interlocked_read_32@@YAHPEDH@Z 0000000180022a38 f i libucrt:exit.obj
 0001:00021a3c       ?__crt_rotate_pointer_value@@YA_K_KH@Z 0000000180022a3c f i libucrt:exit.obj
 0001:00021a58       ?close@?$__crt_unique_handle_t@U__crt_hmodule_traits@@@@QEAAXXZ 0000000180022a58 f i libucrt:exit.obj
 0001:00021a84       ?close@__crt_hmodule_traits@@SA_NPEAUHINSTANCE__@@@Z 0000000180022a84 f i libucrt:exit.obj
 0001:00021be8       ?get@?$__crt_unique_handle_t@U__crt_hmodule_traits@@@@QEBAPEAUHINSTANCE__@@XZ 0000000180022be8 f i libucrt:exit.obj
 0001:00021bec       ?get_address_of@?$__crt_unique_handle_t@U__crt_hmodule_traits@@@@QEAAPEAPEAUHINSTANCE__@@XZ 0000000180022bec f i libucrt:exit.obj
 0001:00021bf0       ?get_invalid_value@__crt_hmodule_traits@@SAPEAUHINSTANCE__@@XZ 0000000180022bf0 f i libucrt:exit.obj
 0001:00021d0c       _Exit                      0000000180022d0c f   libucrt:exit.obj
 0001:00021d1c       __acrt_initialize_thread_local_exit_callback 0000000180022d1c f   libucrt:exit.obj
 0001:00021d28       _c_exit                    0000000180022d28 f   libucrt:exit.obj
 0001:00021d3c       _cexit                     0000000180022d3c f   libucrt:exit.obj
 0001:00021d4c       _exit                      0000000180022d4c f   libucrt:exit.obj
 0001:00021d5c       _is_c_termination_complete 0000000180022d5c f   libucrt:exit.obj
 0001:00021d64       _register_thread_local_exe_atexit_callback 0000000180022d64 f   libucrt:exit.obj
 0001:00021db0       exit                       0000000180022db0 f   libucrt:exit.obj
 0001:00021dbc       quick_exit                 0000000180022dbc f   libucrt:exit.obj
 0001:00021dcc       ??$?RE@__crt_internal_free_policy@@QEBAXQEBE@Z 0000000180022dcc f i libucrt:argv_parsing.obj
 0001:00021dd8       ??$?RPEAD@__crt_internal_free_policy@@QEBAXQEBQEAD@Z 0000000180022dd8 f i libucrt:argv_parsing.obj
 0001:00021de4       ??$?RPEA_W@__crt_internal_free_policy@@QEBAXQEBQEA_W@Z 0000000180022de4 f i libucrt:argv_parsing.obj
 0001:00022194       ??$get_module_file_name@$$TAEAY0BAF@DH@?$__crt_char_traits@D@@SAK$$QEA$$TAEAY0BAF@D$$QEAH@Z 0000000180023194 f i libucrt:argv_parsing.obj
 0001:000221a4       ??$get_module_file_name@$$TAEAY0BAF@_WH@?$__crt_char_traits@_W@@SAK$$QEA$$TAEAY0BAF@_W$$QEAH@Z 00000001800231a4 f i libucrt:argv_parsing.obj
 0001:000225ec       ??$set_program_name@PEAD@?$__crt_char_traits@D@@SAX$$QEAPEAD@Z 00000001800235ec f i libucrt:argv_parsing.obj
 0001:000225fc       ??$set_program_name@PEA_W@?$__crt_char_traits@_W@@SAX$$QEAPEA_W@Z 00000001800235fc f i libucrt:argv_parsing.obj
 0001:0002261c       ??0?$__crt_unique_heap_ptr@EU__crt_internal_free_policy@@@@QEAA@QEAE@Z 000000018002361c f i libucrt:argv_parsing.obj
 0001:00022624       ??0?$__crt_unique_heap_ptr@PEADU__crt_internal_free_policy@@@@QEAA@QEAPEAD@Z 0000000180023624 f i libucrt:argv_parsing.obj
 0001:0002262c       ??0?$__crt_unique_heap_ptr@PEA_WU__crt_internal_free_policy@@@@QEAA@QEAPEA_W@Z 000000018002362c f i libucrt:argv_parsing.obj
 0001:00022634       ??1?$__crt_unique_heap_ptr@EU__crt_internal_free_policy@@@@QEAA@XZ 0000000180023634 f i libucrt:argv_parsing.obj
 0001:00022658       ??1?$__crt_unique_heap_ptr@PEADU__crt_internal_free_policy@@@@QEAA@XZ 0000000180023658 f i libucrt:argv_parsing.obj
 0001:0002267c       ??1?$__crt_unique_heap_ptr@PEA_WU__crt_internal_free_policy@@@@QEAA@XZ 000000018002367c f i libucrt:argv_parsing.obj
 0001:000226a0       ??B?$__crt_unique_heap_ptr@EU__crt_internal_free_policy@@@@QEBA_NXZ 00000001800236a0 f i libucrt:argv_parsing.obj
 0001:000226f4       ?detach@?$__crt_unique_heap_ptr@EU__crt_internal_free_policy@@@@QEAAPEAEXZ 00000001800236f4 f i libucrt:argv_parsing.obj
 0001:00022700       ?detach@?$__crt_unique_heap_ptr@PEADU__crt_internal_free_policy@@@@QEAAPEAPEADXZ 0000000180023700 f i libucrt:argv_parsing.obj
[...]
 0002:00014b24       $unwind$??$common_xtox_s@_KD@@YAH_KQEAD0I_N@Z 0000000180086b24     libucrt:xtoa.obj
 0002:00014b2c       $unwind$??$common_xtox@_KD@@YAH_KQEAD0I_N@Z 0000000180086b2c     libucrt:xtoa.obj
 0002:00014b48       $unwind$??$common_xtox_s@K_W@@YAHKQEA_W_KI_N@Z 0000000180086b48     libucrt:xtoa.obj
 0002:00014b50       $unwind$??$common_xtox@K_W@@YAHKQEA_W_KI_N@Z 0000000180086b50     libucrt:xtoa.obj
 0002:00014b6c       $unwind$??$common_xtox_s@_K_W@@YAH_KQEA_W0I_N@Z 0000000180086b6c     libucrt:xtoa.obj
 0002:00014b74       $unwind$??$common_xtox@_K_W@@YAH_KQEA_W0I_N@Z 0000000180086b74     libucrt:xtoa.obj
 0002:00014b90       $unwind$_wcsicmp           0000000180086b90     libucrt:wcsicmp.obj
 0002:00014b98       $unwind$_wcsicmp_l         0000000180086b98     libucrt:wcsicmp.obj
 0002:00014bb4       $unwind$_towlower_l        0000000180086bb4     libucrt:towlower.obj
 0002:00014bbc       $unwind$_set_error_mode    0000000180086bbc     libucrt:set_error_mode.obj
 0002:00014bc4       $unwind$__acrt_show_narrow_message_box 0000000180086bc4     libucrt:crtmbox.obj
 0002:00014bdc       $unwind$__acrt_show_wide_message_box 0000000180086bdc     libucrt:crtmbox.obj
 0002:00014bf4       $unwind$??$common_show_message_box@D@@YAHQEBD0I@Z 0000000180086bf4     libucrt:crtmbox.obj
 0002:00014c0c       $unwind$??$common_show_message_box@_W@@YAHQEB_W0I@Z 0000000180086c0c     libucrt:crtmbox.obj
 0002:00014c24       $unwind$__dcrt_lowio_ensure_console_output_initialized 0000000180086c24     libucrt:initcon.obj
 0002:00014c2c       $unwind$__dcrt_write_console 0000000180086c2c     libucrt:initcon.obj
 0002:00014c44       $unwind$?__dcrt_lowio_initialize_console_output@@YAXXZ 0000000180086c44     libucrt:initcon.obj
 0002:00014c4c       $unwind$__dcrt_terminate_console_output 0000000180086c4c     libucrt:initcon.obj
 0002:00014c54       $unwind$??R<lambda_61c1b8a38cedca4df5fdc542e6ccae6d>@@QEBAHXZ 0000000180086c54     libucrt:initcon.obj
 0002:00014c5c       $unwind$??$console_output_reopen_and_retry@V<lambda_61c1b8a38cedca4df5fdc542e6ccae6d>@@@@YAHAEBV<lambda_61c1b8a38cedca4df5fdc542e6ccae6d>@@@Z 0000000180086c5c     libucrt:initcon.obj
 0002:00014c6c       $unwind$_close             0000000180086c6c     libucrt:close.obj
 0002:00014c74       $unwind$_close_nolock      0000000180086c74     libucrt:close.obj
 0002:00014c84       $unwind$?close_os_handle_nolock@@YAKH@Z 0000000180086c84     libucrt:close.obj
 0002:00014c94       $unwind$??R<lambda_628dfdc04ba53c8bfc02c9951375f3f5>@@QEBAHXZ 0000000180086c94     libucrt:close.obj
 0002:00014c9c       $unwind$??$__acrt_lowio_lock_fh_and_call@V<lambda_628dfdc04ba53c8bfc02c9951375f3f5>@@@@YAHH$$QEAV<lambda_628dfdc04ba53c8bfc02c9951375f3f5>@@@Z 0000000180086c9c     libucrt:close.obj
 0002:00014ca4       $unwind$??$?RV<lambda_751a882b2c74d4b022dec766aa51a29a>@@AEAV<lambda_628dfdc04ba53c8bfc02c9951375f3f5>@@V<lambda_f6c7be5f7998530c34de24c7437d6b54>@@@?$__crt_seh_guarded_call@H@@QEAAH$$QEAV<lambda_751a882b2c74d4b022dec766aa51a29a>@@AEAV<lambda_628dfdc04ba53c8bfc02c9951375f3f5>@@$$QEAV<lambda_f6c7be5f7998530c34de24c7437d6b54>@@@Z 0000000180086ca4     libucrt:close.obj
 0002:00014ccc       $unwind$?fin$0@?0???$?RV<lambda_751a882b2c74d4b022dec766aa51a29a>@@AEAV<lambda_628dfdc04ba53c8bfc02c9951375f3f5>@@V<lambda_f6c7be5f7998530c34de24c7437d6b54>@@@?$__crt_seh_guarded_call@H@@QEAAH$$QEAV<lambda_751a882b2c74d4b022dec766aa51a29a>@@AEAV<lambda_628dfdc04ba53c8bfc02c9951375f3f5>@@$$QEAV<lambda_f6c7be5f7998530c34de24c7437d6b54>@@@Z@4HA 0000000180086ccc     libucrt:close.obj
 0002:00014cd4       $unwind$?__acrt_stdio_allocate_stream@@YA?AV__crt_stdio_stream@@XZ 0000000180086cd4     libucrt:stream.obj
 0002:00014cf8       $unwind$?fin$0@?0??__acrt_stdio_allocate_stream@@YA?AV__crt_stdio_stream@@XZ@4HA 0000000180086cf8     libucrt:stream.obj
 0002:00014d00       $unwind$?find_or_allocate_unused_stream_nolock@@YA?AV__crt_stdio_stream@@XZ 0000000180086d00     libucrt:stream.obj
 0002:00014d18       $unwind$??1?$__crt_unique_heap_ptr@U__crt_stdio_stream_data@@U__crt_internal_free_policy@@@@QEAA@XZ 0000000180086d18     libucrt:stream.obj
 0002:00014d20       $unwind$?release@?$__crt_unique_heap_ptr@U__crt_stdio_stream_data@@U__crt_internal_free_policy@@@@QEAAXXZ 0000000180086d20     libucrt:stream.obj
 0002:00014d28       $unwind$_clearfp           0000000180086d28     libucrt:ieee.obj
 0002:00014d30       $unwind$_set_controlfp     0000000180086d30     libucrt:ieee.obj
 0002:00014d38       $unwind$common_control87   0000000180086d38     libucrt:ieee.obj
 0002:00014d68       $unwind$common_control87$filt$0 0000000180086d68     libucrt:ieee.obj
 0002:00014d70       $unwind$_call_matherr      0000000180086d70     libucrt:libm_error.obj
 0002:00014d78       $unwind$_exception_enabled 0000000180086d78     libucrt:libm_error.obj
 0002:00014d8c       $unwind$_handle_errorf     0000000180086d8c     libucrt:libm_error.obj
 0002:00014db0       $unwind$_handle_error      0000000180086db0     libucrt:libm_error.obj
 0002:00014dd4       $unwind$__acrt_initialize_fma3 0000000180086dd4     libucrt:fma3_available.obj
 0002:00014ddc       $unwind$_logf_special_common 0000000180086ddc     libucrt:log_special.obj
 0002:00014dec       $unwind$_logf_special      0000000180086dec     libucrt:log_special.obj
 0002:00014df4       $unwind$_log10f_special    0000000180086df4     libucrt:log_special.obj
 0002:00014dfc       $unwind$_log_special_common 0000000180086dfc     libucrt:log_special.obj
 0002:00014e0c       $unwind$_log_special       0000000180086e0c     libucrt:log_special.obj
 0002:00014e14       $unwind$_log10_special     0000000180086e14     libucrt:log_special.obj
 0002:00014e1c       $unwind$__acrt_LCMapStringW 0000000180086e1c     libucrt:lcmapstringw.obj
 0002:00014e34       $unwind$__acrt_OutputDebugStringA 0000000180086e34     libucrt:outputdebugstringa.obj
 0002:00014e50       $xdatasym                  0000000180086e50     libucrt:fpsr.obj
 0002:00014e58       $unwind$_except1           0000000180086e58     libucrt:fpexcept.obj
 0002:00014e7c       $unwind$_except2           0000000180086e7c     libucrt:fpexcept.obj
 0002:00014ea4       $unwind$_set_errno_from_matherr 0000000180086ea4     libucrt:fpexcept.obj
 0002:00014eac       $unwind$_handle_exc        0000000180086eac     libucrt:fpexcept.obj
 0002:00014ecc       $unwind$_raise_excf        0000000180086ecc     libucrt:fpexcept.obj
 0002:00014ed4       $unwind$_raise_exc         0000000180086ed4     libucrt:fpexcept.obj
 0002:00014edc       $unwind$_umatherr          0000000180086edc     libucrt:fpexcept.obj
 0002:00014ee4       $unwind$_raise_exc_ex      0000000180086ee4     libucrt:fpexcept.obj
 0002:00014efc       $unwind$_clrfp             0000000180086efc     libucrt:fpctrl.obj
 0002:00014f04       $unwind$_ctrlfp            0000000180086f04     libucrt:fpctrl.obj
 0002:00014f30       $unwind$_ctrlfp$filt$0     0000000180086f30     libucrt:fpctrl.obj
 0002:00014f38       $unwind$_statfp            0000000180086f38     libucrt:fpctrl.obj
 0002:00014f40       $unwind$_set_statfp        0000000180086f40     libucrt:fpctrl.obj
 0002:00014f48       $unwind$mbstowcs_s         0000000180086f48     libucrt:mbstowcs.obj
 0002:00014f50       $unwind$_mbstowcs_s_l      0000000180086f50     libucrt:mbstowcs.obj
 0002:00014f6c       $unwind$?_mbstowcs_l_helper@@YA_KPEA_WPEBD_KPEAU__crt_locale_pointers@@@Z 0000000180086f6c     libucrt:mbstowcs.obj
 0002:00014f88       $unwind$_IsNonwritableInCurrentImage 0000000180086f88     libcmt:pesect.obj
 0002:00014fb0       $unwind$_IsNonwritableInCurrentImage$filt$0 0000000180086fb0     libcmt:pesect.obj
 0002:00014fb8       $unwind$??_Gtype_info@@UEAAPEAXI@Z 0000000180086fb8     libcmt:std_type_info_static.obj
 0002:00014fc0       $unwind$__GSHandlerCheckCommon 0000000180086fc0     libcmt:gshandler.obj
 0002:00014fc8       $unwind$__GSHandlerCheck   0000000180086fc8     libcmt:gshandler.obj
 0002:00014fd0       $xdatasym                  0000000180086fd0     libcmt:amdsecgs.obj
 0002:00014fd4       $unwind$__GSHandlerCheck_SEH 0000000180086fd4     libcmt:gshandlerseh.obj
 0002:00014ff0       $unwind$__report_securityfailure 0000000180086ff0     libcmt:gs_report.obj
 0002:00014ff8       $unwind$__report_securityfailureEx 0000000180086ff8     libcmt:gs_report.obj
 0002:00015000       $unwind$__report_rangecheckfailure 0000000180087000     libcmt:gs_report.obj
 0002:00015008       $unwind$__report_gsfailure 0000000180087008     libcmt:gs_report.obj
 0002:00015010       $unwind$capture_current_context 0000000180087010     libcmt:gs_report.obj
 0002:00015020       $unwind$capture_previous_context 0000000180087020     libcmt:gs_report.obj
 0002:00015030       $unwind$__raise_securityfailure 0000000180087030     libcmt:gs_report.obj
 0002:00015038       $unwind$strrchr            0000000180087038     libvcruntime:strrchr.obj
 0002:00015040       $unwind$_local_unwind      0000000180087040     libvcruntime:jmpuwind.obj
 0002:00015048       $xdatasym                  0000000180087048     libvcruntime:memcmp.obj
 0002:00015800       .edata                     0000000180087800     Vipoc.exp
 0002:00015828       rgpv                       0000000180087828     Vipoc.exp
 0002:00015874       rgszName                   0000000180087874     Vipoc.exp
 0002:000158c0       rgwOrd                     00000001800878c0     Vipoc.exp
 0002:000158e6       szName                     00000001800878e6     Vipoc.exp
 0002:000158f0       $N00001                    00000001800878f0     Vipoc.exp
 0002:000158f6       $N00002                    00000001800878f6     Vipoc.exp
 0002:00015905       $N00003                    0000000180087905     Vipoc.exp
 0002:00015912       $N00004                    0000000180087912     Vipoc.exp
 0002:00015920       $N00005                    0000000180087920     Vipoc.exp
 0002:0001592c       $N00006                    000000018008792c     Vipoc.exp
 0002:0001594b       $N00007                    000000018008794b     Vipoc.exp
 0002:00015966       $N00008                    0000000180087966     Vipoc.exp
 0002:00015980       $N00009                    0000000180087980     Vipoc.exp
 0002:00015991       $N00010                    0000000180087991     Vipoc.exp
 0002:000159a4       $N00011                    00000001800879a4     Vipoc.exp
 0002:000159ac       $N00012                    00000001800879ac     Vipoc.exp
 0002:000159ba       $N00013                    00000001800879ba     Vipoc.exp
 0002:000159c7       $N00014                    00000001800879c7     Vipoc.exp
 0002:000159d7       $N00015                    00000001800879d7     Vipoc.exp
 0002:000159de       $N00016                    00000001800879de     Vipoc.exp
 0002:000159e9       $N00017                    00000001800879e9     Vipoc.exp
 0002:000159fc       $N00018                    00000001800879fc     Vipoc.exp
 0002:00015a08       $N00019                    0000000180087a08     Vipoc.exp
 0003:00000040       ?prefix@?1??getDimension@UnDecorator@@CA?AVDName@@_N@Z@4UStringLiteral@@A 0000000180088040     libvcruntime:undname.obj
 0003:00000054       ?__vcrt_flsindex@@3KA      0000000180088054     libvcruntime:per_thread_data.obj
 0003:00000070       ?__acrt_flsindex@@3KA      0000000180088070     libucrt:per_thread_data.obj
 0003:00000074       ?errno_no_memory@@3HA      0000000180088074     libucrt:errno.obj
 0003:00000078       ?doserrno_no_memory@@3KA   0000000180088078     libucrt:errno.obj
 0003:00000320       _mbctypes                  0000000180088320     libucrt:mbctype.obj
 0003:00000460       _mbcasemaps                0000000180088460     libucrt:mbctype.obj
 0003:00000594       ?__rgctypeflag@@3PADA      0000000180088594     libucrt:mbctype.obj
 0003:000005a0       ?__rgcode_page_info@@3PAUcode_page_info@@A 00000001800885a0     libucrt:mbctype.obj
 0003:00000a20       _ctype_loc_style           0000000180088a20     libucrt:wsetlocale.obj
 0003:00000c60       ?__dcrt_lowio_console_output_handle@@3PEAXEA 0000000180088c60     libucrt:initcon.obj
 0003:00000c69       ?dazSupported@?1??common_control87@@9@9 0000000180088c69     libucrt:ieee.obj
 0003:00000c70       ?dazSupported@?1??_ctrlfp@@9@9 0000000180088c70     libucrt:fpctrl.obj
 0003:00001170       initialized                0000000180089170     application-65e0e2.o
 0003:00001178       memory_arena               0000000180089178     application-65e0e2.o
 0003:00001180       app                        0000000180089180     application-65e0e2.o
 0003:000011b0       input_list                 00000001800891b0     input-33f676.o
 0003:000015b0       mouse                      00000001800895b0     input-33f676.o
 0003:000016a8       memory_arena               00000001800896a8     vp_memory-ebb972.o
 0003:000016c0       temp_memory                00000001800896c0     vp_memory-ebb972.o
 0003:000016d8       asset_memory               00000001800896d8     vp_memory-ebb972.o
 0003:00001700       Win32State                 0000000180089700     win32_platform-f07707.o
 0003:00001708       raw_input_memory           0000000180089708     win32_platform-f07707.o
 0003:00001900       renderer_state             0000000180089900     renderer-9924a6.o
 0003:00001930       to_render                  0000000180089930     renderer-9924a6.o
 0003:0000a930       last_tex_index             0000000180092930     renderer-9924a6.o
 0003:0000c60c       ?__proc_attached@@3HA      000000018009460c     libcmt:dll_dllmain.obj
 0003:0000c658       ?is_initialized_as_dll@@3_NA 0000000180094658     libcmt:utility.obj
 0003:0000c659       ?module_local_atexit_table_initialized@@3_NA 0000000180094659     libcmt:utility.obj
 0003:0000c660       ?module_local_atexit_table@@3U_onexit_table_t@@A 0000000180094660     libcmt:utility.obj
 0003:0000c678       ?module_local_at_quick_exit_table@@3U_onexit_table_t@@A 0000000180094678     libcmt:utility.obj
 0003:0000c6f8       ?heap@@3V_HeapManager@@A   00000001800946f8     libvcruntime:undname.obj
 0003:0000c740       ?__vcrt_startup_thread_ptd@@3U__vcrt_ptd@@A 0000000180094740     libvcruntime:per_thread_data.obj
 0003:0000c7e0       __vcrt_lock_table          00000001800947e0     libvcruntime:locks.obj
 0003:0000c808       __vcrt_locks_initialized   0000000180094808     libvcruntime:locks.obj
 0003:0000c818       ?module_handles@@3PAPEAUHINSTANCE__@@A 0000000180094818     libvcruntime:winapi_downlevel.obj
 0003:0000c830       ?function_pointers@@3PAPEAXA 0000000180094830     libvcruntime:winapi_downlevel.obj
 0003:0000c874       ?c_termination_complete@@3JA 0000000180094874     libucrt:exit.obj
 0003:0000c878       ?thread_local_exit_callback_func@@3P6AXPEAXK0@ZEA 0000000180094878     libucrt:exit.obj
 0003:0000c890       ?program_name@?1???$common_configure_argv@D@@YAHW4_crt_argv_mode@@@Z@4PADA 0000000180094890     libucrt:argv_parsing.obj
 0003:0000c9d0       ?program_name@?1???$common_configure_argv@_W@@YAHW4_crt_argv_mode@@@Z@4PA_WA 00000001800949d0     libucrt:argv_parsing.obj
 0003:0000ccc0       ?__acrt_lock_table@@3PAU_RTL_CRITICAL_SECTION@@A 0000000180094cc0     libucrt:locks.obj
 0003:0000cef0       ?__acrt_locks_initialized@@3IA 0000000180094ef0     libucrt:locks.obj
 0003:0000cf64       ?state_cache@?1???$get_cached_win_policy@Ubegin_thread_init_policy_properties@?1??__acrt_get_begin_thread_init_policy@@YA?AW4begin_thread_init_policy@@XZ@@@YA?AW4begin_thread_init_policy@@W4AppPolicyThreadInitializationType@@@Z@4JA 0000000180094f64     libucrt:win_policies.obj
 0003:0000cf68       ?state_cache@?1???$get_cached_win_policy@Udeveloper_information_policy_properties@?1??__acrt_get_developer_information_policy@@YA?AW4developer_information_policy@@XZ@@@YA?AW4developer_information_policy@@W4AppPolicyShowDeveloperDiagnostic@@@Z@4JA 0000000180094f68     libucrt:win_policies.obj
 0003:0000cf6c       ?state_cache@?1???$get_cached_win_policy@Uwindowing_model_policy_properties@?1??__acrt_get_windowing_model_policy@@YA?AW4windowing_model_policy@@XZ@@@YA?AW4windowing_model_policy@@W4AppPolicyWindowingModel@@@Z@4JA 0000000180094f6c     libucrt:win_policies.obj
 0003:0000cf70       ?__acrt_invalid_parameter_handler@@3V?$dual_state_global@P6AXPEB_W00I_K@Z@__crt_state_management@@A 0000000180094f70     libucrt:invalid_parameter.obj
 0003:0000cf98       ?fSystemSet@@3HA           0000000180094f98     libucrt:mbctype.obj
 0003:0000cfa1       ?initialized@?1??__acrt_initialize_multibyte@@9@4_NA 0000000180094fa1     libucrt:mbctype.obj
 0003:0000d010       ?module_handles@@3PAPEAUHINSTANCE__@@A 0000000180095010     libucrt:winapi_thunks.obj
 0003:0000d0b0       ?encoded_function_pointers@@3PAPEAXA 00000001800950b0     libucrt:winapi_thunks.obj
 0003:0000d218       ?static_enum_proc@?1??enum_system_locales_ex_nolock@@YAHQ6AHPEA_WK_J@Z@Z@4P6AH0K1@ZEA 0000000180095218     libucrt:winapi_thunks.obj
 0003:0000d710       ?__acrt_new_handler@@3V?$dual_state_global@P6AH_K@Z@__crt_state_management@@A 0000000180095710     libucrt:new_handler.obj
 0003:0000d719       ?console_ctrl_handler_installed@@3_NA 0000000180095719     libucrt:signal.obj
 0003:0000d720       ?ctrlc_action@@3V?$dual_state_global@P6AXH@Z@__crt_state_management@@A 0000000180095720     libucrt:signal.obj
 0003:0000d728       ?ctrlbreak_action@@3V?$dual_state_global@P6AXH@Z@__crt_state_management@@A 0000000180095728     libucrt:signal.obj
 0003:0000d730       ?abort_action@@3V?$dual_state_global@P6AXH@Z@__crt_state_management@@A 0000000180095730     libucrt:signal.obj
 0003:0000d738       ?term_action@@3V?$dual_state_global@P6AXH@Z@__crt_state_management@@A 0000000180095738     libucrt:signal.obj
 0003:0000d748       ?user_matherr@@3V?$dual_state_global@P6AHPEAU_exception@@@Z@__crt_state_management@@A 0000000180095748     libucrt:matherr.obj
 0003:0000d7a0       ?internal_state@?1??_mbtowc_l@@9@4U_Mbstatet@@A 00000001800957a0     libucrt:mbtowc.obj
 0003:0000d7b0       ?enable_percent_n@@3_KA    00000001800957b0     libucrt:printf_count_output.obj
 0003:0000d7c0       ?__acrt_global_new_mode@@3V?$dual_state_global@J@__crt_state_management@@A 00000001800957c0     libucrt:new_mode.obj
 0003:0000d7d0       ?mbst@?1??mbrlen@@9@4U_Mbstatet@@A 00000001800957d0     libucrt:mbrtowc.obj
 0003:0000d7e0       ?mbst@?1??mbrtowc@@9@4U_Mbstatet@@A 00000001800957e0     libucrt:mbrtowc.obj
 0003:0000d7f0       ?mbst@?1??_mbsrtowcs_helper@@YA_KPEA_WPEAPEBD_KPEAU_Mbstatet@@@Z@4U2@A 00000001800957f0     libucrt:mbrtowc.obj
 0003:0000d7fc       ?__acrt_app_type@@3W4_crt_app_type@@A 00000001800957fc     libucrt:report_runtime_error.obj
 0003:0000d800       ?outmsg@?9??__acrt_report_runtime_error@@9@4PA_WA 0000000180095800     libucrt:report_runtime_error.obj
 0003:0000df68       ?internal_pst@?1??__mbrtoc32_utf8@__crt_mbstring@@YA_KPEA_UPEBD_KPEAU_Mbstatet@@@Z@4U3@A 0000000180095f68     libucrt:mbrtoc32.obj
 0003:0000df74       __acrt_error_mode          0000000180095f74     libucrt:set_error_mode.obj
 0003:0000df80       GS_ExceptionRecord         0000000180095f80     libcmt:gs_report.obj
 0003:0000e020       GS_ContextRecord           0000000180096020     libcmt:gs_report.obj
 0005:00000e4e       .idata$6                   000000018009de4e     user32:USER32.dll
 0005:00000ea4       .idata$6                   000000018009dea4     Gdi32:GDI32.dll
 0005:00001008       .idata$6                   000000018009e008     OpenGL32:OPENGL32.dll
 0005:00001274       .idata$6                   000000018009e274     kernel32:KERNEL32.dll
 0007:00000000       MsetTab                    00000001800a0000     libvcruntime:memset.obj
 0007:00000060       MoveSmall                  00000001800a0060     libvcruntime:memcpy.obj
 0007:000000a0       MoveSmallYmm               00000001800a00a0     libvcruntime:memcpy.obj
 0007:000000c4       MoveSmallYmmNT             00000001800a00c4     libvcruntime:memcpy.obj
 0007:000000e8       MoveSmallXmm               00000001800a00e8     libvcruntime:memcpy.obj
